--------- beginning of main
01-28 13:01:18.540  2415  5153 D SemWifiUsabilityStatsMonitor: onWifiUsabilityStats - seqNum 5462, isSameBssidAndFreq true
01-28 13:01:18.548  1557 31817 I sensors-hal: handle_sns_client_event:527, [1356] mag_sample_cal: ts=143540073227277 ns; cal = [31.208221, -9.928497, 2.444160], uncal = [-404.705811, -356.893799, -121.577812], bias = [-435.914032, -346.965302, -124.021973], status=3
--------- beginning of system
01-28 13:01:18.683  1157  1157 D io_stats: !@   8,0 r 10602922 214265041 w 2894679 45435000 d 813820 38455296 f 0 286687 iot 4683060 0 th 0 0 0 pt 0 inp 0 0 40945.101
01-28 13:01:18.709  1557 31819 I sensors-hal: handle_sns_std_sensor_event:138, [688] Pressure 886.190, cal 0.000, sw_offset 0.450
01-28 13:01:18.763  3200  3333 D SatelliteController: isInCarrierRoamingNbIotNtn: satellite is disabled
01-28 13:01:18.769  3278  3278 I EPDG -- SIM0 [SMARTCELLULAR]: onSignalStrengthsChanged: SignalStrength:{mCdma=Invalid,mGsm=Invalid,mWcdma=Invalid,mTdscdma=Invalid,mLte=CellSignalStrengthLte: rssi=-65 rsrp=-101 rsrq=-14 rssnr=8 cqiTableIndex=2147483647 cqi=2147483647 ta=2147483647 level=3 parametersUseForLevel=0,mNr=Invalid,SignalBarInfo{ lteLevel=2 },rat=14,primary=CellSignalStrengthLte}
01-28 13:01:18.770  3278  3689 I EPDG -- SIM0 [SMARTCELLULAR]: lastLteRSRP is -102 currentLteRSRP is -101 lastLteRSRQ is -14 currentLteRSRQ is -14 lastLteSNR is 7 currentLteSNR is 8
01-28 13:01:19.004  1660  1693 E HeatmapThread: ECT Thread time in milliseconds: 1769594479
01-28 13:01:19.004  1660  1693 D HeatmapThread: !@ batteryplugType : 0
01-28 13:01:19.004  1660  1693 D HeatmapThread: !@ batteryLevel : 0  batteryTemperature : 0 
01-28 13:01:19.004  1660  1693 D HeatmapThread: !@ Heatmap currtime: 29493241
01-28 13:01:19.004  1660  1693 D HeatmapThread: !@ Heatmap prevtime: 29493227
01-28 13:01:19.004  1660  1693 D HeatmapThread: !@ Heatmap plugstarttime: 35791394
01-28 13:01:19.004  1660  1693 D HeatmapThread: !@ Heatmap prevv_dsoh_update_time: 29490849
01-28 13:01:19.005  1660  1693 E HeatmapThread: !@Could not open '/efs/FactoryApp/bsoh', errno = 13
01-28 13:01:19.005  1660  1693 E HeatmapThread: !@ CAM Could not access BSOH EFS
01-28 13:01:19.005  1660  1693 E HeatmapThread: !@ CAM New BSOH: 0
01-28 13:01:19.293 32400 32497 E msgr.msys: E[N mns]_OnDiskCacheGetData(632)=>Start post callback cache refresh DNS resolution
01-28 13:01:19.299  2415  3160 D NetdEventListenerService: DNS Requested by 131, 10350(com.facebook.orca), 4(FAIL), isBlocked=true, 0ms
01-28 13:01:19.305 32400 32497 E msgr.msys: E[N mns]_LogError(228)=>Failed to resolve using system DNS resolver, getaddrinfo(): No address associated with hostname
01-28 13:01:19.306 32400 32497 E msgr.msys: E[N mns]_OnDiskCacheGetData(632)=>Start post callback cache refresh DNS resolution
01-28 13:01:19.309 32400 32497 E msgr.msys: E[N mns]_LogError(228)=>Failed to resolve using system DNS resolver, getaddrinfo(): No address associated with hostname
01-28 13:01:19.309  2415  3160 D NetdEventListenerService: DNS Requested by 131, 10350(com.facebook.orca), 4(FAIL), isBlocked=true, 0ms
01-28 13:01:19.339 18510  1115 I NearbyDiscovery: FastPair: isDestroyable: Scanner is alive. [CONTEXT service_id=265 ]
01-28 13:01:19.339 18510  1115 I NearbyDiscovery: DiscoveryService: Skip stopSelf(), fast pair controller is not destroyable. [CONTEXT service_id=265 ]
01-28 13:01:19.393 32400 32497 E msgr.msys: E[N mns]_OnDiskCacheGetData(632)=>Start post callback cache refresh DNS resolution
01-28 13:01:19.393 32400 32497 E msgr.msys: E[N mns]_OnDiskCacheGetData(632)=>Start post callback cache refresh DNS resolution
01-28 13:01:19.400  2415  3160 D NetdEventListenerService: DNS Requested by 131, 10350(com.facebook.orca), 4(FAIL), isBlocked=true, 0ms
01-28 13:01:19.403  2415  3160 D NetdEventListenerService: DNS Requested by 131, 10350(com.facebook.orca), 4(FAIL), isBlocked=true, 0ms
01-28 13:01:19.409 32400 32497 E msgr.msys: E[N mns]_LogError(228)=>Failed to resolve using system DNS resolver, getaddrinfo(): No address associated with hostname
01-28 13:01:19.410 32400 32497 E msgr.msys: E[N mns]_LogError(228)=>Failed to resolve using system DNS resolver, getaddrinfo(): No address associated with hostname
01-28 13:01:19.587 18510 31879 I NearbyMediums: No BLE Fast/GATT advertisements found in the latest cycle.
01-28 13:01:19.588 18510 31879 I NearbyMediums: Current Tracked Scanning Clients are : {NearbyConnections.EnvironmentMonitor, NearbySharing, NearbyConnections.TxAdvertisement}
01-28 13:01:19.673  1557 30599 I sensors-hal: handle_sns_std_sensor_event:311, [SSC_LIGHT] P: 10(10),m:7,c:72,b:71,c0:1040,l:10,f(r):76,u(bl):100,j:8
01-28 13:01:20.004  1660  1693 E HeatmapThread: ECT Thread time in milliseconds: 1769594480
01-28 13:01:20.004  1660  1693 D HeatmapThread: !@ batteryplugType : 0
01-28 13:01:20.004  1660  1693 D HeatmapThread: !@ batteryLevel : 0  batteryTemperature : 0 
01-28 13:01:20.004  1660  1693 D HeatmapThread: !@ Heatmap currtime: 29493241
01-28 13:01:20.004  1660  1693 D HeatmapThread: !@ Heatmap prevtime: 29493227
01-28 13:01:20.004  1660  1693 D HeatmapThread: !@ Heatmap plugstarttime: 35791394
01-28 13:01:20.004  1660  1693 D HeatmapThread: !@ Heatmap prevv_dsoh_update_time: 29490849
01-28 13:01:20.005  1660  1693 E HeatmapThread: !@Could not open '/efs/FactoryApp/bsoh', errno = 13
01-28 13:01:20.005  1660  1693 E HeatmapThread: !@ CAM Could not access BSOH EFS
01-28 13:01:20.005  1660  1693 E HeatmapThread: !@ CAM New BSOH: 0
01-28 13:01:20.102  2415  3134 I SemWifiEleStateTracker: Ele Parameters BD : 13 13 13 13 13 13 MD : -102 -102 -102 -102 -102 -102 WD : -42 -42 -43 -42 -45 -41 GC : false false false false false false SC : false false false false false false SH : false false false false false false TB : false false false false false false
01-28 13:01:20.102  2415  3134 D SemWifiEleStateTracker: Pressure Diff: 0.0041503906
01-28 13:01:20.102  2415  3134 D SemWifiEleStateTracker: Barometer value: Prev 886.1901 Current 886.1943 mSmallBaroDetected : false
01-28 13:01:20.192  1543  4350 I vendor.qti.bluetooth@1.0-ibs_handler: ProcessIbsCmd: Received IBS_WAKE_IND: 0xFD
01-28 13:01:20.193  1543  4350 D vendor.qti.bluetooth@1.0-ibs_handler: SerialClockVote: vote for UART CLK ON
01-28 13:01:20.194  1543  4350 D vendor.qti.bluetooth@1.0-wake_lock: Acquire wakelock is acquired 
01-28 13:01:20.194  1543  4350 I vendor.qti.bluetooth@1.0-ibs_handler: ProcessIbsCmd: Writing IBS_WAKE_ACK
01-28 13:01:20.207  3648  4367 I ScanController: onScanResult to scannerId: 7- eventType=0x1b, addressType=1, address=XX:XX:XX:XX:B9:14, primaryPhy=1, secondaryPhy=0, advertisingSid=0xff, txPower=127, rssi=-89, periodicAdvInt=0x0
01-28 13:01:20.213 18510  1115 I NearbyDiscovery: (REDACTED) BloomFilterAdvManager: Detected bloom filter but too far away, ignoring. %sm, %s
01-28 13:01:20.247  1543  4350 I vendor.qti.bluetooth@1.0-ibs_handler: ProcessIbsCmd: Received IBS_SLEEP_IND: 0xFE
01-28 13:01:20.247  1543  4350 D vendor.qti.bluetooth@1.0-ibs_handler: SerialClockVote: vote for UART CLK OFF
01-28 13:01:20.398  1543  4072 D vendor.qti.bluetooth@1.0-wake_lock: Release wakelock is released 
01-28 13:01:20.518  1557 31773 I sensors-hal: handle_sns_client_event:550, [0][7811] accel_sample [ 0.312, -0.257,  9.775] 143541952161236
01-28 13:01:20.549  1557 31817 I sensors-hal: handle_sns_client_event:527, [1376] mag_sample_cal: ts=143542073227277 ns; cal = [30.546143, -10.190552, 3.760406], uncal = [-405.367889, -357.155853, -120.261566], bias = [-435.914032, -346.965302, -124.021973], status=3
01-28 13:01:20.686  1157  1157 D io_stats: !@   8,0 r 10602936 214268625 w 2894695 45435424 d 813820 38455296 f 0 286687 iot 4683108 0 th 0 0 0 pt 0 inp 0 0 40947.104
01-28 13:01:20.687  1157  1157 D io_stats: !@ Read_top(KB): loop49(4562) 9728 ng.android.lool(32152) 1284 loop7(1314) 152
01-28 13:01:20.688  1157  1157 D io_stats: !@ Write_top(KB): loop49(4562) 2816 kworker/u16:8(30351) 396 sait.sohservice(32041) 28
01-28 13:01:20.709  1557 31819 I sensors-hal: handle_sns_std_sensor_event:138, [698] Pressure 886.174, cal 0.000, sw_offset 0.450
01-28 13:01:21.002  1660  1693 E HeatmapThread: ECT Thread time in milliseconds: 1769594481
01-28 13:01:21.003  1660  1693 D HeatmapThread: !@ batteryplugType : 0
01-28 13:01:21.003  1660  1693 D HeatmapThread: !@ batteryLevel : 0  batteryTemperature : 0 
01-28 13:01:21.003  1660  1693 D HeatmapThread: !@ Heatmap currtime: 29493241
01-28 13:01:21.003  1660  1693 D HeatmapThread: !@ Heatmap prevtime: 29493227
01-28 13:01:21.003  1660  1693 D HeatmapThread: !@ Heatmap plugstarttime: 35791394
01-28 13:01:21.003  1660  1693 D HeatmapThread: !@ Heatmap prevv_dsoh_update_time: 29490849
01-28 13:01:21.003  1660  1693 E HeatmapThread: !@Could not open '/efs/FactoryApp/bsoh', errno = 13
01-28 13:01:21.003  1660  1693 E HeatmapThread: !@ CAM Could not access BSOH EFS
01-28 13:01:21.003  1660  1693 E HeatmapThread: !@ CAM New BSOH: 0
01-28 13:01:21.332  3200  3333 D SatelliteController: isInCarrierRoamingNbIotNtn: satellite is disabled
01-28 13:01:21.338  3278  3278 I EPDG -- SIM0 [SMARTCELLULAR]: onSignalStrengthsChanged: SignalStrength:{mCdma=Invalid,mGsm=Invalid,mWcdma=Invalid,mTdscdma=Invalid,mLte=CellSignalStrengthLte: rssi=-63 rsrp=-101 rsrq=-15 rssnr=7 cqiTableIndex=2147483647 cqi=2147483647 ta=2147483647 level=3 parametersUseForLevel=0,mNr=Invalid,SignalBarInfo{ lteLevel=2 },rat=14,primary=CellSignalStrengthLte}
01-28 13:01:21.339  3278  3689 I EPDG -- SIM0 [SMARTCELLULAR]: lastLteRSRP is -101 currentLteRSRP is -101 lastLteRSRQ is -14 currentLteRSRQ is -15 lastLteSNR is 8 currentLteSNR is 7
01-28 13:01:21.458  6045  7275 I SDHMS:x : SIOP:: AP:274 BAT:266 USB:264 CHG:277 PA:295 WIFI:271 CF:264 BLK:0 SUBBAT:0 SKIN:276 SKINF:274 SKINB:276 LRP:276 LRP2:276 LRF2:274 LRB2:276 AP2:276 CHG2:276 WIFI2:276 UANT2:273 RCV2:273 SPK2:277 FCAM:262 UPSPK:262 DNSPK:261 AMB:241 AVGCUR:291 AVGSYS:228 POWER:1160
01-28 13:01:21.588  2415  3007 D WifiStaIfaceHidlImpl: getCachedScanData is not implemented by HIDL
01-28 13:01:21.593  2415  5153 D SemWifiUsabilityStatsMonitor: onWifiUsabilityStats - seqNum 5463, isSameBssidAndFreq true
01-28 13:01:21.599  2415  3107 I SemWifiServiceDetector: Service det. resumed: T / T / 27487
01-28 13:01:21.801  2415   720 D WifiConnectivityMonitor.DnsThread:  [|214] []
01-28 13:01:21.804  2415  3138 D WifiConnectivityMonitor.NetworkStatsAnalyzer: DNS resultType : 0, responseTime : 214
01-28 13:01:21.804  2415  3134 D OpenNetworkQos[4.00]: updateBssidLatestDnsResultType - result: 0
01-28 13:01:21.804  2415  3134 D OpenNetworkQos[4.00]: updateBssidNoInternet: mBssidNoInternet = false
01-28 13:01:21.804  2415  3134 D OpenNetworkQos[4.00]: getOpenNetworkQosNoInternetStatus: false
01-28 13:01:21.804  2415  3134 D OpenNetworkQos[4.00]: getOpenNetworkQosScores: 20 30 30 
01-28 13:01:21.805  2415  3134 D KNOX_MDM_SettingsProvider: isChangeAllowed() : name = wifi_wcm_qos_sharing_score_summary
01-28 13:01:21.806  2415  3134 I WifiProfileShare: network QoS data was changed (internet), updateQoSData networkType: true, qosData: false
01-28 13:01:21.806  2415  4550 V WifiProfileShare.Caster: update wips network, size: 0
01-28 13:01:21.806  2415  4550 D WifiProfileShare: nearby scanning settings run
01-28 13:01:21.806  2415  4550 D WifiProfileShare: network score provider settings enabled
01-28 13:01:21.807  2415  4550 D OpenNetworkQos[4.00]: getOpenNetworkQosScores: 20 30 30 
01-28 13:01:21.807  2415  4550 D OpenNetworkQos[4.00]: getOpenNetworkQosNoInternetStatus: false
01-28 13:01:21.807  2415  4550 I WifiProfileShare.Caster: current network type: 0, score: [20, 30, 30]
01-28 13:01:21.807  2415  4550 V WifiProfileShare.Cache: update network score 40:ed:00:**:**:df
01-28 13:01:21.808  2415  4550 D WifiProfileShare.ScanMatcher: getMcfDataList size:4
01-28 13:01:21.808  2415  4550 I WifiProfileShare.Caster: qos data was updated , before:type:QOS, pBssid:6f:30:9f, qosData:63 after:type:QOS, pBssid:6f:30:9f, qosData:63
01-28 13:01:21.808  2415  4550 I [MCFSDK_android_1.3.7026]_4_McfCasterImpl: isNetworkEnabled - type : 1 ret : true
01-28 13:01:21.809  2415  4550 D WifiProfileShare.McfCast: -ME--- mIsNetworkEnabled :true
01-28 13:01:21.809  2415  4550 D WifiProfileShare.McfCast: updateQoSData ignored, same contents
01-28 13:01:21.809  2415  4550 D WifiProfileShare.MCF: success update QosData !
01-28 13:01:21.809  2415  4550 I [MCFSDK_android_1.3.7026]_4_McfCasterImpl: isNetworkEnabled - type : 1 ret : true
01-28 13:01:21.809  2415  4550 D WifiProfileShare.McfCast: -ME--- mIsNetworkEnabled :true
01-28 13:01:21.809  2415  4550 D WifiProfileShare.McfCast: -ME--- updatePasswordDate pwdData size:4
01-28 13:01:21.915  2415  2512 D BatteryExternalStatsWorker: update stats : procstate-change (10)
01-28 13:01:21.916  2415  2512 D BatteryExternalStatsWorker: Fetch WiFi data
01-28 13:01:21.916  2415  2512 D BatteryExternalStatsWorker: Update Rail Energy data
01-28 13:01:21.935  2415  3007 D WifiStaIfaceHidlImpl: getCachedScanData is not implemented by HIDL
01-28 13:01:21.936  2415  2512 D BatteryExternalStatsWorker: mStats lock released
01-28 13:01:21.948  2415  2512 D BatteryExternalStatsWorker: Update wifi state
01-28 13:01:21.948  2415  2512 D BatteryExternalStatsWorker: done updateExternalStatsLocked
01-28 13:01:22.002  1660  1693 E HeatmapThread: ECT Thread time in milliseconds: 1769594482
01-28 13:01:22.002  1660  1693 D HeatmapThread: !@ batteryplugType : 0
01-28 13:01:22.003  1660  1693 D HeatmapThread: !@ batteryLevel : 0  batteryTemperature : 0 
01-28 13:01:22.003  1660  1693 D HeatmapThread: !@ Heatmap currtime: 29493241
01-28 13:01:22.003  1660  1693 D HeatmapThread: !@ Heatmap prevtime: 29493227
01-28 13:01:22.003  1660  1693 D HeatmapThread: !@ Heatmap plugstarttime: 35791394
01-28 13:01:22.003  1660  1693 D HeatmapThread: !@ Heatmap prevv_dsoh_update_time: 29490849
01-28 13:01:22.003  1660  1693 E HeatmapThread: !@Could not open '/efs/FactoryApp/bsoh', errno = 13
01-28 13:01:22.003  1660  1693 E HeatmapThread: !@ CAM Could not access BSOH EFS
01-28 13:01:22.003  1660  1693 E HeatmapThread: !@ CAM New BSOH: 0
01-28 13:01:22.102  2415  4439 I NSLocationMonitor: getGPSUsingApps() called
01-28 13:01:22.103  4436  7926 I NSLocationManager_FLP: getGPSUsingApps, No change
01-28 13:01:22.116  2415  3134 D SemWifiEleStateTracker: Pressure Diff: -0.0078125
01-28 13:01:22.116  2415  3134 D SemWifiEleStateTracker: Barometer value: Prev 886.1943 Current 886.18646 mSmallBaroDetected : false
01-28 13:01:22.117  2415  4439 D FreecessHandler: freeze com.synapsenotes.ai(10428) result : 2
01-28 13:01:22.517  1557 31773 I sensors-hal: handle_sns_client_event:550, [0][7918] accel_sample [ 0.339, -0.262,  9.775] 143543966838736
01-28 13:01:22.552  1557 31817 I sensors-hal: handle_sns_client_event:527, [1396] mag_sample_cal: ts=143544073227277 ns; cal = [31.263489, -9.668579, 2.449257], uncal = [-404.650543, -356.633881, -121.572716], bias = [-435.914032, -346.965302, -124.021973], status=3
01-28 13:01:22.689  1157  1157 D io_stats: !@   8,0 r 10602961 214268849 w 2894748 45435652 d 813854 38455544 f 0 286692 iot 4683176 0 th 0 0 0 pt 0 inp 0 0 40949.107
01-28 13:01:22.708  1557 31819 I sensors-hal: handle_sns_std_sensor_event:138, [708] Pressure 886.172, cal 0.000, sw_offset 0.450
01-28 13:01:22.712  3201  3201 I wpa_supplicant: Heartbeat 7437
01-28 13:01:23.004  1660  1693 E HeatmapThread: ECT Thread time in milliseconds: 1769594483
01-28 13:01:23.004  1660  1693 D HeatmapThread: !@ batteryplugType : 0
01-28 13:01:23.004  1660  1693 D HeatmapThread: !@ batteryLevel : 0  batteryTemperature : 0 
01-28 13:01:23.004  1660  1693 D HeatmapThread: !@ Heatmap currtime: 29493241
01-28 13:01:23.004  1660  1693 D HeatmapThread: !@ Heatmap prevtime: 29493227
01-28 13:01:23.004  1660  1693 D HeatmapThread: !@ Heatmap plugstarttime: 35791394
01-28 13:01:23.004  1660  1693 D HeatmapThread: !@ Heatmap prevv_dsoh_update_time: 29490849
01-28 13:01:23.005  1660  1693 E HeatmapThread: !@Could not open '/efs/FactoryApp/bsoh', errno = 13
01-28 13:01:23.005  1660  1693 E HeatmapThread: !@ CAM Could not access BSOH EFS
01-28 13:01:23.005  1660  1693 E HeatmapThread: !@ CAM New BSOH: 0
01-28 13:01:23.896  3200  3333 D SatelliteController: isInCarrierRoamingNbIotNtn: satellite is disabled
01-28 13:01:23.904  3278  3278 I EPDG -- SIM0 [SMARTCELLULAR]: onSignalStrengthsChanged: SignalStrength:{mCdma=Invalid,mGsm=Invalid,mWcdma=Invalid,mTdscdma=Invalid,mLte=CellSignalStrengthLte: rssi=-69 rsrp=-101 rsrq=-15 rssnr=7 cqiTableIndex=2147483647 cqi=2147483647 ta=2147483647 level=3 parametersUseForLevel=0,mNr=Invalid,SignalBarInfo{ lteLevel=2 },rat=14,primary=CellSignalStrengthLte}
01-28 13:01:23.904  3278  3689 I EPDG -- SIM0 [SMARTCELLULAR]: lastLteRSRP is -101 currentLteRSRP is -101 lastLteRSRQ is -15 currentLteRSRQ is -15 lastLteSNR is 7 currentLteSNR is 7
01-28 13:01:23.986  1557 30597 I sensors-hal: handle_sns_client_event:185, auto_rotation_debug_2 mode,255, type,1,0 acc,0.325,-0.263,9.753, ar,0, ver,14, pedo,1,e,1,i,3
01-28 13:01:23.994  1557 30599 I sensors-hal: handle_sns_std_sensor_event:311, [SSC_LIGHT] P: 10(10),m:7,c:72,b:71,c0:1040,l:10,f(r):76,u(bl):100,j:5
01-28 13:01:24.001  1660  1693 E HeatmapThread: ECT Thread time in milliseconds: 1769594484
01-28 13:01:24.001  1660  1693 D HeatmapThread: !@ batteryplugType : 0
01-28 13:01:24.001  1660  1693 D HeatmapThread: !@ batteryLevel : 0  batteryTemperature : 0 
01-28 13:01:24.002  1660  1693 D HeatmapThread: !@ Heatmap currtime: 29493241
01-28 13:01:24.002  1660  1693 D HeatmapThread: !@ Heatmap prevtime: 29493227
01-28 13:01:24.002  1660  1693 D HeatmapThread: !@ Heatmap plugstarttime: 35791394
01-28 13:01:24.002  1660  1693 D HeatmapThread: !@ Heatmap prevv_dsoh_update_time: 29490849
01-28 13:01:24.003  1660  1693 E HeatmapThread: !@Could not open '/efs/FactoryApp/bsoh', errno = 13
01-28 13:01:24.003  1660  1693 E HeatmapThread: !@ CAM Could not access BSOH EFS
01-28 13:01:24.003  1660  1693 E HeatmapThread: !@ CAM New BSOH: 0
01-28 13:01:24.206  2415  3134 D SemWifiEleStateTracker: Pressure Diff: -0.0057373047
01-28 13:01:24.207  2415  3134 D SemWifiEleStateTracker: Barometer value: Prev 886.18646 Current 886.1807 mSmallBaroDetected : false
01-28 13:01:24.493  1557 31773 I sensors-hal: handle_sns_client_event:550, [0][8025] accel_sample [ 0.321, -0.272,  9.765] 143545981514986
01-28 13:01:24.537  3200  3333 D SatelliteController: isInCarrierRoamingNbIotNtn: satellite is disabled
01-28 13:01:24.543  3278  3278 I EPDG -- SIM0 [SMARTCELLULAR]: onSignalStrengthsChanged: SignalStrength:{mCdma=Invalid,mGsm=Invalid,mWcdma=Invalid,mTdscdma=Invalid,mLte=CellSignalStrengthLte: rssi=-65 rsrp=-101 rsrq=-16 rssnr=8 cqiTableIndex=2147483647 cqi=2147483647 ta=2147483647 level=3 parametersUseForLevel=0,mNr=Invalid,SignalBarInfo{ lteLevel=2 },rat=14,primary=CellSignalStrengthLte}
01-28 13:01:24.543  3278  3689 I EPDG -- SIM0 [SMARTCELLULAR]: lastLteRSRP is -101 currentLteRSRP is -101 lastLteRSRQ is -15 currentLteRSRQ is -16 lastLteSNR is 7 currentLteSNR is 8
01-28 13:01:24.550  1557 31817 I sensors-hal: handle_sns_client_event:527, [1416] mag_sample_cal: ts=143546073227277 ns; cal = [31.141785, -9.971832, 3.909782], uncal = [-404.772247, -356.937134, -120.112190], bias = [-435.914032, -346.965302, -124.021973], status=3
01-28 13:01:24.606  2415  3107 I SemWifiServiceDetector: Service det. suspended: T / T / 27487
01-28 13:01:24.638  2415  3007 D WifiStaIfaceHidlImpl: getCachedScanData is not implemented by HIDL
01-28 13:01:24.651  2415  5153 D SemWifiUsabilityStatsMonitor: onWifiUsabilityStats - seqNum 5464, isSameBssidAndFreq true
01-28 13:01:24.656  4043  4182 I HoneySpace.StatusIconTracker: invokeEvent() called with: event = Wifi(visible=true, resId=2131236018, activityId=2131236043)
01-28 13:01:24.675  1676  1920 D DisplayModeController: setDesiredMode 4630947232161729154 {mode={fps=120.00 Hz, modePtr={id=0, vsyncRate=120.00 Hz, peakRefreshRate=120.00 Hz}}, emitEvent=true, force=false}
01-28 13:01:24.683  1676  1892 I VSyncReactor: Current= 24, Period= 120, hwcPeriod= 24
01-28 13:01:24.689  1157  1157 D io_stats: !@   8,0 r 10602963 214268857 w 2894750 45435680 d 813854 38455544 f 0 286692 iot 4683196 0 th 0 0 0 pt 0 inp 0 0 40951.107
01-28 13:01:24.690  1157  1157 D io_stats: !@ Read_top(KB): m.facebook.orca(32400) 128 .gms.persistent(18510) 92 perf-hal-servic(1603) 8
01-28 13:01:24.690  1157  1157 D io_stats: !@ Write_top(KB): f2fs_ckpt-254:5(1249) 48 sait.sohservice(32041) 32 init(1) 28
01-28 13:01:24.697  1676  1676 I SurfaceFlinger: SFWD update time=40951115414585
01-28 13:01:24.700  1676  1676 I SurfaceFlinger: No layers with votes - choose 120.00 Hz
01-28 13:01:24.701  1676  1676 I HWComposer: [4630947232161729154] ActiveConfigToHWC, ID : 0
01-28 13:01:24.703  1588  1889 I SDM     : HWCDisplay::SubmitDisplayConfig: [DispConfigs] config 9 => 0, hs_mode 3 => 3
01-28 13:01:24.703  1588  1889 I SDM     : HWDeviceDRM::SetDisplaySwitchMode: [DispConfigs] check hs_mode 3
01-28 13:01:24.703  1588  1889 I SDM     : HWDeviceDRM::SetDisplaySwitchMode: [DispConfigs] Set mode index:0 1080x2340x120xcmdHS, hs_mode(3), found_mode(0)
01-28 13:01:24.703  1588  1889 I SDM     : HWDeviceDRM::UpdateMixerAttributes: Mixer WxH 1080x2340-1 for Peripheral
01-28 13:01:24.703  1588  1889 I SDM     : HWCDisplay::SubmitDisplayConfig: Active configuration changed from config 9 to 0
01-28 13:01:24.708  1557 31819 I sensors-hal: handle_sns_std_sensor_event:138, [718] Pressure 886.187, cal 0.000, sw_offset 0.450
01-28 13:01:24.724  1676  1892 I VSyncReactor: Current= 24, Period= 120, hwcPeriod= 120
01-28 13:01:24.740  1676  1676 I SurfaceFlinger: finalizeDisplayModeChange 4630947232161729154
01-28 13:01:24.950  1676  1920 D DisplayModeController: setDesiredMode 4630947232161729154 {mode={fps=24.00 Hz, modePtr={id=5, vsyncRate=24.00 Hz, peakRefreshRate=24.00 Hz}}, emitEvent=false, force=false}
01-28 13:01:24.955  1676  1676 I LayerHistory: StatusBar$_3758#103 voted NoVote (0.00 Hz)
01-28 13:01:24.955  1676  1676 I SurfaceFlinger: Idle - choose 24.00 Hz
01-28 13:01:24.956  1676  1676 I HWComposer: [4630947232161729154] ActiveConfigToHWC, ID : 9
01-28 13:01:24.958  1588  1889 I SDM     : HWCDisplay::SubmitDisplayConfig: [DispConfigs] config 0 => 9, hs_mode 3 => 3
01-28 13:01:24.958  1676  1892 I VSyncReactor: Current= 120, Period= 24, hwcPeriod= 24
01-28 13:01:24.958  1588  1889 I SDM     : HWDeviceDRM::SetDisplaySwitchMode: [DispConfigs] check hs_mode 3
01-28 13:01:24.958  1588  1889 I SDM     : HWDeviceDRM::SetDisplaySwitchMode: [DispConfigs] Set mode index:10 1080x2340x24xcmdPHS, hs_mode(3), found_mode(1)
01-28 13:01:24.959  1588  1889 I SDM     : HWDeviceDRM::UpdateMixerAttributes: Mixer WxH 1080x2340-1 for Peripheral
01-28 13:01:24.959  1588  1889 I SDM     : HWCDisplay::SubmitDisplayConfig: Active configuration changed from config 0 to 9
01-28 13:01:24.965  1676  1676 I SurfaceFlinger: finalizeDisplayModeChange 4630947232161729154
01-28 13:01:25.001  1660  1693 E HeatmapThread: ECT Thread time in milliseconds: 1769594485
01-28 13:01:25.001  1660  1693 D HeatmapThread: !@ batteryplugType : 0
01-28 13:01:25.001  1660  1693 D HeatmapThread: !@ batteryLevel : 0  batteryTemperature : 0 
01-28 13:01:25.002  1660  1693 D HeatmapThread: !@ Heatmap currtime: 29493241
01-28 13:01:25.002  1660  1693 D HeatmapThread: !@ Heatmap prevtime: 29493227
01-28 13:01:25.002  1660  1693 D HeatmapThread: !@ Heatmap plugstarttime: 35791394
01-28 13:01:25.002  1660  1693 D HeatmapThread: !@ Heatmap prevv_dsoh_update_time: 29490849
01-28 13:01:25.002  1660  1693 E HeatmapThread: !@Could not open '/efs/FactoryApp/bsoh', errno = 13
01-28 13:01:25.003  1660  1693 E HeatmapThread: !@ CAM Could not access BSOH EFS
01-28 13:01:25.003  1660  1693 E HeatmapThread: !@ CAM New BSOH: 0
01-28 13:01:25.193  1555  1555 I android.hardware.health@2.1-service-samsung: updateLrpSysfs: write: 276
01-28 13:01:25.322  1555  1569 E BatteryDump: !@new_battery_dump : 4017,300,475,550,75,265,264,276,266,0,277,274,0,Charging,NO_CHARGING,Normal,Good,USB,1,Normal,0,0,9600,0x0,0x20000,0x0,0,0,0000,0000,00000000,0,0,0,0,1195,3998,7486,990,0,
01-28 13:01:26.001  1660  1693 E HeatmapThread: ECT Thread time in milliseconds: 1769594486
01-28 13:01:26.001  1660  1693 D HeatmapThread: !@ batteryplugType : 0
01-28 13:01:26.002  1660  1693 D HeatmapThread: !@ batteryLevel : 0  batteryTemperature : 0 
01-28 13:01:26.002  1660  1693 D HeatmapThread: !@ Heatmap currtime: 29493241
01-28 13:01:26.002  1660  1693 D HeatmapThread: !@ Heatmap prevtime: 29493227
01-28 13:01:26.002  1660  1693 D HeatmapThread: !@ Heatmap plugstarttime: 35791394
01-28 13:01:26.002  1660  1693 D HeatmapThread: !@ Heatmap prevv_dsoh_update_time: 29490849
01-28 13:01:26.003  1660  1693 E HeatmapThread: !@Could not open '/efs/FactoryApp/bsoh', errno = 13
01-28 13:01:26.003  1660  1693 E HeatmapThread: !@ CAM Could not access BSOH EFS
01-28 13:01:26.003  1660  1693 E HeatmapThread: !@ CAM New BSOH: 0
01-28 13:01:26.260  2415  3134 D SemWifiEleStateTracker: Pressure Diff: -0.011352539
01-28 13:01:26.260  2415  3134 D SemWifiEleStateTracker: Barometer value: Prev 886.1807 Current 886.1694 mSmallBaroDetected : false
01-28 13:01:26.360  2415  3138 D WifiConnectivityMonitor.NetworkStatsAnalyzer: Backhaul result - RSSI:-42, CE:9, PE:9, TI:14, PTI:13, TW:0, PTW:0, Tx:16, Rx:6, TxS:5, RxS:2, RESULT:true, IC:2, ICT:5, WC:5, WCT:5, R:0, RC:5, IE:0, EC:0
01-28 13:01:26.456  3200  3333 D SatelliteController: isInCarrierRoamingNbIotNtn: satellite is disabled
01-28 13:01:26.462  3278  3278 I EPDG -- SIM0 [SMARTCELLULAR]: onSignalStrengthsChanged: SignalStrength:{mCdma=Invalid,mGsm=Invalid,mWcdma=Invalid,mTdscdma=Invalid,mLte=CellSignalStrengthLte: rssi=-71 rsrp=-101 rsrq=-15 rssnr=8 cqiTableIndex=2147483647 cqi=2147483647 ta=2147483647 level=3 parametersUseForLevel=0,mNr=Invalid,SignalBarInfo{ lteLevel=2 },rat=14,primary=CellSignalStrengthLte}
01-28 13:01:26.462  3278  3689 I EPDG -- SIM0 [SMARTCELLULAR]: lastLteRSRP is -101 currentLteRSRP is -101 lastLteRSRQ is -16 currentLteRSRQ is -15 lastLteSNR is 8 currentLteSNR is 8
01-28 13:01:26.489  1557 31773 I sensors-hal: handle_sns_client_event:550, [0][8132] accel_sample [ 0.315, -0.281,  9.766] 143547996189569
01-28 13:01:26.549  1557 31817 I sensors-hal: handle_sns_client_event:527, [1436] mag_sample_cal: ts=143548073227277 ns; cal = [32.451233, -9.751587, 3.548042], uncal = [-403.462799, -356.716888, -120.473930], bias = [-435.914032, -346.965302, -124.021973], status=3
01-28 13:01:26.691  1157  1157 D io_stats: !@   8,0 r 10602967 214268957 w 2894828 45436552 d 813893 38455788 f 0 286695 iot 4683236 0 th 0 0 0 pt 0 inp 0 0 40953.109
01-28 13:01:26.708  1557 31819 I sensors-hal: handle_sns_std_sensor_event:138, [728] Pressure 886.180, cal 0.000, sw_offset 0.450
01-28 13:01:27.002  1660  1693 E HeatmapThread: ECT Thread time in milliseconds: 1769594487
01-28 13:01:27.002  1660  1693 D HeatmapThread: !@ batteryplugType : 0
01-28 13:01:27.002  1660  1693 D HeatmapThread: !@ batteryLevel : 0  batteryTemperature : 0 
01-28 13:01:27.003  1660  1693 D HeatmapThread: !@ Heatmap currtime: 29493241
01-28 13:01:27.003  1660  1693 D HeatmapThread: !@ Heatmap prevtime: 29493227
01-28 13:01:27.003  1660  1693 D HeatmapThread: !@ Heatmap plugstarttime: 35791394
01-28 13:01:27.003  1660  1693 D HeatmapThread: !@ Heatmap prevv_dsoh_update_time: 29490849
01-28 13:01:27.003  1660  1693 E HeatmapThread: !@Could not open '/efs/FactoryApp/bsoh', errno = 13
01-28 13:01:27.003  1660  1693 E HeatmapThread: !@ CAM Could not access BSOH EFS
01-28 13:01:27.003  1660  1693 E HeatmapThread: !@ CAM New BSOH: 0
01-28 13:01:27.703  2415  3007 D WifiStaIfaceHidlImpl: getCachedScanData is not implemented by HIDL
01-28 13:01:27.706  2415  5153 D SemWifiUsabilityStatsMonitor: onWifiUsabilityStats - seqNum 5465, isSameBssidAndFreq true
01-28 13:01:27.713  4043  4182 I HoneySpace.StatusIconTracker: invokeEvent() called with: event = Wifi(visible=true, resId=2131236018, activityId=2131236053)
01-28 13:01:27.719  3200  3333 D SatelliteController: isInCarrierRoamingNbIotNtn: satellite is disabled
01-28 13:01:27.722  3278  3278 I EPDG -- SIM0 [SMARTCELLULAR]: onSignalStrengthsChanged: SignalStrength:{mCdma=Invalid,mGsm=Invalid,mWcdma=Invalid,mTdscdma=Invalid,mLte=CellSignalStrengthLte: rssi=-65 rsrp=-101 rsrq=-15 rssnr=8 cqiTableIndex=2147483647 cqi=2147483647 ta=2147483647 level=3 parametersUseForLevel=0,mNr=Invalid,SignalBarInfo{ lteLevel=2 },rat=14,primary=CellSignalStrengthLte}
01-28 13:01:27.723  3278  3689 I EPDG -- SIM0 [SMARTCELLULAR]: lastLteRSRP is -101 currentLteRSRP is -101 lastLteRSRQ is -15 currentLteRSRQ is -15 lastLteSNR is 8 currentLteSNR is 8
01-28 13:01:27.730  1676  1892 I VSyncReactor: Current= 24, Period= 24, hwcPeriod= 24
01-28 13:01:27.731  1676  1920 D DisplayModeController: setDesiredMode 4630947232161729154 {mode={fps=120.00 Hz, modePtr={id=0, vsyncRate=120.00 Hz, peakRefreshRate=120.00 Hz}}, emitEvent=true, force=false}
01-28 13:01:27.767  1676  1676 I SurfaceFlinger: No layers with votes - choose 120.00 Hz
01-28 13:01:27.768  1676  1676 I HWComposer: [4630947232161729154] ActiveConfigToHWC, ID : 0
01-28 13:01:27.770  1588  1889 I SDM     : HWCDisplay::SubmitDisplayConfig: [DispConfigs] config 9 => 0, hs_mode 3 => 3
01-28 13:01:27.770  1588  1889 I SDM     : HWDeviceDRM::SetDisplaySwitchMode: [DispConfigs] check hs_mode 3
01-28 13:01:27.770  1588  1889 I SDM     : HWDeviceDRM::SetDisplaySwitchMode: [DispConfigs] Set mode index:0 1080x2340x120xcmdHS, hs_mode(3), found_mode(0)
01-28 13:01:27.770  1588  1889 I SDM     : HWDeviceDRM::UpdateMixerAttributes: Mixer WxH 1080x2340-1 for Peripheral
01-28 13:01:27.771  1588  1889 I SDM     : HWCDisplay::SubmitDisplayConfig: Active configuration changed from config 9 to 0
01-28 13:01:27.772  1676  1892 I VSyncReactor: Current= 24, Period= 120, hwcPeriod= 120
01-28 13:01:27.805  1676  1676 I SurfaceFlinger: finalizeDisplayModeChange 4630947232161729154
01-28 13:01:28.002  1660  1693 E HeatmapThread: ECT Thread time in milliseconds: 1769594488
01-28 13:01:28.002  1660  1693 D HeatmapThread: !@ batteryplugType : 0
01-28 13:01:28.003  1660  1693 D HeatmapThread: !@ batteryLevel : 0  batteryTemperature : 0 
01-28 13:01:28.003  1660  1693 D HeatmapThread: !@ Heatmap currtime: 29493241
01-28 13:01:28.003  1660  1693 D HeatmapThread: !@ Heatmap prevtime: 29493227
01-28 13:01:28.003  1660  1693 D HeatmapThread: !@ Heatmap plugstarttime: 35791394
01-28 13:01:28.003  1660  1693 D HeatmapThread: !@ Heatmap prevv_dsoh_update_time: 29490849
01-28 13:01:28.003  1660  1693 E HeatmapThread: !@Could not open '/efs/FactoryApp/bsoh', errno = 13
01-28 13:01:28.003  1660  1693 E HeatmapThread: !@ CAM Could not access BSOH EFS
01-28 13:01:28.003  1660  1693 E HeatmapThread: !@ CAM New BSOH: 0
01-28 13:01:28.018  1676  1920 D DisplayModeController: setDesiredMode 4630947232161729154 {mode={fps=24.00 Hz, modePtr={id=5, vsyncRate=24.00 Hz, peakRefreshRate=24.00 Hz}}, emitEvent=false, force=false}
01-28 13:01:28.022  1676  1892 I VSyncReactor: Current= 120, Period= 24, hwcPeriod= 120
01-28 13:01:28.023  1676  1676 I LayerHistory: StatusBar$_3758#103 voted NoVote (0.00 Hz)
01-28 13:01:28.023  1676  1676 I SurfaceFlinger: Idle - choose 24.00 Hz
01-28 13:01:28.024  1676  1676 I HWComposer: [4630947232161729154] ActiveConfigToHWC, ID : 9
01-28 13:01:28.026  1588  1889 I SDM     : HWCDisplay::SubmitDisplayConfig: [DispConfigs] config 0 => 9, hs_mode 3 => 3
01-28 13:01:28.026  1588  1889 I SDM     : HWDeviceDRM::SetDisplaySwitchMode: [DispConfigs] check hs_mode 3
01-28 13:01:28.026  1588  1889 I SDM     : HWDeviceDRM::SetDisplaySwitchMode: [DispConfigs] Set mode index:10 1080x2340x24xcmdPHS, hs_mode(3), found_mode(1)
01-28 13:01:28.026  1588  1889 I SDM     : HWDeviceDRM::UpdateMixerAttributes: Mixer WxH 1080x2340-1 for Peripheral
01-28 13:01:28.027  1588  1889 I SDM     : HWCDisplay::SubmitDisplayConfig: Active configuration changed from config 0 to 9
01-28 13:01:28.030  1676  1676 I SurfaceFlinger: finalizeDisplayModeChange 4630947232161729154
01-28 13:01:28.030  1676  1892 I VSyncReactor: Current= 120, Period= 24, hwcPeriod= 24
01-28 13:01:28.119  2415  4439 I NSLocationMonitor: getGPSUsingApps() called
01-28 13:01:28.120  4436  7926 I NSLocationManager_FLP: getGPSUsingApps, No change
01-28 13:01:28.135  2415  4439 D FreecessHandler: freeze com.synapsenotes.ai(10428) result : 2
01-28 13:01:28.301  2415  3134 D SemWifiEleStateTracker: Pressure Diff: 0.0034179688
01-28 13:01:28.301  2415  3134 D SemWifiEleStateTracker: Barometer value: Prev 886.1694 Current 886.1728 mSmallBaroDetected : false
01-28 13:01:28.315  1557 30599 I sensors-hal: handle_sns_std_sensor_event:311, [SSC_LIGHT] P: 10(10),m:7,c:72,b:71,c0:1040,l:10,f(r):76,u(bl):100,j:5
01-28 13:01:28.495  1557 31773 I sensors-hal: handle_sns_client_event:550, [0][8239] accel_sample [ 0.322, -0.258,  9.764] 143550010862069
01-28 13:01:28.549  1557 31817 I sensors-hal: handle_sns_client_event:527, [1456] mag_sample_cal: ts=143550073227277 ns; cal = [31.538574, -10.778290, 3.550217], uncal = [-404.375458, -357.743591, -120.471756], bias = [-435.914032, -346.965302, -124.021973], status=3
01-28 13:01:28.693  1157  1157 D io_stats: !@   8,0 r 10602968 214268969 w 2894828 45436552 d 813893 38455788 f 0 286695 iot 4683244 0 th 0 0 0 pt 0 inp 0 0 40955.111
01-28 13:01:28.694  1157  1157 D io_stats: !@ Read_top(KB): ng.android.lool(32152) 100 martsuggestions(5791) 12
01-28 13:01:28.694  1157  1157 D io_stats: !@ Write_top(KB): kworker/u16:8(30351) 608 f2fs_ckpt-254:5(1249) 76 android.hardwar(1555) 4
01-28 13:01:28.709  1557 31819 I sensors-hal: handle_sns_std_sensor_event:138, [738] Pressure 886.179, cal 0.000, sw_offset 0.450
01-28 13:01:29.001  1660  1693 E HeatmapThread: ECT Thread time in milliseconds: 1769594489
01-28 13:01:29.001  1660  1693 D HeatmapThread: !@ batteryplugType : 0
01-28 13:01:29.002  1660  1693 D HeatmapThread: !@ batteryLevel : 0  batteryTemperature : 0 
01-28 13:01:29.002  1660  1693 D HeatmapThread: !@ Heatmap currtime: 29493241
01-28 13:01:29.002  1660  1693 D HeatmapThread: !@ Heatmap prevtime: 29493227
01-28 13:01:29.002  1660  1693 D HeatmapThread: !@ Heatmap plugstarttime: 35791394
01-28 13:01:29.002  1660  1693 D HeatmapThread: !@ Heatmap prevv_dsoh_update_time: 29490849
01-28 13:01:29.003  1660  1693 E HeatmapThread: !@Could not open '/efs/FactoryApp/bsoh', errno = 13
01-28 13:01:29.003  1660  1693 E HeatmapThread: !@ CAM Could not access BSOH EFS
01-28 13:01:29.003  1660  1693 E HeatmapThread: !@ CAM New BSOH: 0
01-28 13:01:29.591 18510 31879 I NearbyMediums: No BLE Fast/GATT advertisements found in the latest cycle.
01-28 13:01:29.592 18510 31879 I NearbyMediums: Current Tracked Scanning Clients are : {NearbyConnections.EnvironmentMonitor, NearbySharing, NearbyConnections.TxAdvertisement}
01-28 13:01:29.708 32400 32497 E msgr.msys: E[N mns]_OnDiskCacheGetData(632)=>Start post callback cache refresh DNS resolution
01-28 13:01:29.714  2415  3160 D NetdEventListenerService: DNS Requested by 131, 10350(com.facebook.orca), 4(FAIL), isBlocked=true, 0ms
01-28 13:01:29.721 32400 32497 E msgr.msys: E[N mns]_LogError(228)=>Failed to resolve using system DNS resolver, getaddrinfo(): No address associated with hostname
01-28 13:01:29.721 32400 32497 E msgr.msys: E[N mns]_OnDiskCacheGetData(632)=>Start post callback cache refresh DNS resolution
01-28 13:01:29.724 32400 32497 E msgr.msys: E[N mns]_LogError(228)=>Failed to resolve using system DNS resolver, getaddrinfo(): No address associated with hostname
01-28 13:01:29.724  2415  3160 D NetdEventListenerService: DNS Requested by 131, 10350(com.facebook.orca), 4(FAIL), isBlocked=true, 0ms
01-28 13:01:30.002  1660  1693 E HeatmapThread: ECT Thread time in milliseconds: 1769594490
01-28 13:01:30.002  1660  1693 D HeatmapThread: !@ batteryplugType : 0
01-28 13:01:30.003  1660  1693 D HeatmapThread: !@ batteryLevel : 0  batteryTemperature : 0 
01-28 13:01:30.003  1660  1693 D HeatmapThread: !@ Heatmap currtime: 29493241
01-28 13:01:30.003  1660  1693 D HeatmapThread: !@ Heatmap prevtime: 29493227
01-28 13:01:30.003  1660  1693 D HeatmapThread: !@ Heatmap plugstarttime: 35791394
01-28 13:01:30.003  1660  1693 D HeatmapThread: !@ Heatmap prevv_dsoh_update_time: 29490849
01-28 13:01:30.003  1660  1693 E HeatmapThread: !@Could not open '/efs/FactoryApp/bsoh', errno = 13
01-28 13:01:30.003  1660  1693 E HeatmapThread: !@ CAM Could not access BSOH EFS
01-28 13:01:30.003  1660  1693 E HeatmapThread: !@ CAM New BSOH: 0
01-28 13:01:30.382  2415  3134 D SemWifiEleStateTracker: Pressure Diff: 0.0076904297
01-28 13:01:30.383  2415  3134 D SemWifiEleStateTracker: Barometer value: Prev 886.1728 Current 886.1805 mSmallBaroDetected : false
01-28 13:01:30.551  1557 31817 I sensors-hal: handle_sns_client_event:527, [1476] mag_sample_cal: ts=143552073227277 ns; cal = [32.381409, -10.763062, 3.360794], uncal = [-403.532623, -357.728363, -120.661179], bias = [-435.914032, -346.965302, -124.021973], status=3
01-28 13:01:30.593  1557 31773 I sensors-hal: handle_sns_client_event:550, [0][8346] accel_sample [ 0.319, -0.266,  9.759] 143552025531861
01-28 13:01:30.698  1157  1157 D io_stats: !@   8,0 r 10602968 214268969 w 2894838 45436792 d 813893 38455788 f 0 286695 iot 4683252 0 th 0 0 0 pt 0 inp 0 0 40957.116
01-28 13:01:30.707  1557 31819 I sensors-hal: handle_sns_std_sensor_event:138, [748] Pressure 886.177, cal 0.000, sw_offset 0.450
01-28 13:01:30.747  2415  3007 D WifiStaIfaceHidlImpl: getCachedScanData is not implemented by HIDL
01-28 13:01:30.750  2415  5153 D SemWifiUsabilityStatsMonitor: onWifiUsabilityStats - seqNum 5466, isSameBssidAndFreq true
01-28 13:01:31.001  1660  1693 E HeatmapThread: ECT Thread time in milliseconds: 1769594491
01-28 13:01:31.001  1660  1693 D HeatmapThread: !@ batteryplugType : 0
01-28 13:01:31.001  1660  1693 D HeatmapThread: !@ batteryLevel : 0  batteryTemperature : 0 
01-28 13:01:31.002  1660  1693 D HeatmapThread: !@ Heatmap currtime: 29493241
01-28 13:01:31.002  1660  1693 D HeatmapThread: !@ Heatmap prevtime: 29493227
01-28 13:01:31.002  1660  1693 D HeatmapThread: !@ Heatmap plugstarttime: 35791394
01-28 13:01:31.002  1660  1693 D HeatmapThread: !@ Heatmap prevv_dsoh_update_time: 29490849
01-28 13:01:31.002  1660  1693 E HeatmapThread: !@Could not open '/efs/FactoryApp/bsoh', errno = 13
01-28 13:01:31.002  1660  1693 E HeatmapThread: !@ CAM Could not access BSOH EFS
01-28 13:01:31.002  1660  1693 E HeatmapThread: !@ CAM New BSOH: 0
01-28 13:01:31.250 32400 32521 D omnistore_android_logger: AlarmManager::mainLoop calling alarm callbacks. There are total 0 scheduled tasks, and about to trigger 0 tasks (first task is N/A), then sleep for 43199999 ms
01-28 13:01:32.002  1660  1693 E HeatmapThread: ECT Thread time in milliseconds: 1769594492
01-28 13:01:32.002  1660  1693 D HeatmapThread: !@ batteryplugType : 0
01-28 13:01:32.003  1660  1693 D HeatmapThread: !@ batteryLevel : 0  batteryTemperature : 0 
01-28 13:01:32.003  1660  1693 D HeatmapThread: !@ Heatmap currtime: 29493241
01-28 13:01:32.003  1660  1693 D HeatmapThread: !@ Heatmap prevtime: 29493227
01-28 13:01:32.003  1660  1693 D HeatmapThread: !@ Heatmap plugstarttime: 35791394
01-28 13:01:32.003  1660  1693 D HeatmapThread: !@ Heatmap prevv_dsoh_update_time: 29490849
01-28 13:01:32.003  1660  1693 E HeatmapThread: !@Could not open '/efs/FactoryApp/bsoh', errno = 13
01-28 13:01:32.003  1660  1693 E HeatmapThread: !@ CAM Could not access BSOH EFS
01-28 13:01:32.004  1660  1693 E HeatmapThread: !@ CAM New BSOH: 0
01-28 13:01:32.412 32400 32497 E msgr.msys: E[N mns]_OnDiskCacheGetData(632)=>Start post callback cache refresh DNS resolution
01-28 13:01:32.413 32400 32497 E msgr.msys: E[N mns]_OnDiskCacheGetData(632)=>Start post callback cache refresh DNS resolution
01-28 13:01:32.418  2415  3160 D NetdEventListenerService: DNS Requested by 131, 10350(com.facebook.orca), 4(FAIL), isBlocked=true, 0ms
01-28 13:01:32.420  2415  3160 D NetdEventListenerService: DNS Requested by 131, 10350(com.facebook.orca), 4(FAIL), isBlocked=true, 0ms
01-28 13:01:32.430 32400 32497 E msgr.msys: E[N mns]_LogError(228)=>Failed to resolve using system DNS resolver, getaddrinfo(): No address associated with hostname
01-28 13:01:32.430 32400 32497 E msgr.msys: E[N mns]_LogError(228)=>Failed to resolve using system DNS resolver, getaddrinfo(): No address associated with hostname
01-28 13:01:32.436  2415  3134 I SemWifiEleStateTracker: Ele Parameters BD : 13 13 13 13 13 13 MD : -101 -101 -101 -101 -101 -101 WD : -41 -42 -42 -42 -43 -43 GC : false false false false false false SC : false false false false false false SH : false false false false false false TB : false false false false false false
01-28 13:01:32.436  2415  3134 D SemWifiEleStateTracker: Pressure Diff: 0.017333984
01-28 13:01:32.436  2415  3134 D SemWifiEleStateTracker: Barometer value: Prev 886.1805 Current 886.1978 mSmallBaroDetected : false
01-28 13:01:32.550  1557 31817 I sensors-hal: handle_sns_client_event:527, [1496] mag_sample_cal: ts=143554073227277 ns; cal = [32.561493, -8.195526, 2.121033], uncal = [-403.352539, -355.160828, -121.900940], bias = [-435.914032, -346.965302, -124.021973], status=3
01-28 13:01:32.589  1557 31773 I sensors-hal: handle_sns_client_event:550, [0][8453] accel_sample [ 0.319, -0.264,  9.766] 143554040199361
01-28 13:01:32.638  1557 30599 I sensors-hal: handle_sns_std_sensor_event:311, [SSC_LIGHT] P: 10(10),m:7,c:72,b:71,c0:1040,l:10,f(r):76,u(bl):100,j:6
01-28 13:01:32.699  1157  1157 D io_stats: !@   8,0 r 10602968 214268969 w 2894896 45437072 d 813924 38456052 f 0 286705 iot 4683280 0 th 0 0 0 pt 0 inp 0 0 40959.117
01-28 13:01:32.701  1157  1157 D io_stats: !@ Write_top(KB): kworker/u16:12(30354) 240 init(1) 56 f2fs_ckpt-254:5(1249) 52
01-28 13:01:32.708  1557 31819 I sensors-hal: handle_sns_std_sensor_event:138, [758] Pressure 886.195, cal 0.000, sw_offset 0.450
01-28 13:01:32.717  3201  3201 I wpa_supplicant: Heartbeat 7438
01-28 13:01:33.001  1660  1693 E HeatmapThread: ECT Thread time in milliseconds: 1769594493
01-28 13:01:33.001  1660  1693 D HeatmapThread: !@ batteryplugType : 0
01-28 13:01:33.002  1660  1693 D HeatmapThread: !@ batteryLevel : 0  batteryTemperature : 0 
01-28 13:01:33.002  1660  1693 D HeatmapThread: !@ Heatmap currtime: 29493241
01-28 13:01:33.002  1660  1693 D HeatmapThread: !@ Heatmap prevtime: 29493227
01-28 13:01:33.002  1660  1693 D HeatmapThread: !@ Heatmap plugstarttime: 35791394
01-28 13:01:33.002  1660  1693 D HeatmapThread: !@ Heatmap prevv_dsoh_update_time: 29490849
01-28 13:01:33.002  1660  1693 E HeatmapThread: !@Could not open '/efs/FactoryApp/bsoh', errno = 13
01-28 13:01:33.002  1660  1693 E HeatmapThread: !@ CAM Could not access BSOH EFS
01-28 13:01:33.002  1660  1693 E HeatmapThread: !@ CAM New BSOH: 0
01-28 13:01:33.398  1557 30597 I sensors-hal: handle_sns_client_event:185, auto_rotation_debug_2 mode,255, type,1,0 acc,0.345,-0.290,9.772, ar,0, ver,14, pedo,1,e,1,i,3
01-28 13:01:33.771  2415  3007 D WifiStaIfaceHidlImpl: getCachedScanData is not implemented by HIDL
01-28 13:01:33.775  2415  5153 D SemWifiUsabilityStatsMonitor: onWifiUsabilityStats - seqNum 5467, isSameBssidAndFreq true
01-28 13:01:34.001  1660  1693 E HeatmapThread: ECT Thread time in milliseconds: 1769594494
01-28 13:01:34.001  1660  1693 D HeatmapThread: !@ batteryplugType : 0
01-28 13:01:34.002  1660  1693 D HeatmapThread: !@ batteryLevel : 0  batteryTemperature : 0 
01-28 13:01:34.002  1660  1693 D HeatmapThread: !@ Heatmap currtime: 29493241
01-28 13:01:34.002  1660  1693 D HeatmapThread: !@ Heatmap prevtime: 29493227
01-28 13:01:34.002  1660  1693 D HeatmapThread: !@ Heatmap plugstarttime: 35791394
01-28 13:01:34.002  1660  1693 D HeatmapThread: !@ Heatmap prevv_dsoh_update_time: 29490849
01-28 13:01:34.002  1660  1693 E HeatmapThread: !@Could not open '/efs/FactoryApp/bsoh', errno = 13
01-28 13:01:34.002  1660  1693 E HeatmapThread: !@ CAM Could not access BSOH EFS
01-28 13:01:34.003  1660  1693 E HeatmapThread: !@ CAM New BSOH: 0
01-28 13:01:34.142  2415  4439 I NSLocationMonitor: getGPSUsingApps() called
01-28 13:01:34.143  4436  7926 I NSLocationManager_FLP: getGPSUsingApps, No change
01-28 13:01:34.158  2415  4439 D FreecessHandler: freeze com.synapsenotes.ai(10428) result : 2
01-28 13:01:34.438  2415  3134 D SemWifiEleStateTracker: Pressure Diff: -0.020507812
01-28 13:01:34.439  2415  3134 D SemWifiEleStateTracker: Barometer value: Prev 886.1978 Current 886.1773 mSmallBaroDetected : false
01-28 13:01:34.550  1557 31817 I sensors-hal: handle_sns_client_event:527, [1516] mag_sample_cal: ts=143556073227277 ns; cal = [32.724365, -10.456329, 3.357880], uncal = [-403.189667, -357.421631, -120.664093], bias = [-435.914032, -346.965302, -124.021973], status=3
01-28 13:01:34.594  1557 31773 I sensors-hal: handle_sns_client_event:550, [0][8560] accel_sample [ 0.324, -0.268,  9.769] 143556054864465
01-28 13:01:34.702  1157  1157 D io_stats: !@   8,0 r 10602968 214268969 w 2894899 45437108 d 813924 38456052 f 0 286705 iot 4683288 0 th 0 0 0 pt 0 inp 0 0 40961.120
01-28 13:01:34.708  1557 31819 I sensors-hal: handle_sns_std_sensor_event:138, [768] Pressure 886.184, cal 0.000, sw_offset 0.450
01-28 13:01:35.002  1660  1693 E HeatmapThread: ECT Thread time in milliseconds: 1769594495
01-28 13:01:35.002  1660  1693 D HeatmapThread: !@ batteryplugType : 0
01-28 13:01:35.003  1660  1693 D HeatmapThread: !@ batteryLevel : 0  batteryTemperature : 0 
01-28 13:01:35.003  1660  1693 D HeatmapThread: !@ Heatmap currtime: 29493241
01-28 13:01:35.003  1660  1693 D HeatmapThread: !@ Heatmap prevtime: 29493227
01-28 13:01:35.003  1660  1693 D HeatmapThread: !@ Heatmap plugstarttime: 35791394
01-28 13:01:35.003  1660  1693 D HeatmapThread: !@ Heatmap prevv_dsoh_update_time: 29490849
01-28 13:01:35.003  1660  1693 E HeatmapThread: !@Could not open '/efs/FactoryApp/bsoh', errno = 13
01-28 13:01:35.003  1660  1693 E HeatmapThread: !@ CAM Could not access BSOH EFS
01-28 13:01:35.003  1660  1693 E HeatmapThread: !@ CAM New BSOH: 0
01-28 13:01:35.371  1555  1555 I android.hardware.health@2.1-service-samsung: updateLrpSysfs: write: 275
01-28 13:01:35.489  1555  1569 E BatteryDump: !@new_battery_dump : 4019,303,475,550,75,264,265,274,265,0,276,271,0,Charging,NO_CHARGING,Normal,Good,USB,1,Normal,0,0,9600,0x0,0x20000,0x0,0,0,0000,0000,00000000,0,0,0,0,1195,3998,7488,990,0,
01-28 13:01:36.001  1660  1693 E HeatmapThread: ECT Thread time in milliseconds: 1769594496
01-28 13:01:36.001  1660  1693 D HeatmapThread: !@ batteryplugType : 0
01-28 13:01:36.002  1660  1693 D HeatmapThread: !@ batteryLevel : 0  batteryTemperature : 0 
01-28 13:01:36.002  1660  1693 D HeatmapThread: !@ Heatmap currtime: 29493241
01-28 13:01:36.002  1660  1693 D HeatmapThread: !@ Heatmap prevtime: 29493227
01-28 13:01:36.002  1660  1693 D HeatmapThread: !@ Heatmap plugstarttime: 35791394
01-28 13:01:36.002  1660  1693 D HeatmapThread: !@ Heatmap prevv_dsoh_update_time: 29490849
01-28 13:01:36.002  1660  1693 E HeatmapThread: !@Could not open '/efs/FactoryApp/bsoh', errno = 13
01-28 13:01:36.002  1660  1693 E HeatmapThread: !@ CAM Could not access BSOH EFS
01-28 13:01:36.003  1660  1693 E HeatmapThread: !@ CAM New BSOH: 0
01-28 13:01:36.374  2415  3138 D WifiConnectivityMonitor.NetworkStatsAnalyzer: Backhaul Disconnection due to RetransSeg
01-28 13:01:36.374  2415  3138 D WifiConnectivityMonitor.NetworkStatsAnalyzer: Backhaul result - RSSI:-41, CE:9, PE:9, TI:13, PTI:14, TW:0, PTW:0, Tx:10, Rx:2, TxS:2, RxS:0, RESULT:true, IC:2, ICT:5, WC:6, WCT:5, R:0, RC:6, IE:0, EC:0
01-28 13:01:36.518  2415  3134 D SemWifiEleStateTracker: Pressure Diff: 0.0063476562
01-28 13:01:36.519  2415  3134 D SemWifiEleStateTracker: Barometer value: Prev 886.1773 Current 886.18365 mSmallBaroDetected : false
01-28 13:01:36.551  1557 31817 I sensors-hal: handle_sns_client_event:527, [1536] mag_sample_cal: ts=143558073227277 ns; cal = [30.780487, -10.514404, 3.093361], uncal = [-405.133545, -357.479706, -120.928612], bias = [-435.914032, -346.965302, -124.021973], status=3
01-28 13:01:36.592  1557 31773 I sensors-hal: handle_sns_client_event:550, [0][8667] accel_sample [ 0.319, -0.279,  9.759] 143558069527382
01-28 13:01:36.704  1157  1157 D io_stats: !@   8,0 r 10602970 214269041 w 2894908 45437628 d 813924 38456052 f 0 286705 iot 4683308 0 th 0 0 0 pt 0 inp 0 0 40963.122
01-28 13:01:36.705  1157  1157 D io_stats: !@ Read_top(KB): system_server(2415) 72
01-28 13:01:36.705  1157  1157 D io_stats: !@ Write_top(KB): kworker/u16:8(30351) 512 sait.sohservice(32041) 36 android.hardwar(1555) 8
01-28 13:01:36.708  1557 31819 I sensors-hal: handle_sns_std_sensor_event:138, [778] Pressure 886.186, cal 0.000, sw_offset 0.450
01-28 13:01:36.820  2415  3007 D WifiStaIfaceHidlImpl: getCachedScanData is not implemented by HIDL
01-28 13:01:36.824  2415  5153 D SemWifiUsabilityStatsMonitor: onWifiUsabilityStats - seqNum 5468, isSameBssidAndFreq true
01-28 13:01:36.953  1557 30599 I sensors-hal: handle_sns_std_sensor_event:311, [SSC_LIGHT] P: 10(10),m:7,c:72,b:71,c0:1040,l:10,f(r):76,u(bl):100,j:5
01-28 13:01:37.001  1660  1693 E HeatmapThread: ECT Thread time in milliseconds: 1769594497
01-28 13:01:37.001  1660  1693 D HeatmapThread: !@ batteryplugType : 0
01-28 13:01:37.002  1660  1693 D HeatmapThread: !@ batteryLevel : 0  batteryTemperature : 0 
01-28 13:01:37.002  1660  1693 D HeatmapThread: !@ Heatmap currtime: 29493241
01-28 13:01:37.002  1660  1693 D HeatmapThread: !@ Heatmap prevtime: 29493227
01-28 13:01:37.002  1660  1693 D HeatmapThread: !@ Heatmap plugstarttime: 35791394
01-28 13:01:37.002  1660  1693 D HeatmapThread: !@ Heatmap prevv_dsoh_update_time: 29490849
01-28 13:01:37.002  1660  1693 E HeatmapThread: !@Could not open '/efs/FactoryApp/bsoh', errno = 13
01-28 13:01:37.002  1660  1693 E HeatmapThread: !@ CAM Could not access BSOH EFS
