01-28 13:02:54.417  2415  2987 D SemContextService: Service.updateContext() : service = SLocation Core
01-28 13:02:54.418 18510 18551 I ActivityScheduler: nextTriggerTime: 143695092, in 59142ms, detectorType: 39, FULL_TYPE alarmWindowMillis: 7500
01-28 13:02:54.418  2415  2415 D SemContextManager: onSemContextChanged() : event = SLocation Core
01-28 13:02:54.418  2415  2415 D SLocation: SensorHubWrapper - SemContextChanged type = 47, packet received
01-28 13:02:54.418  2415  3891 D SLocation: GeofenceCoreManager - received Extra Data from core, len : 51
01-28 13:02:54.419  2415  3891 D SLocation: CommonCoreManager - received Extra Data from core, len : 51
01-28 13:02:54.419  2415  3891 D SLocation: GeofenceCoreManager - received Extra Data from core, len : 5
01-28 13:02:54.419  2415  3891 D SLocation: GeofenceCoreManager - handleCommandCallback - GEOFENCE_REMOVE SUCCESS
01-28 13:02:54.419  2415  3891 I SLocation: SHardwareManager - handleRemoveCallback : GEOFENCE_SUCCESS, id = 15000
01-28 13:02:54.419  2415  3891 D SLocation: CommonCoreManager - received Extra Data from core, len : 5
01-28 13:02:54.419  2415  3891 D SLocation: GeofenceCoreManager - received Extra Data from core, len : 5
01-28 13:02:54.419  2415  3891 D SLocation: GeofenceCoreManager - handleCommandCallback - GEOFENCE_ADD SUCCESS
01-28 13:02:54.419  2415  3891 I SLocation: SHardwareManager - handleAddCallback : GEOFENCE_SUCCESS id = 15000
01-28 13:02:54.419  2415  3891 D SLocation: CommonCoreManager - received Extra Data from core, len : 5
01-28 13:02:54.447  2415  3007 D WifiStaIfaceHidlImpl: getCachedScanData is not implemented by HIDL
01-28 13:02:54.509  1557 31819 I sensors-hal: handle_sns_std_sensor_event:138, [1172] Pressure 886.164, cal 0.000, sw_offset 0.450
01-28 13:02:54.533  1557 31817 I sensors-hal: handle_sns_client_event:527, [2316] mag_sample_cal: ts=143636057696057 ns; cal = [32.711121, -9.681458, 7.935463], uncal = [-403.202911, -356.646759, -116.086510], bias = [-435.914032, -346.965302, -124.021973], status=3
01-28 13:02:54.540  2415  4927 W AppOps  : Noting op not finished: uid 10233 pkg com.google.android.gms code 113 startTime of in progress event=1769594304981
01-28 13:02:54.712  1557 30599 I sensors-hal: handle_sns_std_sensor_event:311, [SSC_LIGHT] P: 10(10),m:7,c:72,b:71,c0:1024,l:10,f(r):76,u(bl):100,j:6
01-28 13:02:54.780  1157  1157 D io_stats: !@   8,0 r 10603174 214276901 w 2895517 45456092 d 814166 38458332 f 0 286745 iot 4684152 0 th 0 0 0 pt 0 inp 0 0 41041.198
01-28 13:02:54.845  2415  3107 I SemWifiServiceDetector: Service det. resumed: T / T / 27487
01-28 13:02:54.966  2415   866 D WifiConnectivityMonitor.DnsThread:  [|211] []
01-28 13:02:54.967  2415  3138 D WifiConnectivityMonitor.NetworkStatsAnalyzer: DNS resultType : 0, responseTime : 211
01-28 13:02:54.967  2415  3134 D OpenNetworkQos[4.00]: updateBssidLatestDnsResultType - result: 0
01-28 13:02:54.967  2415  3134 D OpenNetworkQos[4.00]: updateBssidNoInternet: mBssidNoInternet = false
01-28 13:02:54.968  2415  3134 D OpenNetworkQos[4.00]: getOpenNetworkQosNoInternetStatus: false
01-28 13:02:54.968  2415  3134 D OpenNetworkQos[4.00]: getOpenNetworkQosScores: 20 30 30 
01-28 13:02:54.968  2415  3134 D KNOX_MDM_SettingsProvider: isChangeAllowed() : name = wifi_wcm_qos_sharing_score_summary
01-28 13:02:54.969  2415  3134 I WifiProfileShare: network QoS data was changed (internet), updateQoSData networkType: true, qosData: false
01-28 13:02:54.970  2415  4550 V WifiProfileShare.Caster: update wips network, size: 0
01-28 13:02:54.970  2415  4550 D WifiProfileShare: nearby scanning settings run
01-28 13:02:54.970  2415  4550 D WifiProfileShare: network score provider settings enabled
01-28 13:02:54.970  2415  4550 D OpenNetworkQos[4.00]: getOpenNetworkQosScores: 20 30 30 
01-28 13:02:54.970  2415  4550 D OpenNetworkQos[4.00]: getOpenNetworkQosNoInternetStatus: false
01-28 13:02:54.970  2415  4550 I WifiProfileShare.Caster: current network type: 0, score: [20, 30, 30]
01-28 13:02:54.971  2415  4550 V WifiProfileShare.Cache: update network score 40:ed:00:**:**:df
01-28 13:02:54.972  2415  4550 D WifiProfileShare.ScanMatcher: getMcfDataList size:4
01-28 13:02:54.972  2415  4550 I WifiProfileShare.Caster: qos data was updated , before:type:QOS, pBssid:6f:30:9f, qosData:63 after:type:QOS, pBssid:6f:30:9f, qosData:63
01-28 13:02:54.973  2415  4550 I [MCFSDK_android_1.3.7026]_4_McfCasterImpl: isNetworkEnabled - type : 1 ret : true
01-28 13:02:54.973  2415  4550 D WifiProfileShare.McfCast: -ME--- mIsNetworkEnabled :true
01-28 13:02:54.973  2415  4550 D WifiProfileShare.McfCast: updateQoSData ignored, same contents
01-28 13:02:54.973  2415  4550 D WifiProfileShare.MCF: success update QosData !
01-28 13:02:54.974  2415  4550 I [MCFSDK_android_1.3.7026]_4_McfCasterImpl: isNetworkEnabled - type : 1 ret : true
01-28 13:02:54.974  2415  4550 D WifiProfileShare.McfCast: -ME--- mIsNetworkEnabled :true
01-28 13:02:54.975  2415  4550 D WifiProfileShare.McfCast: -ME--- updatePasswordDate pwdData size:4
01-28 13:02:55.001  1660  1693 E HeatmapThread: ECT Thread time in milliseconds: 1769594575
01-28 13:02:55.001  1660  1693 D HeatmapThread: !@ batteryplugType : 0
01-28 13:02:55.001  1660  1693 D HeatmapThread: !@ batteryLevel : 0  batteryTemperature : 0 
01-28 13:02:55.002  1660  1693 D HeatmapThread: !@ Heatmap currtime: 29493242
01-28 13:02:55.002  1660  1693 D HeatmapThread: !@ Heatmap prevtime: 29493227
01-28 13:02:55.002  1660  1693 D HeatmapThread: !@ Heatmap plugstarttime: 35791394
01-28 13:02:55.002  1660  1693 D HeatmapThread: !@ Heatmap prevv_dsoh_update_time: 29490849
01-28 13:02:55.002  1660  1693 E HeatmapThread: !@Could not open '/efs/FactoryApp/bsoh', errno = 13
01-28 13:02:55.002  1660  1693 E HeatmapThread: !@ CAM Could not access BSOH EFS
01-28 13:02:55.002  1660  1693 E HeatmapThread: !@ CAM New BSOH: 0
01-28 13:02:55.209  1557 31773 I sensors-hal: handle_sns_client_event:550, [0][12840] accel_sample [ 0.354, -0.200,  9.773] 143636640616734
01-28 13:02:55.411  1543  4350 I vendor.qti.bluetooth@1.0-ibs_handler: ProcessIbsCmd: Received IBS_WAKE_IND: 0xFD
01-28 13:02:55.411  1543  4350 D vendor.qti.bluetooth@1.0-ibs_handler: SerialClockVote: vote for UART CLK ON
01-28 13:02:55.412  1543  4350 D vendor.qti.bluetooth@1.0-wake_lock: Acquire wakelock is acquired 
01-28 13:02:55.412  1543  4350 I vendor.qti.bluetooth@1.0-ibs_handler: ProcessIbsCmd: Writing IBS_WAKE_ACK
01-28 13:02:55.424  3648  4367 I BluetoothHciVendorSpecificJni: android/app/jni/com_android_bluetooth_BluetoothHciVendorSpecific.cpp:84 onEvent: 
01-28 13:02:55.425  3648  4065 W bluetooth: system/main/shim/acl.cc:1472 OnConnectFail: Connection failed classic remote:xx:xx:xx:xx:87:95 reason:PAGE_TIMEOUT(0x04)
01-28 13:02:55.425  3648  4058 I l2c_csm : system/stack/l2cap/l2c_csm.cc:230 l2c_csm_execute: Enter CSM, chnl_state:CST_CLOSED [0] event:L2CEVT_LP_CONNECT_CFM_NEG(0x1) lcid:0x0048 rcid:0x0000
01-28 13:02:55.426  3648  4058 W bt_l2cap: system/stack/l2cap/l2c_api.cc:917 L2CA_DisconnectReq: L2CAP - no CCB for L2CA_disc_req, CID: 72
01-28 13:02:55.426  3648  4058 W stack::sdp: system/stack/sdp/sdp_main.cc:338 sdp_disconnect: Unable to disconnect L2CAP peer:xx:xx:xx:xx:87:95 cid:72
01-28 13:02:55.426  3648  4058 W bluetooth: system/bta/jv/bta_jv_act.cc:843 bta_jv_start_discovery_cback: Received service discovery callback failed bd_addr:xx:xx:xx:xx:87:95 result:tSDP_STATUS::SDP_CFG_FAILED
01-28 13:02:55.426  3648  4058 I bluetooth: system/bta/jv/bta_jv_act.cc:846 bta_jv_start_discovery_cback: Issuing service discovery complete callback bd_addr:xx:xx:xx:xx:87:95 result:tSDP_STATUS::SDP_CFG_FAILED status:tBTA_JV_STATUS::FAILURE scn:0
01-28 13:02:55.426  3648  4058 I bt_btif_sock_rfcomm: system/btif/src/btif_sock_rfc.cc:1024 jv_dm_cback: handling event:BTA_JV_DISCOVERY_COMP_EVT, slot_id:606
01-28 13:02:55.426  3648  4058 E bt_btif_sock_rfcomm: system/btif/src/btif_sock_rfc.cc:1157 handle_discovery_comp: SDP service discovery completed for slot_id: 606 with the result status: tBTA_JV_STATUS::FAILURE, scn: 0
01-28 13:02:55.427  3648  4058 I bt_btif_sock_rfcomm: system/btif/src/btif_sock_rfc.cc:557 cleanup_rfc_slot: disconnected from RFCOMM socket connections for device: xx:xx:xx:xx:87:95, scn: -1, app_uid: 10233, slot_id: 606, socket_id: 0
01-28 13:02:55.427  3648  4386 W bt_btif_sock_rfcomm: system/btif/src/btif_sock_rfc.cc:1306 btsock_rfc_signaled_flagged: RFCOMM slot_id 606 not found.
01-28 13:02:55.427  3648  4058 I l2c_link: system/stack/l2cap/l2c_link.cc:168 l2c_link_hci_conn_comp: Disconnecting link handle:0xffff status:HCI_ERR_PAGE_TIMEOUT
01-28 13:02:55.428  3648  4058 W btm_acl : system/stack/acl/btm_acl.cc:564 btm_acl_removed: 
01-28 13:02:55.428  3648  4058 W btm_acl : system/stack/acl/btm_acl.cc:567 btm_acl_removed: Unable to find active acl
01-28 13:02:55.433 18510 18968 W WearableConn: Failed to connect, error: read failed, socket might closed or timeout, read ret: -1
01-28 13:02:55.433 18510 18968 D BluetoothSocket: close() this: XX:XX:XX:XX:87:95, channel: -1, mSocketIS: android.net.LocalSocketImpl$SocketInputStream@13c01fe, mSocketOS: android.net.LocalSocketImpl$SocketOutputStream@79c6d5f, mSocket: android.net.LocalSocket@d67b3ac impl:android.net.LocalSocketImpl@ee1875 fd:java.io.FileDescriptor@1a7cbf9, mSocketState: INIT
01-28 13:02:55.435 18510 18968 I WearableConn: Setting alarm for 256.0 seconds to retry connection
01-28 13:02:55.436 18510 18968 E ActivityThread: Failed to find provider info for AC:80:FB:88:87:95
01-28 13:02:55.440 18510 18968 I AlarmManager: setExactAndAllowWhileIdle [name: WearableBluetooth type: 2 triggerAtMillis: 143892967]
01-28 13:02:55.464  1543  4350 I vendor.qti.bluetooth@1.0-ibs_handler: ProcessIbsCmd: Received IBS_SLEEP_IND: 0xFE
01-28 13:02:55.464  1543  4350 D vendor.qti.bluetooth@1.0-ibs_handler: SerialClockVote: vote for UART CLK OFF
01-28 13:02:55.499  1557  1557 I sensors-hal: set_config:61, sample_period_ns is adjusted to 200000000 based on min/max delay_ns
01-28 13:02:55.500  1557  1557 I sensors-hal: send_sensor_config_request:508, resampler is used, set resampler config
01-28 13:02:55.500  1557  1557 I sensors-hal: send_sync_sensor_request:448, send sync request
01-28 13:02:55.500  1557  1557 I sensors-hal: send_sync_sensor_request:474, wait for notification of response
01-28 13:02:55.504  1557 31819 I sensors-hal: ssc_conn_resp_cb:833, resp_value = 0
01-28 13:02:55.504  1557  1557 I sensors-hal: send_sync_sensor_request:480, takes 3 ms to receive the response with 0
01-28 13:02:55.504  1557  1557 I sensors-hal: batch:511, android.sensor.pressure/61, period=200000000, max_latency=0 request completed
01-28 13:02:55.506 18510 18590 D SensorManager: unregisterListener
01-28 13:02:55.615  1543  4072 D vendor.qti.bluetooth@1.0-wake_lock: Release wakelock is released 
01-28 13:02:55.734  2415  2953 I HqmInfo::HqmManagerService: MSG_TYPE:MSG_TYPE_PROCESS_LOG_BY_HQM
01-28 13:02:55.740  2415  2500 D ActivityManager: sync unfroze 12357 com.samsung.android.dqagent for 3
01-28 13:02:55.900  2415  3007 D WifiStaIfaceHidlImpl: getCachedScanData is not implemented by HIDL
01-28 13:02:55.904  2415  5153 D SemWifiUsabilityStatsMonitor: onWifiUsabilityStats - seqNum 5494, isSameBssidAndFreq true
01-28 13:02:55.908  2415  3109 I SemWifiLinkQualityMonitor: Link stat: 879 / 5 / 2,00 (2) / 780 / -43.0 || 100.0 : 780,00 / 0.5 : 0,50 / G (B) || 008230df5220: 0,238 / 33,649 / N || N N / 0 0 / N 2.0 / N X 0 / 41042323 0 || 2026-01-28 13:02:55  / 0: 0 0 0 0 0 0 / 0: 0 0 0 0 0 0 / 0: 0 0 0 0 0 0
01-28 13:02:55.909  4043  4182 I HoneySpace.StatusIconTracker: invokeEvent() called with: event = Wifi(visible=true, resId=2131236018, activityId=2131236043)
01-28 13:02:55.948  1676  1920 D DisplayModeController: setDesiredMode 4630947232161729154 {mode={fps=120.00 Hz, modePtr={id=0, vsyncRate=120.00 Hz, peakRefreshRate=120.00 Hz}}, emitEvent=true, force=false}
01-28 13:02:55.952  1676  1892 I VSyncReactor: Current= 24, Period= 120, hwcPeriod= 24
01-28 13:02:55.972  1676  1676 I SurfaceFlinger: SFWD update time=41042390926373
01-28 13:02:55.975  1676  1676 I SurfaceFlinger: No layers with votes - choose 120.00 Hz
01-28 13:02:55.976  1676  1676 I HWComposer: [4630947232161729154] ActiveConfigToHWC, ID : 0
01-28 13:02:55.978  1588  1889 I SDM     : HWCDisplay::SubmitDisplayConfig: [DispConfigs] config 9 => 0, hs_mode 3 => 3
01-28 13:02:55.978  1588  1889 I SDM     : HWDeviceDRM::SetDisplaySwitchMode: [DispConfigs] check hs_mode 3
01-28 13:02:55.978  1588  1889 I SDM     : HWDeviceDRM::SetDisplaySwitchMode: [DispConfigs] Set mode index:0 1080x2340x120xcmdHS, hs_mode(3), found_mode(0)
01-28 13:02:55.978  1588  1889 I SDM     : HWDeviceDRM::UpdateMixerAttributes: Mixer WxH 1080x2340-1 for Peripheral
01-28 13:02:55.979  1588  1889 I SDM     : HWCDisplay::SubmitDisplayConfig: Active configuration changed from config 9 to 0
01-28 13:02:55.994  1676  1892 I VSyncReactor: Current= 24, Period= 120, hwcPeriod= 120
01-28 13:02:56.001  1660  1693 E HeatmapThread: ECT Thread time in milliseconds: 1769594576
01-28 13:02:56.001  1660  1693 D HeatmapThread: !@ batteryplugType : 0
01-28 13:02:56.001  1660  1693 D HeatmapThread: !@ batteryLevel : 0  batteryTemperature : 0 
01-28 13:02:56.001  1660  1693 D HeatmapThread: !@ Heatmap currtime: 29493242
01-28 13:02:56.002  1660  1693 D HeatmapThread: !@ Heatmap prevtime: 29493227
01-28 13:02:56.002  1660  1693 D HeatmapThread: !@ Heatmap plugstarttime: 35791394
01-28 13:02:56.002  1660  1693 D HeatmapThread: !@ Heatmap prevv_dsoh_update_time: 29490849
01-28 13:02:56.002  1660  1693 E HeatmapThread: !@Could not open '/efs/FactoryApp/bsoh', errno = 13
01-28 13:02:56.002  1660  1693 E HeatmapThread: !@ CAM Could not access BSOH EFS
01-28 13:02:56.002  1660  1693 E HeatmapThread: !@ CAM New BSOH: 0
01-28 13:02:56.012  1676  1676 I SurfaceFlinger: finalizeDisplayModeChange 4630947232161729154
01-28 13:02:56.075  2415  3134 D SemWifiEleStateTracker: Pressure Diff: -0.007080078
01-28 13:02:56.075  2415  3134 D SemWifiEleStateTracker: Barometer value: Prev 886.16425 Current 886.15717 mSmallBaroDetected : false
01-28 13:02:56.225  1676  1920 D DisplayModeController: setDesiredMode 4630947232161729154 {mode={fps=24.00 Hz, modePtr={id=5, vsyncRate=24.00 Hz, peakRefreshRate=24.00 Hz}}, emitEvent=false, force=false}
01-28 13:02:56.227  1676  1676 I LayerHistory: StatusBar$_3758#103 voted NoVote (0.00 Hz)
01-28 13:02:56.227  1676  1676 I SurfaceFlinger: Idle - choose 24.00 Hz
01-28 13:02:56.228  1676  1676 I HWComposer: [4630947232161729154] ActiveConfigToHWC, ID : 9
01-28 13:02:56.229  1676  1892 I VSyncReactor: Current= 120, Period= 24, hwcPeriod= 120
01-28 13:02:56.229  1588  1889 I SDM     : HWCDisplay::SubmitDisplayConfig: [DispConfigs] config 0 => 9, hs_mode 3 => 3
01-28 13:02:56.229  1588  1889 I SDM     : HWDeviceDRM::SetDisplaySwitchMode: [DispConfigs] check hs_mode 3
01-28 13:02:56.229  1588  1889 I SDM     : HWDeviceDRM::SetDisplaySwitchMode: [DispConfigs] Set mode index:10 1080x2340x24xcmdPHS, hs_mode(3), found_mode(1)
01-28 13:02:56.230  1588  1889 I SDM     : HWDeviceDRM::UpdateMixerAttributes: Mixer WxH 1080x2340-1 for Peripheral
01-28 13:02:56.230  1588  1889 I SDM     : HWCDisplay::SubmitDisplayConfig: Active configuration changed from config 0 to 9
01-28 13:02:56.235  1676  1676 I SurfaceFlinger: finalizeDisplayModeChange 4630947232161729154
01-28 13:02:56.236  1676  1892 I VSyncReactor: Current= 120, Period= 24, hwcPeriod= 24
01-28 13:02:56.472  2415  3138 D WifiConnectivityMonitor.NetworkStatsAnalyzer: Backhaul Disconnection due to TCP Sockets
01-28 13:02:56.473  2415  3138 D WifiConnectivityMonitor.NetworkStatsAnalyzer: Backhaul Disconnection due to RetransSeg
01-28 13:02:56.473  2415  3138 D WifiConnectivityMonitor.NetworkStatsAnalyzer: Backhaul result - RSSI:-43, CE:9, PE:9, TI:13, PTI:14, TW:0, PTW:0, Tx:15, Rx:5, TxS:3, RxS:0, RESULT:true, IC:7, ICT:5, WC:14, WCT:5, R:0, RC:14, IE:0, EC:0
01-28 13:02:56.536  1557 31817 I sensors-hal: handle_sns_client_event:527, [2336] mag_sample_cal: ts=143638057696057 ns; cal = [31.955353, -10.717743, 3.863899], uncal = [-403.958679, -357.683044, -120.158073], bias = [-435.914032, -346.965302, -124.021973], status=3
01-28 13:02:56.608  1557 31819 I sensors-hal: handle_sns_std_sensor_event:138, [1187] Pressure 886.156, cal 0.000, sw_offset 0.450
01-28 13:02:56.781  1157  1157 D io_stats: !@   8,0 r 10603175 214276905 w 2895528 45456140 d 814166 38458332 f 0 286746 iot 4684160 0 th 0 0 0 pt 0 inp 0 0 41043.199
01-28 13:02:56.782  1157  1157 D io_stats: !@ Read_top(KB): system_server(2415) 300 loop48(1358) 288 android.dqagent(12357) 4
01-28 13:02:56.782  1157  1157 D io_stats: !@ Write_top(KB): android.dqagent(12357) 44 sait.sohservice(32041) 24 .sec.imsservice(3427) 8
01-28 13:02:56.849  1555  1555 I android.hardware.health@2.1-service-samsung: updateLrpSysfs: write: 271
01-28 13:02:56.963  1555  1569 E BatteryDump: !@new_battery_dump : 4032,310,475,550,75,261,265,269,261,0,272,266,0,Charging,NO_CHARGING,Normal,Good,USB,1,Normal,0,0,9600,0x0,0x20000,0x0,0,0,0000,0000,00000000,0,0,0,0,1195,3999,7514,990,0,
01-28 13:02:57.002  1660  1693 E HeatmapThread: ECT Thread time in milliseconds: 1769594577
01-28 13:02:57.003  1660  1693 D HeatmapThread: !@ batteryplugType : 0
01-28 13:02:57.003  1660  1693 D HeatmapThread: !@ batteryLevel : 0  batteryTemperature : 0 
01-28 13:02:57.003  1660  1693 D HeatmapThread: !@ Heatmap currtime: 29493242
01-28 13:02:57.003  1660  1693 D HeatmapThread: !@ Heatmap prevtime: 29493227
01-28 13:02:57.003  1660  1693 D HeatmapThread: !@ Heatmap plugstarttime: 35791394
01-28 13:02:57.003  1660  1693 D HeatmapThread: !@ Heatmap prevv_dsoh_update_time: 29490849
01-28 13:02:57.004  1660  1693 E HeatmapThread: !@Could not open '/efs/FactoryApp/bsoh', errno = 13
01-28 13:02:57.004  1660  1693 E HeatmapThread: !@ CAM Could not access BSOH EFS
01-28 13:02:57.004  1660  1693 E HeatmapThread: !@ CAM New BSOH: 0
01-28 13:02:57.213  1557 31773 I sensors-hal: handle_sns_client_event:550, [0][12947] accel_sample [ 0.288, -0.217,  9.750] 143638655254755
01-28 13:02:57.863  2415  3107 I SemWifiServiceDetector: Service det. suspended: T / T / 27487
01-28 13:02:57.968  3200  3333 D SatelliteController: isInCarrierRoamingNbIotNtn: satellite is disabled
01-28 13:02:57.975  3278  3278 I EPDG -- SIM0 [SMARTCELLULAR]: onSignalStrengthsChanged: SignalStrength:{mCdma=Invalid,mGsm=Invalid,mWcdma=Invalid,mTdscdma=Invalid,mLte=CellSignalStrengthLte: rssi=-65 rsrp=-101 rsrq=-17 rssnr=8 cqiTableIndex=2147483647 cqi=2147483647 ta=2147483647 level=3 parametersUseForLevel=0,mNr=Invalid,SignalBarInfo{ lteLevel=2 },rat=14,primary=CellSignalStrengthLte}
01-28 13:02:57.976  3278  3689 I EPDG -- SIM0 [SMARTCELLULAR]: lastLteRSRP is -101 currentLteRSRP is -101 lastLteRSRQ is -16 currentLteRSRQ is -17 lastLteSNR is 8 currentLteSNR is 8
01-28 13:02:58.001  1660  1693 E HeatmapThread: ECT Thread time in milliseconds: 1769594578
01-28 13:02:58.001  1660  1693 D HeatmapThread: !@ batteryplugType : 0
01-28 13:02:58.001  1660  1693 D HeatmapThread: !@ batteryLevel : 0  batteryTemperature : 0 
01-28 13:02:58.002  1660  1693 D HeatmapThread: !@ Heatmap currtime: 29493242
01-28 13:02:58.002  1660  1693 D HeatmapThread: !@ Heatmap prevtime: 29493227
01-28 13:02:58.002  1660  1693 D HeatmapThread: !@ Heatmap plugstarttime: 35791394
01-28 13:02:58.002  1660  1693 D HeatmapThread: !@ Heatmap prevv_dsoh_update_time: 29490849
01-28 13:02:58.002  1660  1693 E HeatmapThread: !@Could not open '/efs/FactoryApp/bsoh', errno = 13
01-28 13:02:58.002  1660  1693 E HeatmapThread: !@ CAM Could not access BSOH EFS
01-28 13:02:58.002  1660  1693 E HeatmapThread: !@ CAM New BSOH: 0
01-28 13:02:58.127  1557 30597 I sensors-hal: handle_sns_client_event:185, auto_rotation_debug_2 mode,255, type,1,0 acc,0.273,-0.278,9.763, ar,0, ver,14, pedo,1,e,1,i,3
01-28 13:02:58.129  2415  3134 I SemWifiEleStateTracker: Ele Parameters BD : 13 13 13 13 13 13 MD : -101 -101 -101 -101 -101 -101 WD : -42 -43 -44 -44 -41 -43 GC : false false false false false false SC : false false false false false false SH : false false false false false false TB : false false false false false false
01-28 13:02:58.129  2415  3134 D SemWifiEleStateTracker: Pressure Diff: 0.0037841797
01-28 13:02:58.129  2415  3134 D SemWifiEleStateTracker: Barometer value: Prev 886.15717 Current 886.16095 mSmallBaroDetected : false
01-28 13:02:58.429  2415  4439 I NSLocationMonitor: getGPSUsingApps() called
01-28 13:02:58.430  4436  7926 I NSLocationManager_FLP: getGPSUsingApps, No change
01-28 13:02:58.444  2415  4439 D FreecessHandler: freeze com.synapsenotes.ai(10428) result : 2
01-28 13:02:58.536  1557 31817 I sensors-hal: handle_sns_client_event:527, [2356] mag_sample_cal: ts=143640057696057 ns; cal = [31.008728, -9.022308, 5.403824], uncal = [-404.905304, -355.987610, -118.618149], bias = [-435.914032, -346.965302, -124.021973], status=3
01-28 13:02:58.609  1557 31819 I sensors-hal: handle_sns_std_sensor_event:138, [1197] Pressure 886.157, cal 0.000, sw_offset 0.450
01-28 13:02:58.783  1157  1157 D io_stats: !@   8,0 r 10603178 214276917 w 2895622 45458624 d 814208 38458648 f 0 286751 iot 4684228 0 th 0 0 0 pt 0 inp 0 0 41045.201
01-28 13:02:58.932  2415  3007 D WifiStaIfaceHidlImpl: getCachedScanData is not implemented by HIDL
01-28 13:02:58.936  2415  5153 D SemWifiUsabilityStatsMonitor: onWifiUsabilityStats - seqNum 5495, isSameBssidAndFreq true
01-28 13:02:58.941  4043  4182 I HoneySpace.StatusIconTracker: invokeEvent() called with: event = Wifi(visible=true, resId=2131236018, activityId=2131236053)
01-28 13:02:58.958  1676  1892 I VSyncReactor: Current= 24, Period= 24, hwcPeriod= 24
01-28 13:02:58.965  1676  1920 D DisplayModeController: setDesiredMode 4630947232161729154 {mode={fps=120.00 Hz, modePtr={id=0, vsyncRate=120.00 Hz, peakRefreshRate=120.00 Hz}}, emitEvent=true, force=false}
01-28 13:02:58.995  1676  1676 I SurfaceFlinger: No layers with votes - choose 120.00 Hz
01-28 13:02:58.997  1676  1676 I HWComposer: [4630947232161729154] ActiveConfigToHWC, ID : 0
01-28 13:02:58.999  1588  1889 I SDM     : HWCDisplay::SubmitDisplayConfig: [DispConfigs] config 9 => 0, hs_mode 3 => 3
01-28 13:02:58.999  1588  1889 I SDM     : HWDeviceDRM::SetDisplaySwitchMode: [DispConfigs] check hs_mode 3
01-28 13:02:58.999  1588  1889 I SDM     : HWDeviceDRM::SetDisplaySwitchMode: [DispConfigs] Set mode index:0 1080x2340x120xcmdHS, hs_mode(3), found_mode(0)
01-28 13:02:59.000  1588  1889 I SDM     : HWDeviceDRM::UpdateMixerAttributes: Mixer WxH 1080x2340-1 for Peripheral
01-28 13:02:59.000  1676  1892 I VSyncReactor: Current= 24, Period= 120, hwcPeriod= 120
01-28 13:02:59.000  1588  1889 I SDM     : HWCDisplay::SubmitDisplayConfig: Active configuration changed from config 9 to 0
01-28 13:02:59.001  1660  1693 E HeatmapThread: ECT Thread time in milliseconds: 1769594579
01-28 13:02:59.001  1660  1693 D HeatmapThread: !@ batteryplugType : 0
01-28 13:02:59.001  1660  1693 D HeatmapThread: !@ batteryLevel : 0  batteryTemperature : 0 
01-28 13:02:59.001  1660  1693 D HeatmapThread: !@ Heatmap currtime: 29493242
01-28 13:02:59.002  1660  1693 D HeatmapThread: !@ Heatmap prevtime: 29493227
01-28 13:02:59.002  1660  1693 D HeatmapThread: !@ Heatmap plugstarttime: 35791394
01-28 13:02:59.002  1660  1693 D HeatmapThread: !@ Heatmap prevv_dsoh_update_time: 29490849
01-28 13:02:59.002  1660  1693 E HeatmapThread: !@Could not open '/efs/FactoryApp/bsoh', errno = 13
01-28 13:02:59.003  1660  1693 E HeatmapThread: !@ CAM Could not access BSOH EFS
01-28 13:02:59.003  1660  1693 E HeatmapThread: !@ CAM New BSOH: 0
01-28 13:02:59.033  1557 30599 I sensors-hal: handle_sns_std_sensor_event:311, [SSC_LIGHT] P: 10(10),m:7,c:72,b:71,c0:1024,l:10,f(r):76,u(bl):100,j:5
01-28 13:02:59.033  1676  1676 I SurfaceFlinger: finalizeDisplayModeChange 4630947232161729154
01-28 13:02:59.218  1557 31773 I sensors-hal: handle_sns_client_event:550, [0][13054] accel_sample [ 0.322, -0.303,  9.771] 143640669892463
01-28 13:02:59.246  1676  1920 D DisplayModeController: setDesiredMode 4630947232161729154 {mode={fps=24.00 Hz, modePtr={id=5, vsyncRate=24.00 Hz, peakRefreshRate=24.00 Hz}}, emitEvent=false, force=false}
01-28 13:02:59.250  1676  1676 I LayerHistory: StatusBar$_3758#103 voted NoVote (0.00 Hz)
01-28 13:02:59.250  1676  1676 I SurfaceFlinger: Idle - choose 24.00 Hz
01-28 13:02:59.251  1676  1676 I HWComposer: [4630947232161729154] ActiveConfigToHWC, ID : 9
01-28 13:02:59.253  1588  1889 I SDM     : HWCDisplay::SubmitDisplayConfig: [DispConfigs] config 0 => 9, hs_mode 3 => 3
01-28 13:02:59.253  1588  1889 I SDM     : HWDeviceDRM::SetDisplaySwitchMode: [DispConfigs] check hs_mode 3
01-28 13:02:59.253  1588  1889 I SDM     : HWDeviceDRM::SetDisplaySwitchMode: [DispConfigs] Set mode index:10 1080x2340x24xcmdPHS, hs_mode(3), found_mode(1)
01-28 13:02:59.253  1588  1889 I SDM     : HWDeviceDRM::UpdateMixerAttributes: Mixer WxH 1080x2340-1 for Peripheral
01-28 13:02:59.253  1588  1889 I SDM     : HWCDisplay::SubmitDisplayConfig: Active configuration changed from config 0 to 9
01-28 13:02:59.258  1676  1676 I SurfaceFlinger: finalizeDisplayModeChange 4630947232161729154
01-28 13:02:59.259  1676  1892 I VSyncReactor: Current= 120, Period= 24, hwcPeriod= 24
01-28 13:02:59.622 18510 31879 I NearbyMediums: No BLE Fast/GATT advertisements found in the latest cycle.
01-28 13:02:59.623 18510 31879 I NearbyMediums: Current Tracked Scanning Clients are : {NearbyConnections.EnvironmentMonitor, NearbySharing, NearbyConnections.TxAdvertisement}
01-28 13:03:00.003  1660  1693 E HeatmapThread: ECT Thread time in milliseconds: 1769594580
01-28 13:03:00.003  1660  1693 D HeatmapThread: !@ batteryplugType : 0
01-28 13:03:00.003  1660  1693 D HeatmapThread: !@ batteryLevel : 0  batteryTemperature : 0 
01-28 13:03:00.003  1660  1693 D HeatmapThread: !@ Heatmap currtime: 29493243
01-28 13:03:00.003  1660  1693 D HeatmapThread: !@ Heatmap prevtime: 29493227
01-28 13:03:00.004  1660  1693 D HeatmapThread: !@ Heatmap plugstarttime: 35791394
01-28 13:03:00.004  1660  1693 D HeatmapThread: !@ Heatmap prevv_dsoh_update_time: 29490849
01-28 13:03:00.004  1660  1693 E HeatmapThread: !@Could not open '/efs/FactoryApp/bsoh', errno = 13
01-28 13:03:00.005  1660  1693 E HeatmapThread: !@ CAM Could not access BSOH EFS
01-28 13:03:00.005  1660  1693 E HeatmapThread: !@ CAM New BSOH: 0
01-28 13:03:00.014  3758  4074 I DateTimeView: updateAll - getTimeFormat
01-28 13:03:00.014  2415  2415 I EyeComfortSolutionService: action  :  android.intent.action.TIME_TICK
01-28 13:03:00.015  3758  4074 D QSClockBellTower: onReceive(android.intent.action.TIME_TICK) mTimeZoneString:Europe/Istanbul
01-28 13:03:00.019  8816  8960 I NotificationManager: com.mobilexsoft.ezanvakti: notify(999, null, Notification(channel=ongoing_channel_id shortcut=null contentView=null vibrate=null sound=null defaults=0 flags=ONGOING_EVENT color=0xffff7f00 groupKey=nogroup2 vis=PUBLIC semFlags=0x0 semPriority=0 semMissedCount=0)) as user
01-28 13:03:00.024  3758  3758 D QSClockBellTower: He is ready to ring the bell. (((QSClockBellSound - TimeText:13:03, TimeContentDescription:13:03, DateText:28 Ocak ar, ShortDateText:28 Oca ar, Demo:false)))
01-28 13:03:00.025  3758  3758 D QSClock : StatusBar clock=13:03 notifyTimeChanged(QSClockBellSound - TimeText:13:03, TimeContentDescription:13:03, DateText:28 Ocak ar, ShortDateText:28 Oca ar, Demo:false) clockVisibleByPolicy=true, clockVisibleByUser=true, visible=true, parent=android.widget.LinearLayout{699dfbd V.E...... ......ID 0,0-101,58 #7f0a069b app:id/left_clock_container} caller=com.android.systemui.statusbar.phone.fragment.CollapsedStatusBarFragment.animateShow:52 com.android.systemui.statusbar.phone.fragment.CollapsedStatusBarFragment.updateStatusBarVisibilitiesInner:230 com.android.systemui.statusbar.phone.fragment.CollapsedStatusBarFragment.updateStatusBarVisibilities:65 com.android.systemui.statusbar.phone.fragment.CollapsedStatusBarFragment.disable:71 com.android.systemui.statusbar.CommandQueue$H.handleMessage:2997  
01-28 13:03:00.025  3758  3758 D QSClockBellTower: Everyone heard the bell. run(currentTime:1769594580023, getTime():Wed Jan 28 13:03:00 GMT+03:00 2026, getTimeZone():libcore.util.ZoneInfo[mDstSavings=0,mUseDst=false,mDelegate=[id="Europe/Istanbul",mRawOffset=10800000,mEarliestRawOffset=6952000,transitions=115]])
01-28 13:03:00.026  3758  3758 D ClockFaceEvents: onTimeTick. callers : com.android.keyguard.ClockEventController$keyguardUpdateMonitorCallback$1.refreshTime:19
01-28 13:03:00.026  3758  3758 D ClockFaceEvents: com.android.keyguard.ClockEventController$keyguardUpdateMonitorCallback$1.onTimeChanged:1
01-28 13:03:00.026  3758  3758 D ClockFaceEvents: com.android.keyguard.KeyguardUpdateMonitor$16.handleMessage:732
01-28 13:03:00.026  1676  1892 I VSyncReactor: Current= 24, Period= 24, hwcPeriod= 24
01-28 13:03:00.027  3758  3758 D ClockFaceEvents: onTimeTick. callers : com.android.keyguard.ClockEventController$keyguardUpdateMonitorCallback$1.refreshTime:38
01-28 13:03:00.027  3758  3758 D ClockFaceEvents: com.android.keyguard.ClockEventController$keyguardUpdateMonitorCallback$1.onTimeChanged:1
01-28 13:03:00.027  3758  3758 D ClockFaceEvents: com.android.keyguard.KeyguardUpdateMonitor$16.handleMessage:732
01-28 13:03:00.027  3758  3758 D FaceWidgetPagesController: onTimeChanged()
01-28 13:03:00.031  3758  3758 D {OngoingChipAdapter}: updateEnableMaxWidth : 317 -:> 316
01-28 13:03:00.031  3758  3758 I {OngoingChipAdapter}: updateEnableMaxWidth() set MarqueeState.WAIT_FINISH
01-28 13:03:00.033  8816  8816 D AppWidgetProvider: onReceive:com.mobilexsoft.ezanvakti.updatewidget.DKEZAN_WIDGET_UPDATEMT
01-28 13:03:00.033  1676  1920 D DisplayModeController: setDesiredMode 4630947232161729154 {mode={fps=120.00 Hz, modePtr={id=0, vsyncRate=120.00 Hz, peakRefreshRate=120.00 Hz}}, emitEvent=true, force=false}
01-28 13:03:00.035  3758  3758 W RefactorFlag: New code path expects SceneContainerFlag to be enabled.
01-28 13:03:00.036  8816  8816 D AppWidgetProvider: onReceive:com.mobilexsoft.ezanvakti.updatewidget.DKEZAN_WIDGET_UPDATEPIE
01-28 13:03:00.059  8816  8816 D AppWidgetProvider: onReceive:com.mobilexsoft.ezanvakti.updatewidget.DKEZAN_WIDGET_UPDATE
01-28 13:03:00.061  1676  1676 I LayerHistory: StatusBar$_3758#103 voted NoVote (0.00 Hz)
01-28 13:03:00.061  1676  1676 I SurfaceFlinger: No layers with votes - choose 120.00 Hz
01-28 13:03:00.062  1676  1676 I HWComposer: [4630947232161729154] ActiveConfigToHWC, ID : 0
01-28 13:03:00.064  1588  1889 I SDM     : HWCDisplay::SubmitDisplayConfig: [DispConfigs] config 9 => 0, hs_mode 3 => 3
01-28 13:03:00.064  1588  1889 I SDM     : HWDeviceDRM::SetDisplaySwitchMode: [DispConfigs] check hs_mode 3
01-28 13:03:00.064  1588  1889 I SDM     : HWDeviceDRM::SetDisplaySwitchMode: [DispConfigs] Set mode index:0 1080x2340x120xcmdHS, hs_mode(3), found_mode(0)
01-28 13:03:00.064  1588  1889 I SDM     : HWDeviceDRM::UpdateMixerAttributes: Mixer WxH 1080x2340-1 for Peripheral
01-28 13:03:00.064  1588  1889 I SDM     : HWCDisplay::SubmitDisplayConfig: Active configuration changed from config 9 to 0
01-28 13:03:00.068  1676  1892 I VSyncReactor: Current= 24, Period= 120, hwcPeriod= 120
01-28 13:03:00.080  8816  8816 D AppWidgetProvider: onReceive:com.mobilexsoft.ezanvakti.updatewidget.DKEZAN_WIDGET_UPDATE2
01-28 13:03:00.097  8816  8816 D AppWidgetProvider: onReceive:com.mobilexsoft.ezanvakti.updatewidget.DKEZAN_WIDGET_UPDATEYW
01-28 13:03:00.101  1676  1676 I SurfaceFlinger: finalizeDisplayModeChange 4630947232161729154
01-28 13:03:00.113  8816  8816 D AppWidgetProvider: onReceive:com.mobilexsoft.ezanvakti.updatewidget.DKEZAN_WIDGET_UPDATEYWM
01-28 13:03:00.128  8816  8816 D AppWidgetProvider: onReceive:com.mobilexsoft.ezanvakti.updatewidget.DKEZAN_WIDGET_UPDATEYWO
01-28 13:03:00.230  2415  2415 I Telecom : SamsungTelecomServiceImpl : isInManagedCall - callingPackage : android / callingUser : UserHandle{0} / hasCrossUserAccess : true
01-28 13:03:00.258  4043  7644 I HoneySpace.NotificationListener: onNotificationPosted com.mobilexsoft.ezanvakti: 0|com.mobilexsoft.ezanvakti|999|null|10162: 0
01-28 13:03:00.258  4043  7644 I HoneySpace.NotificationListener: invalid notification: com.mobilexsoft.ezanvakti UserHandle{0}: canShowBadge is false
01-28 13:03:00.258  4043  7644 I HoneySpace.BadgeDataSourceImpl: Get notification count. PK(p='com.mobilexsoft.ezanvakti', u=UserHandle{0}) - forceBadgeCount: false, notification listener: 4, badge provider: 0
01-28 13:03:00.259  4043  8738 I HoneySpace.PackageEventOperator: [HotseatViewModel@199172288@OneUI] badge count is updated. com.mobilexsoft.ezanvakti/.HolderActivity#UserHandle{0}|1475 : 4
01-28 13:03:00.259  7363  7363 I NotificationListener: [Service]v6.1.9-eap02 Received new notification
01-28 13:03:00.259  4043 12859 I HoneySpace.PackageEventOperator: [ApplistViewModel] badge count is updated. com.mobilexsoft.ezanvakti/.HolderActivity#UserHandle{0}|1476 : 4
01-28 13:03:00.259  4043 18260 I HoneySpace.BadgeDataSourceImpl: Get notification count. PK(p='com.google.android.apps.photos', u=UserHandle{0}) - forceBadgeCount: false, notification listener: 1, badge provider: 0
01-28 13:03:00.259  4043 18260 I HoneySpace.BadgeDataSourceImpl: Get notification count. PK(p='com.google.android.apps.messaging', u=UserHandle{0}) - forceBadgeCount: false, notification listener: 4, badge provider: 0
01-28 13:03:00.259  4043 18260 I HoneySpace.BadgeDataSourceImpl: Get notification count. PK(p='com.facebook.katana', u=UserHandle{0}) - forceBadgeCount: false, notification listener: 2, badge provider: 194
01-28 13:03:00.259  4043 12859 I HoneySpace.BadgeDataSourceImpl: Get notification count. PK(p='com.google.android.apps.photos', u=UserHandle{0}) - forceBadgeCount: false, notification listener: 1, badge provider: 0
01-28 13:03:00.259  4043 12859 I HoneySpace.BadgeDataSourceImpl: Get notification count. PK(p='com.instagram.android', u=UserHandle{0}) - forceBadgeCount: false, notification listener: 1, badge provider: 1
01-28 13:03:00.260  7363  8048 I NotificationPipeline: Processing new notification: 0|com.mobilexsoft.ezanvakti|999|null|10162
01-28 13:03:00.261  7363  8048 W BridgeModeModel: Not started, default to bridging
01-28 13:03:00.261  7363  8048 E Notification4Watch6_NB: WatchFactory.getWatch-lastConnectedNodeId is null
01-28 13:03:00.261  7363  8048 W Notification4Watch6_NB: NotificationBridgeCallback.onNotificationPosted-never connected before
01-28 13:03:00.262  7363  8048 I NotificationPipeline: Discarding notification: 0|com.mobilexsoft.ezanvakti|999|null|10162
01-28 13:03:00.265  3758  3758 D SubscreenNotificationListCoordinator: onAfterRenderList() isSubScreen = false, pluginLockMode = 0, doNotShowOnCover = false
01-28 13:03:00.268  3758  3758 I LockscreenNotificationIconsOnlyController: onNotificationInfoUpdated 0
01-28 13:03:00.268  3758  3758 I AODNotificationManager: updateNotification() 
01-28 13:03:00.450  2415  2415 I Telecom : SamsungTelecomServiceImpl : isInManagedCall - callingPackage : android / callingUser : UserHandle{0} / hasCrossUserAccess : true
01-28 13:03:00.457  3758  3758 D Bubbles : onEntryUpdated : shouldBubbleUp=false ,key=0|com.mobilexsoft.ezanvakti|999|null|10162
01-28 13:03:00.458  3758  3758 D InterruptionStateProvider:  no Heads up : edgelighting enabled app. 0|com.mobilexsoft.ezanvakti|999|null|10162
01-28 13:03:00.458  3758  3758 I {OngoingActivityController}: onEntryUpdated and OA data is empty. So update latest task info
01-28 13:03:00.470  3758  3758 D InterruptionStateProvider:  no Heads up : edgelighting enabled app. 0|com.mobilexsoft.ezanvakti|999|null|10162
01-28 13:03:00.472  4043  7644 I HoneySpace.NotificationListener: onNotificationPosted com.mobilexsoft.ezanvakti: 0|com.mobilexsoft.ezanvakti|0|0|com.mobilexsoft.ezanvakti|g:Aggregate_NormalNotificationSection|10162|0|com.mobilexsoft.ezanvakti|g:Aggregate_NormalNotificationSection: 0
01-28 13:03:00.472  4043  7644 I HoneySpace.NotificationListener: invalid notification: com.mobilexsoft.ezanvakti UserHandle{0}: canShowBadge is false
01-28 13:03:00.472  4043  7644 I HoneySpace.BadgeDataSourceImpl: Get notification count. PK(p='com.mobilexsoft.ezanvakti', u=UserHandle{0}) - forceBadgeCount: false, notification listener: 4, badge provider: 0
01-28 13:03:00.473  4043 12859 I HoneySpace.PackageEventOperator: [HotseatViewModel@199172288@OneUI] badge count is updated. com.mobilexsoft.ezanvakti/.HolderActivity#UserHandle{0}|1475 : 4
01-28 13:03:00.473  4043 18259 I HoneySpace.BadgeDataSourceImpl: Get notification count. PK(p='com.google.android.apps.photos', u=UserHandle{0}) - forceBadgeCount: false, notification listener: 1, badge provider: 0
01-28 13:03:00.473  4043 18259 I HoneySpace.BadgeDataSourceImpl: Get notification count. PK(p='com.google.android.apps.messaging', u=UserHandle{0}) - forceBadgeCount: false, notification listener: 4, badge provider: 0
01-28 13:03:00.473  4043  8738 I HoneySpace.PackageEventOperator: [ApplistViewModel] badge count is updated. com.mobilexsoft.ezanvakti/.HolderActivity#UserHandle{0}|1476 : 4
01-28 13:03:00.473  4043 18259 I HoneySpace.BadgeDataSourceImpl: Get notification count. PK(p='com.facebook.katana', u=UserHandle{0}) - forceBadgeCount: false, notification listener: 2, badge provider: 194
01-28 13:03:00.474  4043  8738 I HoneySpace.BadgeDataSourceImpl: Get notification count. PK(p='com.google.android.apps.photos', u=UserHandle{0}) - forceBadgeCount: false, notification listener: 1, badge provider: 0
01-28 13:03:00.474  4043  8738 I HoneySpace.BadgeDataSourceImpl: Get notification count. PK(p='com.instagram.android', u=UserHandle{0}) - forceBadgeCount: false, notification listener: 1, badge provider: 1
01-28 13:03:00.476  7363  7363 I NotificationListener: [Service]v6.1.9-eap02 Received new notification
01-28 13:03:00.477  7363  8048 I NotificationPipeline: Processing new notification: 0|com.mobilexsoft.ezanvakti|0|0|com.mobilexsoft.ezanvakti|g:Aggregate_NormalNotificationSection|10162|0|com.mobilexsoft.ezanvakti|g:Aggregate_NormalNotificationSection
01-28 13:03:00.478  7363  8048 W BridgeModeModel: Not started, default to bridging
01-28 13:03:00.478  7363  8048 E Notification4Watch6_NB: WatchFactory.getWatch-lastConnectedNodeId is null
01-28 13:03:00.479  7363  8048 W Notification4Watch6_NB: NotificationBridgeCallback.onNotificationPosted-never connected before
01-28 13:03:00.479  3758  3758 D SubscreenNotificationListCoordinator: onAfterRenderList() isSubScreen = false, pluginLockMode = 0, doNotShowOnCover = false
01-28 13:03:00.480  7363  8048 I NotificationPipeline: Discarding notification: 0|com.mobilexsoft.ezanvakti|0|0|com.mobilexsoft.ezanvakti|g:Aggregate_NormalNotificationSection|10162|0|com.mobilexsoft.ezanvakti|g:Aggregate_NormalNotificationSection
01-28 13:03:00.482  3758  3758 W RefactorFlag: New code path expects SceneContainerFlag to be enabled.
01-28 13:03:00.482  3758  3758 D ExpandableNotifRow: mMaxSmallHeight different before reInflateViews mMaxSmallHeight: 216 mTempSmallHeight:0 0|com.mobilexsoft.ezanvakti|999|null|10162
01-28 13:03:00.482  3758  3758 D ExpandableNotifRow: mMaxSmallHeight different before reInflateViews mMaxSmallHeight: 216 mTempSmallHeight:0 0|com.mobilexsoft.ezanvakti|999|null|10162
01-28 13:03:00.485  3758  3758 I LockscreenNotificationIconsOnlyController: onNotificationInfoUpdated 0
01-28 13:03:00.486  3758  3758 I AODNotificationManager: updateNotification() 
01-28 13:03:00.504  3758  3758 I Kumiho-Kumiho: getPackageName: com.android.systemui
01-28 13:03:00.504  3758  3758 I AppIconSolution: start to load, pkg=com.mobilexsoft.ezanvakti, bg=192-192, dr=240-240, forDefault=true, density=0
01-28 13:03:00.505  3758  3758 I AppIconSolution: scale down, pkg=com.mobilexsoft.ezanvakti, dr=216-216, bg=216-216
01-28 13:03:00.506  3758  3758 I AppIconSolution: getIconScale, pkg=com.mobilexsoft.ezanvakti, size=216, iconScale=IconScale[alpha=0, scale=1.0, isCrop=true]
01-28 13:03:00.507  3758  3758 I Kumiho-Kumiho: getPackageName: com.android.systemui
01-28 13:03:00.508  3758  3758 I Kumiho-Kumiho: getPackageName: com.android.systemui
01-28 13:03:00.510  3758  3758 I AppIconSolution: default container[CROP], pkg=com.mobilexsoft.ezanvakti, bg=216-216, dr=216-216, isNight = true
01-28 13:03:00.515  3758  3758 W RefactorFlag: New code path expects SceneContainerFlag to be enabled.
01-28 13:03:00.525  3758  3758 D ExpandableNotifRow: mMaxSmallHeight different before reInflateViews mMaxSmallHeight: 216 mTempSmallHeight:0 0|com.mobilexsoft.ezanvakti|999|null|10162
01-28 13:03:00.525  3758  3758 D ExpandableNotifRow: mMaxSmallHeight different before reInflateViews mMaxSmallHeight: 216 mTempSmallHeight:0 0|com.mobilexsoft.ezanvakti|999|null|10162
01-28 13:03:00.525  3758  3758 D ExpandableNotifRow: mMaxSmallHeight different before reInflateViews mMaxSmallHeight: 216 mTempSmallHeight:0 0|com.mobilexsoft.ezanvakti|999|null|10162
01-28 13:03:00.525  3758  3758 D ExpandableNotifRow: mMaxSmallHeight different before reInflateViews mMaxSmallHeight: 216 mTempSmallHeight:0 0|com.mobilexsoft.ezanvakti|999|null|10162
01-28 13:03:00.526  3758  3758 D S.S.N.  : entryViewBound parent :0|com.mobilexsoft.ezanvakti|999|null|10162
01-28 13:03:00.529  3758  3758 I Kumiho-Kumiho: getPackageName: com.android.systemui
01-28 13:03:00.529  3758  3758 I AppIconSolution: start to load, pkg=com.mobilexsoft.ezanvakti, bg=192-192, dr=240-240, forDefault=true, density=0
01-28 13:03:00.530  3758  3758 I AppIconSolution: scale down, pkg=com.mobilexsoft.ezanvakti, dr=216-216, bg=216-216
01-28 13:03:00.530  3758  3758 I AppIconSolution: getIconScale, pkg=com.mobilexsoft.ezanvakti, size=216, iconScale=IconScale[alpha=0, scale=1.0, isCrop=true]
01-28 13:03:00.531  3758  3758 I Kumiho-Kumiho: getPackageName: com.android.systemui
01-28 13:03:00.531  3758  3758 I Kumiho-Kumiho: getPackageName: com.android.systemui
01-28 13:03:00.532  3758  3758 I AppIconSolution: default container[CROP], pkg=com.mobilexsoft.ezanvakti, bg=216-216, dr=216-216, isNight = true
01-28 13:03:00.533  1557 31817 I sensors-hal: handle_sns_client_event:527, [2376] mag_sample_cal: ts=143642057696057 ns; cal = [30.690399, -11.356720, 0.795639], uncal = [-405.223633, -358.322021, -123.226334], bias = [-435.914032, -346.965302, -124.021973], status=3
01-28 13:03:00.539  3758  3758 D SubscreenNotificationListCoordinator: onAfterRenderList() isSubScreen = false, pluginLockMode = 0, doNotShowOnCover = false
01-28 13:03:00.545  3758  3758 W RefactorFlag: New code path expects SceneContainerFlag to be enabled.
01-28 13:03:00.545  3758  3758 D ExpandableNotifRow: mMaxSmallHeight different before reInflateViews mMaxSmallHeight: 216 mTempSmallHeight:0 0|com.mobilexsoft.ezanvakti|999|null|10162
01-28 13:03:00.545  3758  3758 D ExpandableNotifRow: mMaxSmallHeight different before reInflateViews mMaxSmallHeight: 216 mTempSmallHeight:0 0|com.mobilexsoft.ezanvakti|999|null|10162
01-28 13:03:00.548  3758  3758 I LockscreenNotificationIconsOnlyController: onNotificationInfoUpdated 0
01-28 13:03:00.548  3758  3758 I AODNotificationManager: updateNotification() 
01-28 13:03:00.607  1557 31819 I sensors-hal: handle_sns_std_sensor_event:138, [1207] Pressure 886.165, cal 0.000, sw_offset 0.450
01-28 13:03:00.672  3758  3758 D Bubbles : onEntryUpdated : shouldBubbleUp=false ,key=0|com.mobilexsoft.ezanvakti|0|0|com.mobilexsoft.ezanvakti|g:Aggregate_NormalNotificationSection|10162|0|com.mobilexsoft.ezanvakti|g:Aggregate_NormalNotificationSection
01-28 13:03:00.673  3758  3758 D InterruptionStateProvider:  no Heads up : edgelighting enabled app. 0|com.mobilexsoft.ezanvakti|0|0|com.mobilexsoft.ezanvakti|g:Aggregate_NormalNotificationSection|10162|0|com.mobilexsoft.ezanvakti|g:Aggregate_NormalNotificationSection
01-28 13:03:00.673  3758  3758 I {OngoingActivityController}: onEntryUpdated and OA data is empty. So update latest task info
01-28 13:03:00.685  3758  3758 D SubscreenNotificationListCoordinator: onAfterRenderList() isSubScreen = false, pluginLockMode = 0, doNotShowOnCover = false
01-28 13:03:00.689  3758  3758 W RefactorFlag: New code path expects SceneContainerFlag to be enabled.
01-28 13:03:00.689  3758  3758 D ExpandableNotifRow: mMaxSmallHeight different before reInflateViews mMaxSmallHeight: 216 mTempSmallHeight:0 0|com.mobilexsoft.ezanvakti|0|0|com.mobilexsoft.ezanvakti|g:Aggregate_NormalNotificationSection|10162|0|com.mobilexsoft.ezanvakti|g:Aggregate_NormalNotificationSection
01-28 13:03:00.689  3758  3758 D ExpandableNotifRow: mMaxSmallHeight different before reInflateViews mMaxSmallHeight: 216 mTempSmallHeight:0 0|com.mobilexsoft.ezanvakti|0|0|com.mobilexsoft.ezanvakti|g:Aggregate_NormalNotificationSection|10162|0|com.mobilexsoft.ezanvakti|g:Aggregate_NormalNotificationSection
01-28 13:03:00.691  3758  3758 I LockscreenNotificationIconsOnlyController: onNotificationInfoUpdated 0
01-28 13:03:00.691  3758  3758 I AODNotificationManager: updateNotification() 
01-28 13:03:00.700  3758  3758 I Kumiho-Kumiho: getPackageName: com.android.systemui
01-28 13:03:00.700  3758  3758 I AppIconSolution: start to load, pkg=com.mobilexsoft.ezanvakti, bg=192-192, dr=240-240, forDefault=true, density=0
01-28 13:03:00.701  3758  3758 I AppIconSolution: scale down, pkg=com.mobilexsoft.ezanvakti, dr=216-216, bg=216-216
01-28 13:03:00.701  3758  3758 I AppIconSolution: getIconScale, pkg=com.mobilexsoft.ezanvakti, size=216, iconScale=IconScale[alpha=0, scale=1.0, isCrop=true]
01-28 13:03:00.701  3758  3758 I Kumiho-Kumiho: getPackageName: com.android.systemui
01-28 13:03:00.702  3758  3758 I Kumiho-Kumiho: getPackageName: com.android.systemui
01-28 13:03:00.703  3758  3758 I AppIconSolution: default container[CROP], pkg=com.mobilexsoft.ezanvakti, bg=216-216, dr=216-216, isNight = true
01-28 13:03:00.708  3758  3758 W RefactorFlag: New code path expects SceneContainerFlag to be enabled.
01-28 13:03:00.716  3758  3758 I Kumiho-Kumiho: getPackageName: com.android.systemui
01-28 13:03:00.717  3758  3758 I AppIconSolution: start to load, pkg=com.mobilexsoft.ezanvakti, bg=192-192, dr=240-240, forDefault=true, density=0
01-28 13:03:00.717  3758  3758 I AppIconSolution: scale down, pkg=com.mobilexsoft.ezanvakti, dr=216-216, bg=216-216
01-28 13:03:00.717  3758  3758 I AppIconSolution: getIconScale, pkg=com.mobilexsoft.ezanvakti, size=216, iconScale=IconScale[alpha=0, scale=1.0, isCrop=true]
01-28 13:03:00.718  3758  3758 I Kumiho-Kumiho: getPackageName: com.android.systemui
01-28 13:03:00.719  3758  3758 I Kumiho-Kumiho: getPackageName: com.android.systemui
01-28 13:03:00.719  3758  3758 I AppIconSolution: default container[CROP], pkg=com.mobilexsoft.ezanvakti, bg=216-216, dr=216-216, isNight = true
01-28 13:03:00.722  3758  3758 D ExpandableNotifRow: mMaxSmallHeight different before reInflateViews mMaxSmallHeight: 216 mTempSmallHeight:0 0|com.mobilexsoft.ezanvakti|0|0|com.mobilexsoft.ezanvakti|g:Aggregate_NormalNotificationSection|10162|0|com.mobilexsoft.ezanvakti|g:Aggregate_NormalNotificationSection
01-28 13:03:00.722  3758  3758 D ExpandableNotifRow: mMaxSmallHeight different before reInflateViews mMaxSmallHeight: 216 mTempSmallHeight:0 0|com.mobilexsoft.ezanvakti|0|0|com.mobilexsoft.ezanvakti|g:Aggregate_NormalNotificationSection|10162|0|com.mobilexsoft.ezanvakti|g:Aggregate_NormalNotificationSection
01-28 13:03:00.722  3758  3758 D ExpandableNotifRow: mMaxSmallHeight different before reInflateViews mMaxSmallHeight: 216 mTempSmallHeight:0 0|com.mobilexsoft.ezanvakti|0|0|com.mobilexsoft.ezanvakti|g:Aggregate_NormalNotificationSection|10162|0|com.mobilexsoft.ezanvakti|g:Aggregate_NormalNotificationSection
01-28 13:03:00.722  3758  3758 D ExpandableNotifRow: mMaxSmallHeight different before reInflateViews mMaxSmallHeight: 216 mTempSmallHeight:0 0|com.mobilexsoft.ezanvakti|0|0|com.mobilexsoft.ezanvakti|g:Aggregate_NormalNotificationSection|10162|0|com.mobilexsoft.ezanvakti|g:Aggregate_NormalNotificationSection
01-28 13:03:00.723  3758  3758 D S.S.N.  : entryViewBound parent :0|com.mobilexsoft.ezanvakti|0|0|com.mobilexsoft.ezanvakti|g:Aggregate_NormalNotificationSection|10162|0|com.mobilexsoft.ezanvakti|g:Aggregate_NormalNotificationSection
01-28 13:03:00.725  3758  3758 I Kumiho-Kumiho: getPackageName: com.android.systemui
01-28 13:03:00.725  3758  3758 I AppIconSolution: start to load, pkg=com.mobilexsoft.ezanvakti, bg=192-192, dr=240-240, forDefault=true, density=0
01-28 13:03:00.726  3758  3758 I AppIconSolution: scale down, pkg=com.mobilexsoft.ezanvakti, dr=216-216, bg=216-216
01-28 13:03:00.726  3758  3758 I AppIconSolution: getIconScale, pkg=com.mobilexsoft.ezanvakti, size=216, iconScale=IconScale[alpha=0, scale=1.0, isCrop=true]
01-28 13:03:00.727  3758  3758 I Kumiho-Kumiho: getPackageName: com.android.systemui
01-28 13:03:00.727  3758  3758 I Kumiho-Kumiho: getPackageName: com.android.systemui
01-28 13:03:00.728  3758  3758 I AppIconSolution: default container[CROP], pkg=com.mobilexsoft.ezanvakti, bg=216-216, dr=216-216, isNight = true
01-28 13:03:00.734  3758  3758 D SubscreenNotificationListCoordinator: onAfterRenderList() isSubScreen = false, pluginLockMode = 0, doNotShowOnCover = false
01-28 13:03:00.738  3758  3758 W RefactorFlag: New code path expects SceneContainerFlag to be enabled.
01-28 13:03:00.738  3758  3758 D ExpandableNotifRow: mMaxSmallHeight different before reInflateViews mMaxSmallHeight: 216 mTempSmallHeight:0 0|com.mobilexsoft.ezanvakti|0|0|com.mobilexsoft.ezanvakti|g:Aggregate_NormalNotificationSection|10162|0|com.mobilexsoft.ezanvakti|g:Aggregate_NormalNotificationSection
01-28 13:03:00.738  3758  3758 D ExpandableNotifRow: mMaxSmallHeight different before reInflateViews mMaxSmallHeight: 216 mTempSmallHeight:0 0|com.mobilexsoft.ezanvakti|0|0|com.mobilexsoft.ezanvakti|g:Aggregate_NormalNotificationSection|10162|0|com.mobilexsoft.ezanvakti|g:Aggregate_NormalNotificationSection
