01-28 13:03:00.740  3758  3758 I LockscreenNotificationIconsOnlyController: onNotificationInfoUpdated 0
01-28 13:03:00.740  3758  3758 I AODNotificationManager: updateNotification() 
01-28 13:03:00.784  1157  1157 D io_stats: !@   8,0 r 10603178 214276917 w 2895626 45458640 d 814208 38458648 f 0 286751 iot 4684244 0 th 0 0 0 pt 0 inp 0 0 41047.202
01-28 13:03:00.785  1157  1157 D io_stats: !@ Read_top(KB): droid.bluetooth(3648) 8 f2fs_ckpt-254:5(1249) 4
01-28 13:03:00.785  1157  1157 D io_stats: !@ Write_top(KB): kworker/u16:12(30354) 2164 f2fs_ckpt-254:5(1249) 64 sait.sohservice(32041) 48
01-28 13:03:00.863  2415  3107 I SemWifiServiceDetector: Service det. resumed: T / T / 27487
01-28 13:03:00.994  1676  1920 D DisplayModeController: setDesiredMode 4630947232161729154 {mode={fps=24.00 Hz, modePtr={id=5, vsyncRate=24.00 Hz, peakRefreshRate=24.00 Hz}}, emitEvent=false, force=false}
01-28 13:03:00.998  1676  1676 I LayerHistory: com.sec.android.app.launcher/com.sec.android.app.launcher.activities.LauncherActivity$_4043#7235 Max (can't resolve refresh rate)
01-28 13:03:00.998  1676  1676 I LayerHistory: StatusBar$_3758#103 voted NoVote (0.00 Hz)
01-28 13:03:00.998  1676  1676 I SurfaceFlinger: Idle - choose 24.00 Hz
01-28 13:03:00.999  1676  1676 I HWComposer: [4630947232161729154] ActiveConfigToHWC, ID : 9
01-28 13:03:01.000  1588  1889 I SDM     : HWCDisplay::SubmitDisplayConfig: [DispConfigs] config 0 => 9, hs_mode 3 => 3
01-28 13:03:01.000  1588  1889 I SDM     : HWDeviceDRM::SetDisplaySwitchMode: [DispConfigs] check hs_mode 3
01-28 13:03:01.000  1588  1889 I SDM     : HWDeviceDRM::SetDisplaySwitchMode: [DispConfigs] Set mode index:10 1080x2340x24xcmdPHS, hs_mode(3), found_mode(1)
01-28 13:03:01.000  1588  1889 I SDM     : HWDeviceDRM::UpdateMixerAttributes: Mixer WxH 1080x2340-1 for Peripheral
01-28 13:03:01.001  1588  1889 I SDM     : HWCDisplay::SubmitDisplayConfig: Active configuration changed from config 0 to 9
01-28 13:03:01.001  1660  1693 E HeatmapThread: ECT Thread time in milliseconds: 1769594581
01-28 13:03:01.001  1660  1693 D HeatmapThread: !@ batteryplugType : 0
01-28 13:03:01.001  1660  1693 D HeatmapThread: !@ batteryLevel : 0  batteryTemperature : 0 
01-28 13:03:01.001  1660  1693 D HeatmapThread: !@ Heatmap currtime: 29493243
01-28 13:03:01.001  1660  1693 D HeatmapThread: !@ Heatmap prevtime: 29493227
01-28 13:03:01.001  1660  1693 D HeatmapThread: !@ Heatmap plugstarttime: 35791394
01-28 13:03:01.001  1660  1693 D HeatmapThread: !@ Heatmap prevv_dsoh_update_time: 29490849
01-28 13:03:01.002  1660  1693 E HeatmapThread: !@Entered the read from path function
01-28 13:03:01.002  1660  1693 E HeatmapThread: !@Could not open '/efs/FactoryApp/extended_heatmap', errno = 13
01-28 13:03:01.002  1660  1693 E HeatmapThread: !@Extended_heatmap efs Forced Reset
01-28 13:03:01.002  1660  1693 E HeatmapThread: !@Read Extended_heatmap from efs is: 
01-28 13:03:01.002  1660  1693 E HeatmapThread: !@Write Extended Heatmap to efs is: 0 0 0 0 0 0 0 0 0 0 0 0 0 0 0 0 0 0 0 0 0 0 0 0 0 0 0 0 0 0 0 0 0 0 0 0 0 0 0 0 0 0 0 0 0 0 0 0 0 0 0 0 0 0 0 0 0 0 0 0 0 0 0 0 0 0 0 0 0 0 0 0 0 0 0 0 0 0 0 0 0 0 0 0 0 0 0 0 0 0 0 0 0 0 0 0 0 0 0 0 0 0 0 0 0 0 0 0 0 0 0 0 0 0 0 0 0 0 0 0 0 0 0 0 0 0 0 0 0 0 0 0 0 0 0 0 0 0 0 0 0 0 0 0 0 0 0 0 0 0 0 0 0 0 0 0 0 0 0 0 0 0 0 0 0 0 0 0 0 0 0 0 0 0 0 0 0 0 0 0 0 0 0 0 0 0 0 0 0 0 0 0 0 0 0 0 0 0 0 0 0 0 0 0 0 0 0 0 0 0 0 0 0 0 0 0 0 0 0 0 0 0 0 0 0 0 0 0 0 0 0 0 0 0 0 0 0 0 0 0 0 0 0 0 0 0 0 0 0 0 0 0 0 0 0 0 0 0 0 0 0 0 0 0 0 0 0 0 0 0 0 0 0 0 0 0 0 0 0 0 0 0 0 0 0 0 0 0 0 0 0 0 0 0 0 0 0 0 0 0 0 0 0 0 0 0 0 0 0 0 0 0 0 0 0 0 0 0 0 0 0 0 0 0 0 0 0 0 0 0 0 0 0 0 0 0 0 0 0 0 0 0 0 0 0 0 0 0 0 0 0 0 0 0 0 0 0 0 0 0 0 0 0 0 0 0 0 0 0 0 0 0 0 0 0 0 0 0 0 0 0 0 0 0 0 0 0 0 0 0 0 0 0 0 0 0 0 0 0 0 0 0 0 0 0 0 0 0 0 0 0 0 0 0 0 0 0 0 0 0 0 0 0 0 0 0 0 0 0 0 0 0 0 0 0 0 0 0 0 0 0 0 0 0 0 0 0 0 0 0 0 0 0 0 0 0 0 0 0 0 0 0 0 0 0 0 0 0 0 0 0 0 0 0 0 0 0 0 0 0 0 0 0 0 0 0 0 0 0 0 0 0 0 0
01-28 13:03:01.002  1660  1693 E HeatmapThread: !@Could not open '/efs/FactoryApp/extended_heatmap', errno = 13
01-28 13:03:01.003  1660  1693 E HeatmapThread: !@Could not open '/efs/FactoryApp/bsoh', errno = 13
01-28 13:03:01.003  1660  1693 E HeatmapThread: !@ CAM Could not access BSOH EFS
01-28 13:03:01.003  1676  1892 I VSyncReactor: Current= 120, Period= 24, hwcPeriod= 24
01-28 13:03:01.003  1660  1693 E HeatmapThread: !@ CAM New BSOH: 0
01-28 13:03:01.004  1676  1676 I SurfaceFlinger: finalizeDisplayModeChange 4630947232161729154
01-28 13:03:01.214  1557 31773 I sensors-hal: handle_sns_client_event:550, [0][13161] accel_sample [ 0.357, -0.300,  9.779] 143642684527984
01-28 13:03:01.821  3200  3333 D SatelliteController: isInCarrierRoamingNbIotNtn: satellite is disabled
01-28 13:03:01.828  3278  3278 I EPDG -- SIM0 [SMARTCELLULAR]: onSignalStrengthsChanged: SignalStrength:{mCdma=Invalid,mGsm=Invalid,mWcdma=Invalid,mTdscdma=Invalid,mLte=CellSignalStrengthLte: rssi=-71 rsrp=-101 rsrq=-16 rssnr=9 cqiTableIndex=2147483647 cqi=2147483647 ta=2147483647 level=3 parametersUseForLevel=0,mNr=Invalid,SignalBarInfo{ lteLevel=2 },rat=14,primary=CellSignalStrengthLte}
01-28 13:03:01.829  3278  3689 I EPDG -- SIM0 [SMARTCELLULAR]: lastLteRSRP is -101 currentLteRSRP is -101 lastLteRSRQ is -17 currentLteRSRQ is -16 lastLteSNR is 8 currentLteSNR is 9
01-28 13:03:01.982  2415  3007 D WifiStaIfaceHidlImpl: getCachedScanData is not implemented by HIDL
01-28 13:03:01.986  2415  5153 D SemWifiUsabilityStatsMonitor: onWifiUsabilityStats - seqNum 5496, isSameBssidAndFreq true
01-28 13:03:01.992  4043  4182 I HoneySpace.StatusIconTracker: invokeEvent() called with: event = Wifi(visible=true, resId=2131236018, activityId=2131236043)
01-28 13:03:02.001  1660  1693 E HeatmapThread: ECT Thread time in milliseconds: 1769594582
01-28 13:03:02.001  1660  1693 D HeatmapThread: !@ batteryplugType : 0
01-28 13:03:02.001  1660  1693 D HeatmapThread: !@ batteryLevel : 0  batteryTemperature : 0 
01-28 13:03:02.002  1660  1693 D HeatmapThread: !@ Heatmap currtime: 29493243
01-28 13:03:02.002  1660  1693 D HeatmapThread: !@ Heatmap prevtime: 29493227
01-28 13:03:02.002  1660  1693 D HeatmapThread: !@ Heatmap plugstarttime: 35791394
01-28 13:03:02.002  1660  1693 D HeatmapThread: !@ Heatmap prevv_dsoh_update_time: 29490849
01-28 13:03:02.002  1660  1693 E HeatmapThread: !@Could not open '/efs/FactoryApp/bsoh', errno = 13
01-28 13:03:02.002  1660  1693 E HeatmapThread: !@ CAM Could not access BSOH EFS
01-28 13:03:02.002  1660  1693 E HeatmapThread: !@ CAM New BSOH: 0
01-28 13:03:02.023  1676  1892 I VSyncReactor: Current= 24, Period= 24, hwcPeriod= 24
01-28 13:03:02.031  1676  1920 D DisplayModeController: setDesiredMode 4630947232161729154 {mode={fps=120.00 Hz, modePtr={id=0, vsyncRate=120.00 Hz, peakRefreshRate=120.00 Hz}}, emitEvent=true, force=false}
01-28 13:03:02.058  1676  1676 I SurfaceFlinger: No layers with votes - choose 120.00 Hz
01-28 13:03:02.059  1676  1676 I HWComposer: [4630947232161729154] ActiveConfigToHWC, ID : 0
01-28 13:03:02.061  1588  1889 I SDM     : HWCDisplay::SubmitDisplayConfig: [DispConfigs] config 9 => 0, hs_mode 3 => 3
01-28 13:03:02.061  1588  1889 I SDM     : HWDeviceDRM::SetDisplaySwitchMode: [DispConfigs] check hs_mode 3
01-28 13:03:02.061  1588  1889 I SDM     : HWDeviceDRM::SetDisplaySwitchMode: [DispConfigs] Set mode index:0 1080x2340x120xcmdHS, hs_mode(3), found_mode(0)
01-28 13:03:02.061  1588  1889 I SDM     : HWDeviceDRM::UpdateMixerAttributes: Mixer WxH 1080x2340-1 for Peripheral
01-28 13:03:02.061  1588  1889 I SDM     : HWCDisplay::SubmitDisplayConfig: Active configuration changed from config 9 to 0
01-28 13:03:02.063  1676  1892 I VSyncReactor: Current= 24, Period= 120, hwcPeriod= 120
01-28 13:03:02.097  1676  1676 I SurfaceFlinger: finalizeDisplayModeChange 4630947232161729154
01-28 13:03:02.151  2415  3134 D SemWifiEleStateTracker: Pressure Diff: 0.008666992
01-28 13:03:02.151  2415  3134 D SemWifiEleStateTracker: Barometer value: Prev 886.16095 Current 886.1696 mSmallBaroDetected : false
01-28 13:03:02.308  1676  1920 D DisplayModeController: setDesiredMode 4630947232161729154 {mode={fps=24.00 Hz, modePtr={id=5, vsyncRate=24.00 Hz, peakRefreshRate=24.00 Hz}}, emitEvent=false, force=false}
01-28 13:03:02.312  1676  1676 I LayerHistory: StatusBar$_3758#103 voted NoVote (0.00 Hz)
01-28 13:03:02.313  1676  1676 I SurfaceFlinger: Idle - choose 24.00 Hz
01-28 13:03:02.314  1676  1676 I HWComposer: [4630947232161729154] ActiveConfigToHWC, ID : 9
01-28 13:03:02.315  1676  1892 I VSyncReactor: Current= 120, Period= 24, hwcPeriod= 120
01-28 13:03:02.316  1588  1889 I SDM     : HWCDisplay::SubmitDisplayConfig: [DispConfigs] config 0 => 9, hs_mode 3 => 3
01-28 13:03:02.316  1588  1889 I SDM     : HWDeviceDRM::SetDisplaySwitchMode: [DispConfigs] check hs_mode 3
01-28 13:03:02.316  1588  1889 I SDM     : HWDeviceDRM::SetDisplaySwitchMode: [DispConfigs] Set mode index:10 1080x2340x24xcmdPHS, hs_mode(3), found_mode(1)
01-28 13:03:02.316  1588  1889 I SDM     : HWDeviceDRM::UpdateMixerAttributes: Mixer WxH 1080x2340-1 for Peripheral
01-28 13:03:02.317  1588  1889 I SDM     : HWCDisplay::SubmitDisplayConfig: Active configuration changed from config 0 to 9
01-28 13:03:02.322  1676  1676 I SurfaceFlinger: finalizeDisplayModeChange 4630947232161729154
01-28 13:03:02.322  1676  1892 I VSyncReactor: Current= 120, Period= 24, hwcPeriod= 24
01-28 13:03:02.534  1557 31817 I sensors-hal: handle_sns_client_event:527, [2396] mag_sample_cal: ts=143644057696057 ns; cal = [31.464569, -10.084534, 5.686546], uncal = [-404.449463, -357.049835, -118.335426], bias = [-435.914032, -346.965302, -124.021973], status=3
01-28 13:03:02.608  1557 31819 I sensors-hal: handle_sns_std_sensor_event:138, [1217] Pressure 886.163, cal 0.000, sw_offset 0.450
01-28 13:03:02.746  3201  3201 I wpa_supplicant: Heartbeat 7447
01-28 13:03:02.787  1157  1157 D io_stats: !@   8,0 r 10603178 214276917 w 2895667 45458888 d 814208 38458648 f 0 286756 iot 4684268 0 th 0 0 0 pt 0 inp 0 0 41049.205
01-28 13:03:03.002  1660  1693 E HeatmapThread: ECT Thread time in milliseconds: 1769594583
01-28 13:03:03.002  1660  1693 D HeatmapThread: !@ batteryplugType : 0
01-28 13:03:03.003  1660  1693 D HeatmapThread: !@ batteryLevel : 0  batteryTemperature : 0 
01-28 13:03:03.003  1660  1693 D HeatmapThread: !@ Heatmap currtime: 29493243
01-28 13:03:03.003  1660  1693 D HeatmapThread: !@ Heatmap prevtime: 29493227
01-28 13:03:03.003  1660  1693 D HeatmapThread: !@ Heatmap plugstarttime: 35791394
01-28 13:03:03.003  1660  1693 D HeatmapThread: !@ Heatmap prevv_dsoh_update_time: 29490849
01-28 13:03:03.003  1660  1693 E HeatmapThread: !@Could not open '/efs/FactoryApp/bsoh', errno = 13
01-28 13:03:03.003  1660  1693 E HeatmapThread: !@ CAM Could not access BSOH EFS
01-28 13:03:03.003  1660  1693 E HeatmapThread: !@ CAM New BSOH: 0
01-28 13:03:03.212  1557 31773 I sensors-hal: handle_sns_client_event:550, [0][13268] accel_sample [ 0.346, -0.325,  9.785] 143644699162151
01-28 13:03:03.352  1557 30599 I sensors-hal: handle_sns_std_sensor_event:311, [SSC_LIGHT] P: 10(10),m:7,c:72,b:71,c0:1024,l:10,f(r):76,u(bl):100,j:6
01-28 13:03:03.464 32400 32497 E msgr.msys: E[N mns]_OnDiskCacheGetData(632)=>Start post callback cache refresh DNS resolution
01-28 13:03:03.469  2415  3849 D NetdEventListenerService: CSC Feature value: true
01-28 13:03:03.470  2415  3849 D NetdEventListenerService: CSC Feature value: true
01-28 13:03:03.471  2415  3160 D NetdEventListenerService: DNS Requested by 131, 10350(com.facebook.orca), 4(FAIL), isBlocked=true, 0ms
01-28 13:03:03.479 32400 32497 E msgr.msys: E[N mns]_LogError(228)=>Failed to resolve using system DNS resolver, getaddrinfo(): No address associated with hostname
01-28 13:03:03.480 32400 32497 E msgr.msys: E[N mns]_OnDiskCacheGetData(632)=>Start post callback cache refresh DNS resolution
01-28 13:03:03.483 32400 32497 E msgr.msys: E[N mns]_LogError(228)=>Failed to resolve using system DNS resolver, getaddrinfo(): No address associated with hostname
01-28 13:03:03.483  2415  3160 D NetdEventListenerService: DNS Requested by 131, 10350(com.facebook.orca), 4(FAIL), isBlocked=true, 0ms
01-28 13:03:03.566 32400 32497 E msgr.msys: E[N mns]_OnDiskCacheGetData(632)=>Start post callback cache refresh DNS resolution
01-28 13:03:03.567 32400 32497 E msgr.msys: E[N mns]_OnDiskCacheGetData(632)=>Start post callback cache refresh DNS resolution
01-28 13:03:03.571  2415  3160 D NetdEventListenerService: DNS Requested by 131, 10350(com.facebook.orca), 4(FAIL), isBlocked=true, 0ms
01-28 13:03:03.574  2415  3160 D NetdEventListenerService: DNS Requested by 131, 10350(com.facebook.orca), 4(FAIL), isBlocked=true, 0ms
01-28 13:03:03.582 32400 32497 E msgr.msys: E[N mns]_LogError(228)=>Failed to resolve using system DNS resolver, getaddrinfo(): No address associated with hostname
01-28 13:03:03.584 32400 32497 E msgr.msys: E[N mns]_LogError(228)=>Failed to resolve using system DNS resolver, getaddrinfo(): No address associated with hostname
01-28 13:03:03.876  2415  3107 I SemWifiServiceDetector: Service det. suspended: T / T / 27487
01-28 13:03:04.001  1660  1693 E HeatmapThread: ECT Thread time in milliseconds: 1769594584
01-28 13:03:04.001  1660  1693 D HeatmapThread: !@ batteryplugType : 0
01-28 13:03:04.001  1660  1693 D HeatmapThread: !@ batteryLevel : 0  batteryTemperature : 0 
01-28 13:03:04.001  1660  1693 D HeatmapThread: !@ Heatmap currtime: 29493243
01-28 13:03:04.002  1660  1693 D HeatmapThread: !@ Heatmap prevtime: 29493227
01-28 13:03:04.002  1660  1693 D HeatmapThread: !@ Heatmap plugstarttime: 35791394
01-28 13:03:04.002  1660  1693 D HeatmapThread: !@ Heatmap prevv_dsoh_update_time: 29490849
01-28 13:03:04.002  1660  1693 E HeatmapThread: !@Could not open '/efs/FactoryApp/bsoh', errno = 13
01-28 13:03:04.002  1660  1693 E HeatmapThread: !@ CAM Could not access BSOH EFS
01-28 13:03:04.002  1660  1693 E HeatmapThread: !@ CAM New BSOH: 0
01-28 13:03:04.208  2415  3134 D SemWifiEleStateTracker: Pressure Diff: -0.007080078
01-28 13:03:04.209  2415  3134 D SemWifiEleStateTracker: Barometer value: Prev 886.1696 Current 886.16254 mSmallBaroDetected : false
01-28 13:03:04.444  2415  4439 I NSLocationMonitor: getGPSUsingApps() called
01-28 13:03:04.445  4436  7926 I NSLocationManager_FLP: getGPSUsingApps, No change
01-28 13:03:04.451  2415  4439 D FreecessHandler: freeze com.synapsenotes.ai(10428) result : 2
01-28 13:03:04.534  1557 31817 I sensors-hal: handle_sns_client_event:527, [2416] mag_sample_cal: ts=143646057696057 ns; cal = [31.029572, -10.828552, 2.100616], uncal = [-404.884460, -357.793854, -121.921356], bias = [-435.914032, -346.965302, -124.021973], status=3
01-28 13:03:04.608  1557 31819 I sensors-hal: handle_sns_std_sensor_event:138, [1227] Pressure 886.172, cal 0.000, sw_offset 0.450
01-28 13:03:04.789  1157  1157 D io_stats: !@   8,0 r 10603178 214276917 w 2895671 45458912 d 814208 38458648 f 0 286756 iot 4684276 0 th 0 0 0 pt 0 inp 0 0 41051.207
01-28 13:03:04.789  1157  1157 D io_stats: !@ Write_top(KB): kworker/u16:5(30350) 72 init(1) 28 f2fs_ckpt-254:5(1249) 28
01-28 13:03:05.001  1660  1693 E HeatmapThread: ECT Thread time in milliseconds: 1769594585
01-28 13:03:05.001  1660  1693 D HeatmapThread: !@ batteryplugType : 0
01-28 13:03:05.002  1660  1693 D HeatmapThread: !@ batteryLevel : 0  batteryTemperature : 0 
01-28 13:03:05.002  1660  1693 D HeatmapThread: !@ Heatmap currtime: 29493243
01-28 13:03:05.002  1660  1693 D HeatmapThread: !@ Heatmap prevtime: 29493227
01-28 13:03:05.002  1660  1693 D HeatmapThread: !@ Heatmap plugstarttime: 35791394
01-28 13:03:05.002  1660  1693 D HeatmapThread: !@ Heatmap prevv_dsoh_update_time: 29490849
01-28 13:03:05.002  1660  1693 E HeatmapThread: !@Could not open '/efs/FactoryApp/bsoh', errno = 13
01-28 13:03:05.002  1660  1693 E HeatmapThread: !@ CAM Could not access BSOH EFS
01-28 13:03:05.003  1660  1693 E HeatmapThread: !@ CAM New BSOH: 0
01-28 13:03:05.031  2415  3007 D WifiStaIfaceHidlImpl: getCachedScanData is not implemented by HIDL
01-28 13:03:05.036  2415  5153 D SemWifiUsabilityStatsMonitor: onWifiUsabilityStats - seqNum 5497, isSameBssidAndFreq true
01-28 13:03:05.040  4043  4182 I HoneySpace.StatusIconTracker: invokeEvent() called with: event = Wifi(visible=true, resId=2131236018, activityId=2131236053)
01-28 13:03:05.043  1676  1892 I VSyncReactor: Current= 24, Period= 24, hwcPeriod= 24
01-28 13:03:05.096  1676  1920 D DisplayModeController: setDesiredMode 4630947232161729154 {mode={fps=120.00 Hz, modePtr={id=0, vsyncRate=120.00 Hz, peakRefreshRate=120.00 Hz}}, emitEvent=true, force=false}
01-28 13:03:05.121  1676  1676 I SurfaceFlinger: No layers with votes - choose 120.00 Hz
01-28 13:03:05.122  1676  1676 I HWComposer: [4630947232161729154] ActiveConfigToHWC, ID : 0
01-28 13:03:05.124  1588  1889 I SDM     : HWCDisplay::SubmitDisplayConfig: [DispConfigs] config 9 => 0, hs_mode 3 => 3
01-28 13:03:05.124  1588  1889 I SDM     : HWDeviceDRM::SetDisplaySwitchMode: [DispConfigs] check hs_mode 3
01-28 13:03:05.124  1588  1889 I SDM     : HWDeviceDRM::SetDisplaySwitchMode: [DispConfigs] Set mode index:0 1080x2340x120xcmdHS, hs_mode(3), found_mode(0)
01-28 13:03:05.124  1588  1889 I SDM     : HWDeviceDRM::UpdateMixerAttributes: Mixer WxH 1080x2340-1 for Peripheral
01-28 13:03:05.125  1588  1889 I SDM     : HWCDisplay::SubmitDisplayConfig: Active configuration changed from config 9 to 0
01-28 13:03:05.127  1676  1892 I VSyncReactor: Current= 24, Period= 120, hwcPeriod= 120
01-28 13:03:05.160  1676  1676 I SurfaceFlinger: finalizeDisplayModeChange 4630947232161729154
01-28 13:03:05.215  1557 31773 I sensors-hal: handle_sns_client_event:550, [0][13375] accel_sample [ 0.343, -0.263,  9.766] 143646713795276
01-28 13:03:05.371  1676  1920 D DisplayModeController: setDesiredMode 4630947232161729154 {mode={fps=24.00 Hz, modePtr={id=5, vsyncRate=24.00 Hz, peakRefreshRate=24.00 Hz}}, emitEvent=false, force=false}
01-28 13:03:05.376  1676  1676 I LayerHistory: StatusBar$_3758#103 voted NoVote (0.00 Hz)
01-28 13:03:05.376  1676  1676 I SurfaceFlinger: Idle - choose 24.00 Hz
01-28 13:03:05.378  1676  1676 I HWComposer: [4630947232161729154] ActiveConfigToHWC, ID : 9
01-28 13:03:05.379  1676  1892 I VSyncReactor: Current= 120, Period= 24, hwcPeriod= 120
01-28 13:03:05.380  1588  1889 I SDM     : HWCDisplay::SubmitDisplayConfig: [DispConfigs] config 0 => 9, hs_mode 3 => 3
01-28 13:03:05.380  1588  1889 I SDM     : HWDeviceDRM::SetDisplaySwitchMode: [DispConfigs] check hs_mode 3
01-28 13:03:05.380  1588  1889 I SDM     : HWDeviceDRM::SetDisplaySwitchMode: [DispConfigs] Set mode index:10 1080x2340x24xcmdPHS, hs_mode(3), found_mode(1)
01-28 13:03:05.380  1588  1889 I SDM     : HWDeviceDRM::UpdateMixerAttributes: Mixer WxH 1080x2340-1 for Peripheral
01-28 13:03:05.381  1588  1889 I SDM     : HWCDisplay::SubmitDisplayConfig: Active configuration changed from config 0 to 9
01-28 13:03:05.385  1676  1676 I SurfaceFlinger: finalizeDisplayModeChange 4630947232161729154
01-28 13:03:05.386  1676  1892 I VSyncReactor: Current= 120, Period= 24, hwcPeriod= 24
01-28 13:03:05.782  2415  2922 D ActivityManager: freezing 12357 com.samsung.android.dqagent
01-28 13:03:06.002  1660  1693 E HeatmapThread: ECT Thread time in milliseconds: 1769594586
01-28 13:03:06.003  1660  1693 D HeatmapThread: !@ batteryplugType : 0
01-28 13:03:06.003  1660  1693 D HeatmapThread: !@ batteryLevel : 0  batteryTemperature : 0 
01-28 13:03:06.003  1660  1693 D HeatmapThread: !@ Heatmap currtime: 29493243
01-28 13:03:06.003  1660  1693 D HeatmapThread: !@ Heatmap prevtime: 29493227
01-28 13:03:06.003  1660  1693 D HeatmapThread: !@ Heatmap plugstarttime: 35791394
01-28 13:03:06.003  1660  1693 D HeatmapThread: !@ Heatmap prevv_dsoh_update_time: 29490849
01-28 13:03:06.003  1660  1693 E HeatmapThread: !@Could not open '/efs/FactoryApp/bsoh', errno = 13
01-28 13:03:06.003  1660  1693 E HeatmapThread: !@ CAM Could not access BSOH EFS
01-28 13:03:06.004  1660  1693 E HeatmapThread: !@ CAM New BSOH: 0
01-28 13:03:06.243  2415  3134 D SemWifiEleStateTracker: Pressure Diff: -0.0029296875
01-28 13:03:06.243  2415  3134 D SemWifiEleStateTracker: Barometer value: Prev 886.16254 Current 886.1596 mSmallBaroDetected : false
01-28 13:03:06.487  2415  3138 D WifiConnectivityMonitor.NetworkStatsAnalyzer: Backhaul Disconnection due to TCP Sockets
01-28 13:03:06.487  2415  3138 D WifiConnectivityMonitor.NetworkStatsAnalyzer: Backhaul Disconnection due to RetransSeg
01-28 13:03:06.489  2415  3138 D WifiConnectivityMonitor.NetworkStatsAnalyzer: Backhaul result - RSSI:-42, CE:9, PE:9, TI:13, PTI:13, TW:0, PTW:0, Tx:8, Rx:14, TxS:2, RxS:0, RESULT:true, IC:7, ICT:5, WC:15, WCT:5, R:0, RC:15, IE:0, EC:0
01-28 13:03:06.535  1557 31817 I sensors-hal: handle_sns_client_event:527, [2436] mag_sample_cal: ts=143648057696057 ns; cal = [31.276825, -11.326385, 3.706871], uncal = [-404.637207, -358.291687, -120.315102], bias = [-435.914032, -346.965302, -124.021973], status=3
01-28 13:03:06.610  1557 31819 I sensors-hal: handle_sns_std_sensor_event:138, [1237] Pressure 886.156, cal 0.000, sw_offset 0.450
01-28 13:03:06.884  2415  3107 I SemWifiServiceDetector: Service det. resumed: T / T / 27487
01-28 13:03:06.937  3200  3333 D SatelliteController: isInCarrierRoamingNbIotNtn: satellite is disabled
01-28 13:03:06.943  3278  3278 I EPDG -- SIM0 [SMARTCELLULAR]: onSignalStrengthsChanged: SignalStrength:{mCdma=Invalid,mGsm=Invalid,mWcdma=Invalid,mTdscdma=Invalid,mLte=CellSignalStrengthLte: rssi=-65 rsrp=-101 rsrq=-16 rssnr=8 cqiTableIndex=2147483647 cqi=2147483647 ta=2147483647 level=3 parametersUseForLevel=0,mNr=Invalid,SignalBarInfo{ lteLevel=2 },rat=14,primary=CellSignalStrengthLte}
01-28 13:03:06.943  3278  3689 I EPDG -- SIM0 [SMARTCELLULAR]: lastLteRSRP is -101 currentLteRSRP is -101 lastLteRSRQ is -16 currentLteRSRQ is -16 lastLteSNR is 9 currentLteSNR is 8
01-28 13:03:07.001  1660  1693 E HeatmapThread: ECT Thread time in milliseconds: 1769594587
01-28 13:03:07.001  1660  1693 D HeatmapThread: !@ batteryplugType : 0
01-28 13:03:07.002  1660  1693 D HeatmapThread: !@ batteryLevel : 0  batteryTemperature : 0 
01-28 13:03:07.002  1660  1693 D HeatmapThread: !@ Heatmap currtime: 29493243
01-28 13:03:07.002  1660  1693 D HeatmapThread: !@ Heatmap prevtime: 29493227
01-28 13:03:07.002  1660  1693 D HeatmapThread: !@ Heatmap plugstarttime: 35791394
01-28 13:03:07.002  1660  1693 D HeatmapThread: !@ Heatmap prevv_dsoh_update_time: 29490849
01-28 13:03:07.002  1660  1693 E HeatmapThread: !@Could not open '/efs/FactoryApp/bsoh', errno = 13
01-28 13:03:07.002  1660  1693 E HeatmapThread: !@ CAM Could not access BSOH EFS
01-28 13:03:07.003  1660  1693 E HeatmapThread: !@ CAM New BSOH: 0
01-28 13:03:07.044  1555  1555 I android.hardware.health@2.1-service-samsung: updateLrpSysfs: write: 272
01-28 13:03:07.093  2415  3030 W DeviceStorageMonitorService: check(/data) oldLevel:2, newLevel:2 (usableBytes=2038366208)
01-28 13:03:07.094  2415  3030 W DeviceStorageMonitorService: updateBroadcasts(/data) oldLevel:2, newLevel:2, seq:1
01-28 13:03:07.095  2415  3030 D DeviceStorageMonitorService: Available File Node Number is [13241549]
01-28 13:03:07.095  2415  3030 W DeviceStorageMonitorService: updateBroadcasts_filenode(/data) fn_oldLevel:0, fn_newLevel:0, seq:1
01-28 13:03:07.157  1555  1569 E BatteryDump: !@new_battery_dump : 4033,325,475,550,75,260,265,269,260,0,271,266,0,Charging,NO_CHARGING,Normal,Good,USB,1,Normal,0,0,9600,0x0,0x20000,0x0,0,0,0000,0000,00000000,0,0,0,0,1195,4000,7517,990,0,
01-28 13:03:07.212  1557 31773 I sensors-hal: handle_sns_client_event:550, [0][13482] accel_sample [ 0.333, -0.275,  9.763] 143648728427463
01-28 13:03:07.543  1557 30597 I sensors-hal: handle_sns_client_event:185, auto_rotation_debug_2 mode,255, type,1,0 acc,0.330,-0.270,9.760, ar,0, ver,14, pedo,1,e,1,i,3
01-28 13:03:07.673  1557 30599 I sensors-hal: handle_sns_std_sensor_event:311, [SSC_LIGHT] P: 10(10),m:7,c:72,b:71,c0:1024,l:10,f(r):76,u(bl):100,j:5
01-28 13:03:08.003  1660  1693 E HeatmapThread: ECT Thread time in milliseconds: 1769594588
01-28 13:03:08.003  1660  1693 D HeatmapThread: !@ batteryplugType : 0
01-28 13:03:08.004  1660  1693 D HeatmapThread: !@ batteryLevel : 0  batteryTemperature : 0 
01-28 13:03:08.004  1660  1693 D HeatmapThread: !@ Heatmap currtime: 29493243
01-28 13:03:08.004  1660  1693 D HeatmapThread: !@ Heatmap prevtime: 29493227
01-28 13:03:08.004  1660  1693 D HeatmapThread: !@ Heatmap plugstarttime: 35791394
01-28 13:03:08.004  1660  1693 D HeatmapThread: !@ Heatmap prevv_dsoh_update_time: 29490849
01-28 13:03:08.004  1660  1693 E HeatmapThread: !@Could not open '/efs/FactoryApp/bsoh', errno = 13
01-28 13:03:08.004  1660  1693 E HeatmapThread: !@ CAM Could not access BSOH EFS
01-28 13:03:08.004  1660  1693 E HeatmapThread: !@ CAM New BSOH: 0
01-28 13:03:08.082  2415  3007 D WifiStaIfaceHidlImpl: getCachedScanData is not implemented by HIDL
01-28 13:03:08.087  2415  5153 D SemWifiUsabilityStatsMonitor: onWifiUsabilityStats - seqNum 5498, isSameBssidAndFreq true
01-28 13:03:08.092  4043  4182 I HoneySpace.StatusIconTracker: invokeEvent() called with: event = Wifi(visible=true, resId=2131236018, activityId=2131236054)
01-28 13:03:08.107  1676  1892 I VSyncReactor: Current= 24, Period= 24, hwcPeriod= 24
01-28 13:03:08.113  1676  1920 D DisplayModeController: setDesiredMode 4630947232161729154 {mode={fps=120.00 Hz, modePtr={id=0, vsyncRate=120.00 Hz, peakRefreshRate=120.00 Hz}}, emitEvent=true, force=false}
01-28 13:03:08.144  1676  1676 I SurfaceFlinger: No layers with votes - choose 120.00 Hz
01-28 13:03:08.145  1676  1676 I HWComposer: [4630947232161729154] ActiveConfigToHWC, ID : 0
01-28 13:03:08.147  1588  1889 I SDM     : HWCDisplay::SubmitDisplayConfig: [DispConfigs] config 9 => 0, hs_mode 3 => 3
01-28 13:03:08.147  1588  1889 I SDM     : HWDeviceDRM::SetDisplaySwitchMode: [DispConfigs] check hs_mode 3
01-28 13:03:08.147  1588  1889 I SDM     : HWDeviceDRM::SetDisplaySwitchMode: [DispConfigs] Set mode index:0 1080x2340x120xcmdHS, hs_mode(3), found_mode(0)
01-28 13:03:08.147  1588  1889 I SDM     : HWDeviceDRM::UpdateMixerAttributes: Mixer WxH 1080x2340-1 for Peripheral
01-28 13:03:08.148  1588  1889 I SDM     : HWCDisplay::SubmitDisplayConfig: Active configuration changed from config 9 to 0
01-28 13:03:08.148  1676  1892 I VSyncReactor: Current= 24, Period= 120, hwcPeriod= 120
01-28 13:03:08.182  1676  1676 I SurfaceFlinger: finalizeDisplayModeChange 4630947232161729154
01-28 13:03:08.249  2415  3134 D SemWifiEleStateTracker: Pressure Diff: 0.0013427734
01-28 13:03:08.249  2415  3134 D SemWifiEleStateTracker: Barometer value: Prev 886.1596 Current 886.16095 mSmallBaroDetected : false
01-28 13:03:08.394  1676  1920 D DisplayModeController: setDesiredMode 4630947232161729154 {mode={fps=24.00 Hz, modePtr={id=5, vsyncRate=24.00 Hz, peakRefreshRate=24.00 Hz}}, emitEvent=false, force=false}
01-28 13:03:08.398  1676  1676 I LayerHistory: StatusBar$_3758#103 voted NoVote (0.00 Hz)
01-28 13:03:08.399  1676  1676 I SurfaceFlinger: Idle - choose 24.00 Hz
01-28 13:03:08.400  1676  1676 I HWComposer: [4630947232161729154] ActiveConfigToHWC, ID : 9
01-28 13:03:08.401  1588  1889 I SDM     : HWCDisplay::SubmitDisplayConfig: [DispConfigs] config 0 => 9, hs_mode 3 => 3
01-28 13:03:08.401  1588  1889 I SDM     : HWDeviceDRM::SetDisplaySwitchMode: [DispConfigs] check hs_mode 3
01-28 13:03:08.402  1588  1889 I SDM     : HWDeviceDRM::SetDisplaySwitchMode: [DispConfigs] Set mode index:10 1080x2340x24xcmdPHS, hs_mode(3), found_mode(1)
01-28 13:03:08.402  1588  1889 I SDM     : HWDeviceDRM::UpdateMixerAttributes: Mixer WxH 1080x2340-1 for Peripheral
01-28 13:03:08.402  1588  1889 I SDM     : HWCDisplay::SubmitDisplayConfig: Active configuration changed from config 0 to 9
01-28 13:03:08.406  1676  1676 I SurfaceFlinger: finalizeDisplayModeChange 4630947232161729154
01-28 13:03:08.407  1676  1892 I VSyncReactor: Current= 120, Period= 24, hwcPeriod= 24
01-28 13:03:08.536  1557 31817 I sensors-hal: handle_sns_client_event:527, [2456] mag_sample_cal: ts=143650057696057 ns; cal = [31.661926, -10.138153, 3.888657], uncal = [-404.252106, -357.103455, -120.133316], bias = [-435.914032, -346.965302, -124.021973], status=3
01-28 13:03:08.610  1557 31819 I sensors-hal: handle_sns_std_sensor_event:138, [1247] Pressure 886.169, cal 0.000, sw_offset 0.450
01-28 13:03:08.619 18510 18510 D BoundBrokerSvc: onUnbind: Intent { act=com.google.android.gms.auth.aang.events.services.START dat=chimera-action:/... xflg=0x4 cmp=com.google.android.gms/.chimera.PersistentApiService }
01-28 13:03:08.794  1157  1157 D io_stats: !@   8,0 r 10603179 214277173 w 2895679 45459744 d 814208 38458648 f 0 286756 iot 4684300 0 th 0 0 0 pt 0 inp 0 0 41055.212
01-28 13:03:08.794  1157  1157 D io_stats: !@ Read_top(KB): loop49(4562) 256
01-28 13:03:08.795  1157  1157 D io_stats: !@ Write_top(KB): kworker/u16:12(30354) 824 android.hardwar(1555) 8
01-28 13:03:09.002  1660  1693 E HeatmapThread: ECT Thread time in milliseconds: 1769594589
01-28 13:03:09.002  1660  1693 D HeatmapThread: !@ batteryplugType : 0
01-28 13:03:09.003  1660  1693 D HeatmapThread: !@ batteryLevel : 0  batteryTemperature : 0 
01-28 13:03:09.003  1660  1693 D HeatmapThread: !@ Heatmap currtime: 29493243
01-28 13:03:09.003  1660  1693 D HeatmapThread: !@ Heatmap prevtime: 29493227
01-28 13:03:09.003  1660  1693 D HeatmapThread: !@ Heatmap plugstarttime: 35791394
01-28 13:03:09.003  1660  1693 D HeatmapThread: !@ Heatmap prevv_dsoh_update_time: 29490849
01-28 13:03:09.003  1660  1693 E HeatmapThread: !@Could not open '/efs/FactoryApp/bsoh', errno = 13
01-28 13:03:09.003  1660  1693 E HeatmapThread: !@ CAM Could not access BSOH EFS
01-28 13:03:09.003  1660  1693 E HeatmapThread: !@ CAM New BSOH: 0
01-28 13:03:09.321  1557 31773 I sensors-hal: handle_sns_client_event:550, [0][13589] accel_sample [ 0.333, -0.269,  9.765] 143650743058193
01-28 13:03:09.625 18510 31879 I NearbyMediums: No BLE Fast/GATT advertisements found in the latest cycle.
01-28 13:03:09.626 18510 31879 I NearbyMediums: Current Tracked Scanning Clients are : {NearbyConnections.EnvironmentMonitor, NearbySharing, NearbyConnections.TxAdvertisement}
01-28 13:03:09.892  2415  3107 I SemWifiServiceDetector: Service det. suspended: T / T / 27487
01-28 13:03:10.004  1660  1693 E HeatmapThread: ECT Thread time in milliseconds: 1769594590
01-28 13:03:10.004  1660  1693 D HeatmapThread: !@ batteryplugType : 0
01-28 13:03:10.004  1660  1693 D HeatmapThread: !@ batteryLevel : 0  batteryTemperature : 0 
01-28 13:03:10.004  1660  1693 D HeatmapThread: !@ Heatmap currtime: 29493243
01-28 13:03:10.005  1660  1693 D HeatmapThread: !@ Heatmap prevtime: 29493227
01-28 13:03:10.005  1660  1693 D HeatmapThread: !@ Heatmap plugstarttime: 35791394
01-28 13:03:10.005  1660  1693 D HeatmapThread: !@ Heatmap prevv_dsoh_update_time: 29490849
01-28 13:03:10.005  1660  1693 E HeatmapThread: !@Could not open '/efs/FactoryApp/bsoh', errno = 13
01-28 13:03:10.005  1660  1693 E HeatmapThread: !@ CAM Could not access BSOH EFS
01-28 13:03:10.006  1660  1693 E HeatmapThread: !@ CAM New BSOH: 0
01-28 13:03:10.321  2415  3134 I SemWifiEleStateTracker: Ele Parameters BD : 13 13 13 13 13 13 MD : -101 -101 -101 -101 -101 -101 WD : -44 -41 -43 -42 -42 -43 GC : false false false false false false SC : false false false false false false SH : false false false false false false TB : false false false false false false
01-28 13:03:10.321  2415  3134 D SemWifiEleStateTracker: Pressure Diff: 0.009033203
01-28 13:03:10.321  2415  3134 D SemWifiEleStateTracker: Barometer value: Prev 886.16095 Current 886.17 mSmallBaroDetected : false
01-28 13:03:10.458  2415  4439 I NSLocationMonitor: getGPSUsingApps() called
01-28 13:03:10.459  4436  7926 I NSLocationManager_FLP: getGPSUsingApps, No change
01-28 13:03:10.472  2415  4439 D FreecessHandler: freeze com.synapsenotes.ai(10428) result : 2
01-28 13:03:10.537  1557 31817 I sensors-hal: handle_sns_client_event:527, [2476] mag_sample_cal: ts=143652057696057 ns; cal = [31.746704, -9.858978, 3.242378], uncal = [-404.167328, -356.824280, -120.779594], bias = [-435.914032, -346.965302, -124.021973], status=3
01-28 13:03:10.608  1557 31819 I sensors-hal: handle_sns_std_sensor_event:138, [1257] Pressure 886.156, cal 0.000, sw_offset 0.450
01-28 13:03:11.001  1660  1693 E HeatmapThread: ECT Thread time in milliseconds: 1769594591
01-28 13:03:11.001  1660  1693 D HeatmapThread: !@ batteryplugType : 0
01-28 13:03:11.002  1660  1693 D HeatmapThread: !@ batteryLevel : 0  batteryTemperature : 0 
01-28 13:03:11.002  1660  1693 D HeatmapThread: !@ Heatmap currtime: 29493243
01-28 13:03:11.002  1660  1693 D HeatmapThread: !@ Heatmap prevtime: 29493227
01-28 13:03:11.002  1660  1693 D HeatmapThread: !@ Heatmap plugstarttime: 35791394
01-28 13:03:11.002  1660  1693 D HeatmapThread: !@ Heatmap prevv_dsoh_update_time: 29490849
01-28 13:03:11.003  1660  1693 E HeatmapThread: !@Could not open '/efs/FactoryApp/bsoh', errno = 13
01-28 13:03:11.003  1660  1693 E HeatmapThread: !@ CAM Could not access BSOH EFS
01-28 13:03:11.003  1660  1693 E HeatmapThread: !@ CAM New BSOH: 0
01-28 13:03:11.131  2415  3007 D WifiStaIfaceHidlImpl: getCachedScanData is not implemented by HIDL
01-28 13:03:11.136  2415  5153 D SemWifiUsabilityStatsMonitor: onWifiUsabilityStats - seqNum 5499, isSameBssidAndFreq true
01-28 13:03:11.141  4043  4182 I HoneySpace.StatusIconTracker: invokeEvent() called with: event = Wifi(visible=true, resId=2131236018, activityId=2131236053)
01-28 13:03:11.179  1676  1892 I VSyncReactor: Current= 24, Period= 24, hwcPeriod= 24
01-28 13:03:11.183  1676  1920 D DisplayModeController: setDesiredMode 4630947232161729154 {mode={fps=120.00 Hz, modePtr={id=0, vsyncRate=120.00 Hz, peakRefreshRate=120.00 Hz}}, emitEvent=true, force=false}
01-28 13:03:11.215  1676  1676 I SurfaceFlinger: No layers with votes - choose 120.00 Hz
01-28 13:03:11.216  1676  1676 I HWComposer: [4630947232161729154] ActiveConfigToHWC, ID : 0
01-28 13:03:11.218  1588  1889 I SDM     : HWCDisplay::SubmitDisplayConfig: [DispConfigs] config 9 => 0, hs_mode 3 => 3
01-28 13:03:11.218  1588  1889 I SDM     : HWDeviceDRM::SetDisplaySwitchMode: [DispConfigs] check hs_mode 3
01-28 13:03:11.218  1588  1889 I SDM     : HWDeviceDRM::SetDisplaySwitchMode: [DispConfigs] Set mode index:0 1080x2340x120xcmdHS, hs_mode(3), found_mode(0)
01-28 13:03:11.218  1588  1889 I SDM     : HWDeviceDRM::UpdateMixerAttributes: Mixer WxH 1080x2340-1 for Peripheral
01-28 13:03:11.219  1588  1889 I SDM     : HWCDisplay::SubmitDisplayConfig: Active configuration changed from config 9 to 0
01-28 13:03:11.221  1676  1892 I VSyncReactor: Current= 24, Period= 120, hwcPeriod= 120
01-28 13:03:11.254  1676  1676 I SurfaceFlinger: finalizeDisplayModeChange 4630947232161729154
01-28 13:03:11.316  1557 31773 I sensors-hal: handle_sns_client_event:550, [0][13696] accel_sample [ 0.296, -0.281,  9.765] 143652757687776
01-28 13:03:11.465  1676  1920 D DisplayModeController: setDesiredMode 4630947232161729154 {mode={fps=24.00 Hz, modePtr={id=5, vsyncRate=24.00 Hz, peakRefreshRate=24.00 Hz}}, emitEvent=false, force=false}
01-28 13:03:11.467  1676  1676 I LayerHistory: StatusBar$_3758#103 voted NoVote (0.00 Hz)
01-28 13:03:11.468  1676  1676 I SurfaceFlinger: Idle - choose 24.00 Hz
01-28 13:03:11.468  1676  1676 I HWComposer: [4630947232161729154] ActiveConfigToHWC, ID : 9
01-28 13:03:11.469  1588  1889 I SDM     : HWCDisplay::SubmitDisplayConfig: [DispConfigs] config 0 => 9, hs_mode 3 => 3
01-28 13:03:11.469  1588  1889 I SDM     : HWDeviceDRM::SetDisplaySwitchMode: [DispConfigs] check hs_mode 3
01-28 13:03:11.469  1588  1889 I SDM     : HWDeviceDRM::SetDisplaySwitchMode: [DispConfigs] Set mode index:10 1080x2340x24xcmdPHS, hs_mode(3), found_mode(1)
01-28 13:03:11.470  1588  1889 I SDM     : HWDeviceDRM::UpdateMixerAttributes: Mixer WxH 1080x2340-1 for Peripheral
01-28 13:03:11.470  1588  1889 I SDM     : HWCDisplay::SubmitDisplayConfig: Active configuration changed from config 0 to 9
01-28 13:03:11.471  1676  1892 I VSyncReactor: Current= 120, Period= 24, hwcPeriod= 24
01-28 13:03:11.473  1676  1676 I SurfaceFlinger: finalizeDisplayModeChange 4630947232161729154
01-28 13:03:11.995  1557 30599 I sensors-hal: handle_sns_std_sensor_event:311, [SSC_LIGHT] P: 10(10),m:7,c:72,b:71,c0:1024,l:10,f(r):76,u(bl):100,j:3
01-28 13:03:12.001  1660  1693 E HeatmapThread: ECT Thread time in milliseconds: 1769594592
01-28 13:03:12.001  1660  1693 D HeatmapThread: !@ batteryplugType : 0
01-28 13:03:12.002  1660  1693 D HeatmapThread: !@ batteryLevel : 0  batteryTemperature : 0 
01-28 13:03:12.002  1660  1693 D HeatmapThread: !@ Heatmap currtime: 29493243
01-28 13:03:12.002  1660  1693 D HeatmapThread: !@ Heatmap prevtime: 29493227
01-28 13:03:12.002  1660  1693 D HeatmapThread: !@ Heatmap plugstarttime: 35791394
01-28 13:03:12.002  1660  1693 D HeatmapThread: !@ Heatmap prevv_dsoh_update_time: 29490849
01-28 13:03:12.002  1660  1693 E HeatmapThread: !@Could not open '/efs/FactoryApp/bsoh', errno = 13
01-28 13:03:12.003  1660  1693 E HeatmapThread: !@ CAM Could not access BSOH EFS
01-28 13:03:12.003  1660  1693 E HeatmapThread: !@ CAM New BSOH: 0
01-28 13:03:12.351  2415  3134 D SemWifiEleStateTracker: Pressure Diff: -0.010009766
01-28 13:03:12.351  2415  3134 D SemWifiEleStateTracker: Barometer value: Prev 886.17 Current 886.16 mSmallBaroDetected : false
01-28 13:03:12.534  1557 31817 I sensors-hal: handle_sns_client_event:527, [2496] mag_sample_cal: ts=143654057696057 ns; cal = [31.411377, -10.902802, 2.574593], uncal = [-404.502655, -357.868103, -121.447380], bias = [-435.914032, -346.965302, -124.021973], status=3
01-28 13:03:12.608  1557 31819 I sensors-hal: handle_sns_std_sensor_event:138, [1267] Pressure 886.167, cal 0.000, sw_offset 0.450
01-28 13:03:12.751  3201  3201 I wpa_supplicant: Heartbeat 7448
01-28 13:03:12.798  1157  1157 D io_stats: !@   8,0 r 10603179 214277173 w 2895726 45459996 d 814247 38459040 f 0 286760 iot 4684324 0 th 0 0 0 pt 0 inp 0 0 41059.215
01-28 13:03:12.799  1157  1157 D io_stats: !@ Write_top(KB): kworker/u16:12(30354) 56 f2fs_ckpt-254:5(1249) 36 init(1) 28
01-28 13:03:13.004  1660  1693 E HeatmapThread: ECT Thread time in milliseconds: 1769594593
01-28 13:03:13.004  1660  1693 D HeatmapThread: !@ batteryplugType : 0
01-28 13:03:13.004  1660  1693 D HeatmapThread: !@ batteryLevel : 0  batteryTemperature : 0 
01-28 13:03:13.004  1660  1693 D HeatmapThread: !@ Heatmap currtime: 29493243
01-28 13:03:13.004  1660  1693 D HeatmapThread: !@ Heatmap prevtime: 29493227
01-28 13:03:13.004  1660  1693 D HeatmapThread: !@ Heatmap plugstarttime: 35791394
01-28 13:03:13.004  1660  1693 D HeatmapThread: !@ Heatmap prevv_dsoh_update_time: 29490849
01-28 13:03:13.005  1660  1693 E HeatmapThread: !@Could not open '/efs/FactoryApp/bsoh', errno = 13
01-28 13:03:13.005  1660  1693 E HeatmapThread: !@ CAM Could not access BSOH EFS
01-28 13:03:13.005  1660  1693 E HeatmapThread: !@ CAM New BSOH: 0
01-28 13:03:13.320  1557 31773 I sensors-hal: handle_sns_client_event:550, [0][13803] accel_sample [ 0.318, -0.211,  9.738] 143654772316318
01-28 13:03:13.882 32400 32497 E msgr.msys: E[N mns]_OnDiskCacheGetData(632)=>Start post callback cache refresh DNS resolution
01-28 13:03:13.888  2415  3160 D NetdEventListenerService: DNS Requested by 131, 10350(com.facebook.orca), 4(FAIL), isBlocked=true, 0ms
01-28 13:03:13.893 32400 32497 E msgr.msys: E[N mns]_LogError(228)=>Failed to resolve using system DNS resolver, getaddrinfo(): No address associated with hostname
01-28 13:03:13.893 32400 32497 E msgr.msys: E[N mns]_OnDiskCacheGetData(632)=>Start post callback cache refresh DNS resolution
01-28 13:03:13.896 32400 32497 E msgr.msys: E[N mns]_LogError(228)=>Failed to resolve using system DNS resolver, getaddrinfo(): No address associated with hostname
01-28 13:03:13.896  2415  3160 D NetdEventListenerService: DNS Requested by 131, 10350(com.facebook.orca), 4(FAIL), isBlocked=true, 0ms
01-28 13:03:14.003  1660  1693 E HeatmapThread: ECT Thread time in milliseconds: 1769594594
01-28 13:03:14.003  1660  1693 D HeatmapThread: !@ batteryplugType : 0
01-28 13:03:14.003  1660  1693 D HeatmapThread: !@ batteryLevel : 0  batteryTemperature : 0 
01-28 13:03:14.003  1660  1693 D HeatmapThread: !@ Heatmap currtime: 29493243
01-28 13:03:14.003  1660  1693 D HeatmapThread: !@ Heatmap prevtime: 29493227
01-28 13:03:14.003  1660  1693 D HeatmapThread: !@ Heatmap plugstarttime: 35791394
01-28 13:03:14.003  1660  1693 D HeatmapThread: !@ Heatmap prevv_dsoh_update_time: 29490849
01-28 13:03:14.004  1660  1693 E HeatmapThread: !@Could not open '/efs/FactoryApp/bsoh', errno = 13
01-28 13:03:14.004  1660  1693 E HeatmapThread: !@ CAM Could not access BSOH EFS
01-28 13:03:14.004  1660  1693 E HeatmapThread: !@ CAM New BSOH: 0
01-28 13:03:14.153  2415  3007 D WifiStaIfaceHidlImpl: getCachedScanData is not implemented by HIDL
01-28 13:03:14.156  2415  5153 D SemWifiUsabilityStatsMonitor: onWifiUsabilityStats - seqNum 5500, isSameBssidAndFreq true
01-28 13:03:14.261  9687  9701 I Finsky  : [117] Stats for Executor: LightweightExecutor usf@5a50b60[Running, pool size = 4, active threads = 0, queued tasks = 0, completed tasks = 32735]
01-28 13:03:14.263  9687  9701 I Finsky  : [117] Stats for Executor: BlockingExecutor usf@cfd4819[Running, pool size = 0, active threads = 0, queued tasks = 0, completed tasks = 153]
01-28 13:03:14.263  9687  9701 I Finsky  : [117] Stats for Executor: bgExecutor usf@2580de[Running, pool size = 4, active threads = 0, queued tasks = 0, completed tasks = 4778]
01-28 13:03:14.534  1557 31817 I sensors-hal: handle_sns_client_event:527, [2516] mag_sample_cal: ts=143656057696057 ns; cal = [31.171295, -9.952576, 3.258400], uncal = [-404.742737, -356.917877, -120.763573], bias = [-435.914032, -346.965302, -124.021973], status=3
01-28 13:03:14.610  1557 31819 I sensors-hal: handle_sns_std_sensor_event:138, [1277] Pressure 886.156, cal 0.000, sw_offset 0.450
01-28 13:03:14.800  1157  1157 D io_stats: !@   8,0 r 10603183 214277233 w 2895730 45460020 d 814247 38459040 f 0 286760 iot 4684336 0 th 0 0 0 pt 0 inp 0 0 41061.218
01-28 13:03:15.001  1660  1693 E HeatmapThread: ECT Thread time in milliseconds: 1769594595
01-28 13:03:15.001  1660  1693 D HeatmapThread: !@ batteryplugType : 0
01-28 13:03:15.002  1660  1693 D HeatmapThread: !@ batteryLevel : 0  batteryTemperature : 0 
01-28 13:03:15.002  1660  1693 D HeatmapThread: !@ Heatmap currtime: 29493243
01-28 13:03:15.002  1660  1693 D HeatmapThread: !@ Heatmap prevtime: 29493227
01-28 13:03:15.002  1660  1693 D HeatmapThread: !@ Heatmap plugstarttime: 35791394
01-28 13:03:15.002  1660  1693 D HeatmapThread: !@ Heatmap prevv_dsoh_update_time: 29490849
01-28 13:03:15.003  1660  1693 E HeatmapThread: !@Could not open '/efs/FactoryApp/bsoh', errno = 13
01-28 13:03:15.003  1660  1693 E HeatmapThread: !@ CAM Could not access BSOH EFS
01-28 13:03:15.003  1660  1693 E HeatmapThread: !@ CAM New BSOH: 0
01-28 13:03:15.318  1557 31773 I sensors-hal: handle_sns_client_event:550, [0][13910] accel_sample [ 0.275, -0.251,  9.752] 143656786943713
01-28 13:03:15.898  2415  2497 E Watchdog: !@Sync: 1368 heap(MB): 154 / 169 FD: 1430 [2026-01-28 13:03:15.897]
01-28 13:03:16.004  1660  1693 E HeatmapThread: ECT Thread time in milliseconds: 1769594596
01-28 13:03:16.004  1660  1693 D HeatmapThread: !@ batteryplugType : 0
01-28 13:03:16.004  1660  1693 D HeatmapThread: !@ batteryLevel : 0  batteryTemperature : 0 
01-28 13:03:16.004  1660  1693 D HeatmapThread: !@ Heatmap currtime: 29493243
01-28 13:03:16.004  1660  1693 D HeatmapThread: !@ Heatmap prevtime: 29493227
01-28 13:03:16.004  1660  1693 D HeatmapThread: !@ Heatmap plugstarttime: 35791394
01-28 13:03:16.004  1660  1693 D HeatmapThread: !@ Heatmap prevv_dsoh_update_time: 29490849
01-28 13:03:16.005  1660  1693 E HeatmapThread: !@Could not open '/efs/FactoryApp/bsoh', errno = 13
01-28 13:03:16.005  1660  1693 E HeatmapThread: !@ CAM Could not access BSOH EFS
01-28 13:03:16.005  1660  1693 E HeatmapThread: !@ CAM New BSOH: 0
01-28 13:03:16.309  3648  4381 W ScanManager: Moving filtered scan client to downgraded scan (scannerId 6)
01-28 13:03:16.312  1557 30599 I sensors-hal: handle_sns_std_sensor_event:311, [SSC_LIGHT] P: 10(10),m:7,c:72,b:71,c0:1024,l:10,f(r):76,u(bl):100,j:5
01-28 13:03:16.321  3648  4381 W ScanManager: Moving filtered scan client to downgraded scan (scannerId 7)
01-28 13:03:16.420  2415  3134 D SemWifiEleStateTracker: Pressure Diff: -0.0012207031
01-28 13:03:16.420  2415  3134 D SemWifiEleStateTracker: Barometer value: Prev 886.16 Current 886.15875 mSmallBaroDetected : false
01-28 13:03:16.474  2415  4439 I NSLocationMonitor: getGPSUsingApps() called
01-28 13:03:16.476  4436  7926 I NSLocationManager_FLP: getGPSUsingApps, No change
01-28 13:03:16.493  2415  4439 D FreecessHandler: freeze com.synapsenotes.ai(10428) result : 2
01-28 13:03:16.495  2415  3138 D WifiConnectivityMonitor.NetworkStatsAnalyzer: Backhaul Disconnection due to TCP Sockets
01-28 13:03:16.496  2415  3138 D WifiConnectivityMonitor.NetworkStatsAnalyzer: Backhaul Disconnection due to RetransSeg
01-28 13:03:16.496  2415  3138 D WifiConnectivityMonitor.NetworkStatsAnalyzer: Backhaul result - RSSI:-43, CE:9, PE:9, TI:12, PTI:13, TW:0, PTW:0, Tx:7, Rx:2, TxS:1, RxS:0, RESULT:true, IC:7, ICT:5, WC:16, WCT:5, R:0, RC:16, IE:0, EC:0
01-28 13:03:16.534  1557 31817 I sensors-hal: handle_sns_client_event:527, [2536] mag_sample_cal: ts=143658057696138 ns; cal = [31.496155, -10.623596, 1.928299], uncal = [-404.417877, -357.588898, -122.093674], bias = [-435.914032, -346.965302, -124.021973], status=3
01-28 13:03:16.609  1557 31819 I sensors-hal: handle_sns_std_sensor_event:138, [1287] Pressure 886.158, cal 0.000, sw_offset 0.450
01-28 13:03:16.633  2415  9612 I AfterimageCompensationService: AfcThread mLuminance : 96 , AfpcPeriodCount : 553 , rotation : 0 , AOD : false
01-28 13:03:16.634  2415  9612 I SurfaceComposerClient: captureDisplay:Display-4630947232161729154
01-28 13:03:16.637  3266 29530 D ApfFilter: (wlan0): Adding RA fe80::42ed:ff:fe82:30dc -> ff02::1 1800s 
01-28 13:03:16.641  1676  2263 I SurfaceFlinger: Capture layer list: 	 Wallpaper BBQ wrapper 5_system#82(seamlessTransition:0)
01-28 13:03:16.641  1676  2263 I SurfaceFlinger: Capture layer list: 	 com.sec.android.app.launcher/com.sec.android.app.launcher.activities.LauncherActivity$_4043#7235(seamlessTransition:0)
01-28 13:03:16.641  1676  2263 I SurfaceFlinger: Capture layer list: 	 StatusBar$_3758#103(seamlessTransition:0)
01-28 13:03:16.641  1676  2263 I SurfaceFlinger: Capture layer list: 	 com.sec.android.app.launcher/com.samsung.app.honeyspace.edge.edgepanel.app.CocktailBarService$_4043#7186(seamlessTransition:0)
01-28 13:03:16.641  1676  2263 I SurfaceFlinger: Capture layer list: 	 NavigationBar0$_3758#99(seamlessTransition:0)
01-28 13:03:16.641  1676  2263 E HWComposer: getLuts: getLuts failed for display 4630947232161729154: UNSUPPORTED (8)
01-28 13:03:16.644  1676  1812 D RenderEngine: [SEC_SF_EFFECTS] drawLayersInternal,1483, Rendering layer ScreenCaptureFillLayer at index 0
01-28 13:03:16.644  1676  1812 D RenderEngine: [SEC_SF_EFFECTS] drawLayersInternal,1483, Rendering layer Wallpaper BBQ wrapper 5_system#82 at index 1
01-28 13:03:16.645  1676  1812 D RenderEngine: [SEC_SF_EFFECTS] drawLayersInternal,1483, Rendering layer com.sec.android.app.launcher/com.sec.android.app.launcher.activities.LauncherActivity$_4043#7235 at index 2
01-28 13:03:16.645  1676  1812 D RenderEngine: [SEC_SF_EFFECTS] drawLayersInternal,1483, Rendering layer StatusBar$_3758#103 at index 3
01-28 13:03:16.645  1676  1812 D RenderEngine: [SEC_SF_EFFECTS] drawLayersInternal,1483, Rendering layer com.sec.android.app.launcher/com.samsung.app.honeyspace.edge.edgepanel.app.CocktailBarService$_4043#7186 at index 4
01-28 13:03:16.645  1676  1812 D RenderEngine: [SEC_SF_EFFECTS] drawLayersInternal,1483, Rendering layer NavigationBar0$_3758#99 at index 5
01-28 13:03:16.655  2415  9612 D system_server: mAFPC_Read - w = 1080, h = 2340, s = 8, f = 4, s_size = 10183680, luminance = 96, count = 553, captureOrientation = 0
01-28 13:03:16.705 32400 32497 E msgr.msys: E[N mns]_OnDiskCacheGetData(632)=>Start post callback cache refresh DNS resolution
01-28 13:03:16.706 32400 32497 E msgr.msys: E[N mns]_OnDiskCacheGetData(632)=>Start post callback cache refresh DNS resolution
01-28 13:03:16.709  2415  3160 D NetdEventListenerService: DNS Requested by 131, 10350(com.facebook.orca), 4(FAIL), isBlocked=true, 0ms
01-28 13:03:16.711  2415  3160 D NetdEventListenerService: DNS Requested by 131, 10350(com.facebook.orca), 4(FAIL), isBlocked=true, 0ms
01-28 13:03:16.720 32400 32497 E msgr.msys: E[N mns]_LogError(228)=>Failed to resolve using system DNS resolver, getaddrinfo(): No address associated with hostname
01-28 13:03:16.720 32400 32497 E msgr.msys: E[N mns]_LogError(228)=>Failed to resolve using system DNS resolver, getaddrinfo(): No address associated with hostname
01-28 13:03:16.802  1157  1157 D io_stats: !@   8,0 r 10603195 214277525 w 2895730 45460020 d 814247 38459040 f 0 286760 iot 4684352 0 th 0 0 0 pt 0 inp 0 0 41063.220
01-28 13:03:16.803  1157  1157 D io_stats: !@ Read_top(KB): rkstack.process(3266) 168 loop7(1314) 76 android.vending(9687) 60
01-28 13:03:16.803  1157  1157 D io_stats: !@ Write_top(KB): sait.sohservice(32041) 24
01-28 13:03:16.957  1557 30597 I sensors-hal: handle_sns_client_event:185, auto_rotation_debug_2 mode,255, type,1,0 acc,0.340,-0.266,9.760, ar,0, ver,14, pedo,1,e,1,i,3
01-28 13:03:17.002  1660  1693 E HeatmapThread: ECT Thread time in milliseconds: 1769594597
01-28 13:03:17.003  1660  1693 D HeatmapThread: !@ batteryplugType : 0
01-28 13:03:17.003  1660  1693 D HeatmapThread: !@ batteryLevel : 0  batteryTemperature : 0 
01-28 13:03:17.003  1660  1693 D HeatmapThread: !@ Heatmap currtime: 29493243
