01-28 13:02:47.030  1676  1676 I LayerHistory: StatusBar$_3758#103 voted NoVote (0.00 Hz)
01-28 13:02:47.030  1676  1676 I SurfaceFlinger: No layers with votes - choose 120.00 Hz
01-28 13:02:47.031  1676  1676 I HWComposer: [4630947232161729154] ActiveConfigToHWC, ID : 0
01-28 13:02:47.032  1588  1889 I SDM     : HWCDisplay::SubmitDisplayConfig: [DispConfigs] config 9 => 0, hs_mode 3 => 3
01-28 13:02:47.032  1588  1889 I SDM     : HWDeviceDRM::SetDisplaySwitchMode: [DispConfigs] check hs_mode 3
01-28 13:02:47.032  1588  1889 I SDM     : HWDeviceDRM::SetDisplaySwitchMode: [DispConfigs] Set mode index:0 1080x2340x120xcmdHS, hs_mode(3), found_mode(0)
01-28 13:02:47.032  1588  1889 I SDM     : HWDeviceDRM::UpdateMixerAttributes: Mixer WxH 1080x2340-1 for Peripheral
01-28 13:02:47.033  1588  1889 I SDM     : HWCDisplay::SubmitDisplayConfig: Active configuration changed from config 9 to 0
01-28 13:02:47.037  1676  1892 I VSyncReactor: Current= 24, Period= 120, hwcPeriod= 120
01-28 13:02:47.053  1676  1676 I SurfaceFlinger: finalizeDisplayModeChange 4630947232161729154
01-28 13:02:47.102  1557 31773 I sensors-hal: handle_sns_client_event:550, [0][12412] accel_sample [ 0.349, -0.248,  9.758] 143628582096943
01-28 13:02:47.130  3758  3758 D Bubbles : onEntryUpdated : shouldBubbleUp=false ,key=-1|com.android.systemui|2131364006|charging_state|10037
01-28 13:02:47.132  3758  3758 D InterruptionStateProvider:  no Heads up : edgelighting enabled app. -1|com.android.systemui|2131364006|charging_state|10037
01-28 13:02:47.133  3758  3758 I {OngoingActivityController}: onEntryUpdated and OA data is empty. So update latest task info
01-28 13:02:47.159  3758  3758 D SubscreenNotificationListCoordinator: onAfterRenderList() isSubScreen = false, pluginLockMode = 0, doNotShowOnCover = false
01-28 13:02:47.164  3758  3758 W RefactorFlag: New code path expects SceneContainerFlag to be enabled.
01-28 13:02:47.165  3758  3758 D ExpandableNotifRow: mMaxSmallHeight different before reInflateViews mMaxSmallHeight: 216 mTempSmallHeight:0 -1|com.android.systemui|2131364006|charging_state|10037
01-28 13:02:47.166  3758  3758 D ExpandableNotifRow: mMaxSmallHeight different before reInflateViews mMaxSmallHeight: 216 mTempSmallHeight:0 -1|com.android.systemui|2131364006|charging_state|10037
01-28 13:02:47.171  3758  3758 I LockscreenNotificationIconsOnlyController: onNotificationInfoUpdated 0
01-28 13:02:47.171  3758  3758 I AODNotificationManager: updateNotification() 
01-28 13:02:47.176  3758  4091 D LocalImageResolver: Couldn't use ImageDecoder for drawable, falling back to non-resized load.
01-28 13:02:47.177  3758  4091 D LocalImageResolver: Couldn't use ImageDecoder for drawable, falling back to non-resized load.
01-28 13:02:47.181  3758  3758 D LocalImageResolver: Couldn't use ImageDecoder for drawable, falling back to non-resized load.
01-28 13:02:47.193  3758  3758 W RefactorFlag: New code path expects SceneContainerFlag to be enabled.
01-28 13:02:47.214  3758  3758 D ExpandableNotifRow: mMaxSmallHeight different before reInflateViews mMaxSmallHeight: 216 mTempSmallHeight:0 -1|com.android.systemui|2131364006|charging_state|10037
01-28 13:02:47.215  3758  3758 D ExpandableNotifRow: mMaxSmallHeight different before reInflateViews mMaxSmallHeight: 216 mTempSmallHeight:0 -1|com.android.systemui|2131364006|charging_state|10037
01-28 13:02:47.215  3758  3758 D ExpandableNotifRow: mMaxSmallHeight different before reInflateViews mMaxSmallHeight: 216 mTempSmallHeight:0 -1|com.android.systemui|2131364006|charging_state|10037
01-28 13:02:47.215  3758  3758 D ExpandableNotifRow: mMaxSmallHeight different before reInflateViews mMaxSmallHeight: 216 mTempSmallHeight:0 -1|com.android.systemui|2131364006|charging_state|10037
01-28 13:02:47.220  3758  3758 D S.S.N.  : entryViewBound parent :-1|com.android.systemui|2131364006|charging_state|10037
01-28 13:02:47.222  3758  3758 D LocalImageResolver: Couldn't use ImageDecoder for drawable, falling back to non-resized load.
01-28 13:02:47.228  3758  3758 D SubscreenNotificationListCoordinator: onAfterRenderList() isSubScreen = false, pluginLockMode = 0, doNotShowOnCover = false
01-28 13:02:47.232  3758  3758 W RefactorFlag: New code path expects SceneContainerFlag to be enabled.
01-28 13:02:47.233  3758  3758 D ExpandableNotifRow: mMaxSmallHeight different before reInflateViews mMaxSmallHeight: 216 mTempSmallHeight:0 -1|com.android.systemui|2131364006|charging_state|10037
01-28 13:02:47.233  3758  3758 D ExpandableNotifRow: mMaxSmallHeight different before reInflateViews mMaxSmallHeight: 216 mTempSmallHeight:0 -1|com.android.systemui|2131364006|charging_state|10037
01-28 13:02:47.235  3758  3758 I LockscreenNotificationIconsOnlyController: onNotificationInfoUpdated 0
01-28 13:02:47.235  3758  3758 I AODNotificationManager: updateNotification() 
01-28 13:02:47.271 32400 32497 E msgr.msys: E[N mns]_OnDiskCacheGetData(632)=>Start post callback cache refresh DNS resolution
01-28 13:02:47.272 32400 32497 E msgr.msys: E[N mns]_OnDiskCacheGetData(632)=>Start post callback cache refresh DNS resolution
01-28 13:02:47.278  2415  3160 D NetdEventListenerService: DNS Requested by 131, 10350(com.facebook.orca), 4(FAIL), isBlocked=true, 0ms
01-28 13:02:47.283  2415  3160 D NetdEventListenerService: DNS Requested by 131, 10350(com.facebook.orca), 4(FAIL), isBlocked=true, 0ms
01-28 13:02:47.290 32400 32497 E msgr.msys: E[N mns]_LogError(228)=>Failed to resolve using system DNS resolver, getaddrinfo(): No address associated with hostname
01-28 13:02:47.290 32400 32497 E msgr.msys: E[N mns]_LogError(228)=>Failed to resolve using system DNS resolver, getaddrinfo(): No address associated with hostname
01-28 13:02:47.493  1676  1920 D DisplayModeController: setDesiredMode 4630947232161729154 {mode={fps=24.00 Hz, modePtr={id=5, vsyncRate=24.00 Hz, peakRefreshRate=24.00 Hz}}, emitEvent=false, force=false}
01-28 13:02:47.497  1676  1676 I LayerHistory: StatusBar$_3758#103 voted NoVote (0.00 Hz)
01-28 13:02:47.497  1676  1676 I SurfaceFlinger: Idle - choose 24.00 Hz
01-28 13:02:47.499  1676  1676 I HWComposer: [4630947232161729154] ActiveConfigToHWC, ID : 9
01-28 13:02:47.500  1588  1889 I SDM     : HWCDisplay::SubmitDisplayConfig: [DispConfigs] config 0 => 9, hs_mode 3 => 3
01-28 13:02:47.500  1588  1889 I SDM     : HWDeviceDRM::SetDisplaySwitchMode: [DispConfigs] check hs_mode 3
01-28 13:02:47.500  1588  1889 I SDM     : HWDeviceDRM::SetDisplaySwitchMode: [DispConfigs] Set mode index:10 1080x2340x24xcmdPHS, hs_mode(3), found_mode(1)
01-28 13:02:47.500  1588  1889 I SDM     : HWDeviceDRM::UpdateMixerAttributes: Mixer WxH 1080x2340-1 for Peripheral
01-28 13:02:47.501  1588  1889 I SDM     : HWCDisplay::SubmitDisplayConfig: Active configuration changed from config 0 to 9
01-28 13:02:47.504  1676  1892 I VSyncReactor: Current= 120, Period= 24, hwcPeriod= 24
01-28 13:02:47.504  1676  1676 I SurfaceFlinger: finalizeDisplayModeChange 4630947232161729154
01-28 13:02:47.967  2415  3134 D SemWifiEleStateTracker: Pressure Diff: -0.0036621094
01-28 13:02:47.968  2415  3134 D SemWifiEleStateTracker: Barometer value: Prev 886.17413 Current 886.1705 mSmallBaroDetected : false
01-28 13:02:48.002  1660  1693 E HeatmapThread: ECT Thread time in milliseconds: 1769594568
01-28 13:02:48.002  1660  1693 D HeatmapThread: !@ batteryplugType : 0
01-28 13:02:48.002  1660  1693 D HeatmapThread: !@ batteryLevel : 0  batteryTemperature : 0 
01-28 13:02:48.002  1660  1693 D HeatmapThread: !@ Heatmap currtime: 29493242
01-28 13:02:48.002  1660  1693 D HeatmapThread: !@ Heatmap prevtime: 29493227
01-28 13:02:48.002  1660  1693 D HeatmapThread: !@ Heatmap plugstarttime: 35791394
01-28 13:02:48.002  1660  1693 D HeatmapThread: !@ Heatmap prevv_dsoh_update_time: 29490849
01-28 13:02:48.003  1660  1693 E HeatmapThread: !@Could not open '/efs/FactoryApp/bsoh', errno = 13
01-28 13:02:48.003  1660  1693 E HeatmapThread: !@ CAM Could not access BSOH EFS
01-28 13:02:48.003  1660  1693 E HeatmapThread: !@ CAM New BSOH: 0
01-28 13:02:48.535  1557 31817 I sensors-hal: handle_sns_client_event:527, [2256] mag_sample_cal: ts=143630057696057 ns; cal = [30.863373, -10.124512, 3.101006], uncal = [-405.050659, -357.089813, -120.920967], bias = [-435.914032, -346.965302, -124.021973], status=3
01-28 13:02:48.708  1557 31819 I sensors-hal: handle_sns_std_sensor_event:138, [1138] Pressure 886.166, cal 0.000, sw_offset 0.450
01-28 13:02:48.712  1557 30597 I sensors-hal: handle_sns_client_event:185, auto_rotation_debug_2 mode,255, type,1,0 acc,0.347,-0.211,9.751, ar,0, ver,14, pedo,1,e,1,i,3
01-28 13:02:48.772  1157  1157 D io_stats: !@   8,0 r 10603134 214276221 w 2895462 45455784 d 814138 38458052 f 0 286741 iot 4684060 0 th 0 0 0 pt 0 inp 0 0 41035.190
01-28 13:02:48.773  1157  1157 D io_stats: !@ Write_top(KB): kworker/u16:12(30354) 668 android.hardwar(1555) 8 ugin:persistent(7363) 8
01-28 13:02:48.967  2415  2939 D ActivityManager: Received BROADCAST intent 0xcbb3bf6 Key{broadcastIntent pkg=com.google.android.gms/com.google.android.gms.wearable intent=act=com.google.android.gms.wearable.node.bluetooth.RETRY_CONNECTION dat=content://AC:80:FB:88:87:95/... xflg=0x4 pkg=com.google.android.gms flags=0x4000000 u=0} requestCode=1 sent=0 from uid 1000
01-28 13:02:48.976 18510 18968 I WearableConn: Connecting to "Galaxy Watch6 Classic (3W1A)"
01-28 13:02:48.978 18510 18968 I BluetoothSocket: connect() for device XX:XX:XX:XX:87:95 called by pid: 18510
01-28 13:02:48.980  3648  7676 I BluetoothSocketManagerBinder: connectSocket: device=XX:XX:XX:XX:87:95, type=1, uuid=5e8945b0-9525-11e3-a5e2-0800200c9a66, port=-1, from uid/pid=10233/18510
01-28 13:02:48.980  3648  7676 I bt_btif_sock: system/btif/src/btif_sock.cc:233 btsock_connect: Attempting socket connection for device: xx:xx:xx:xx:87:95, type: 1, channel: -1, app_uid: 10233, data_path: 0, hub_id: 0, endpoint_id: 0, max_rx_packet_size: 0
01-28 13:02:48.981  3648  7676 I bt_btif_sock_rfcomm: system/btif/src/btif_sock_rfc.cc:494 btsock_rfc_connect: service_uuid:5e8945b0-9525-11e3-a5e2-0800200c9a66, bd_addr:xx:xx:xx:xx:87:95, slot_id:606
01-28 13:02:48.981  3648  4058 W l2c_link: system/stack/l2cap/l2c_link.cc:689 l2c_link_adjust_allocation: link_xmit_data_q is null
01-28 13:02:48.982  3648  4065 W btm_acl : system/stack/acl/btm_acl.cc:1698 BTM_ReadRemoteVersion: Unable to find active acl
01-28 13:02:48.982 18510 18968 I BluetoothSocket: connect(), SocketState: INIT, mPfd: {ParcelFileDescriptor: java.io.FileDescriptor@1a7cbf9}
01-28 13:02:48.982  3648  4058 I bluetooth: system/bta/jv/bta_jv_act.cc:913 bta_jv_start_discovery: Started service discovery bd_addr:xx:xx:xx:xx:87:95 num_uuid:1 rfcomm_slot_id:606
01-28 13:02:48.982 11330 11378 V CpEventLog(u0): [P] cp_state: [                 contacts = {contacts=677, raw_contacts=1487, data=7134, account={secphone(1)=0, google(2)=611, sim(3)=148, sim2(4)=0, agg(5)=0, samsung(6)=0, whatsapp(8)=491, duo(11)=49, com.facebook.messenger(12)=12, duo(17)=176, com.facebook.auth.login(29)=0, com.facebook.auth.login(30)=0, www.instagram.com(44)=0, mobileservice(48)=0, tr.gov.msrs(49)=0}, trash=1, trash_acc={google=1}, trash_sync=0, database=contacts2.db} ]
01-28 13:02:48.982 11330 11378 V CpEventLog(u0): [P] cp_state: [               aggregated = {[2,11]=1, [2,12]=1, [2,17,8]=2, [2,17]=7, [2,2,3,8,17]=2, [2,2,3]=1, [2,2,8,17]=1, [2,3,17]=1, [2,3,8,11]=1, [2,3,8,12]=1, [2,3,8,17]=17, [2,3,8]=24, [2,3]=31, [2,8,11,12]=2, [2,8,11]=40, [2,8,12,17]=1, [2,8,12]=2, [2,8,17,12]=2, [2,8,17]=133, [2,8,8,11]=1, [2,8]=233, [2]=102, [3,17,12]=1, [3,17]=1, [3,8,11]=4, [3,8,12,17]=1, [3,8,12]=1, [3,8,17]=6, [3,8]=14, [3]=42, [8,17]=1, [8,2]=1} ]
01-28 13:02:48.982 11330 11378 V CpEventLog(u0): [P] cp_state: [                  request = {} ]
01-28 13:02:48.982 11330 11378 V CpEventLog(u0): [P] cp_state: [                    calls = {types={[100]=1, [300]=500, [1000]=403, [1150]=1}, database=calllog.db} ]
01-28 13:02:48.982 11330 11378 V CpEventLog(u0): [P] cp_state: [                  profile = {contacts=0, raw_contacts=0, data=0, account={secphone(1)=0, google(2)=0, sim(3)=0, sim2(4)=0, agg(5)=0, samsung(6)=0, whatsapp(8)=0, duo(11)=0, com.facebook.messenger(12)=0, duo(17)=0, com.facebook.auth.login(29)=0, com.facebook.auth.login(30)=0, www.instagram.com(44)=0, mobileservice(48)=0, tr.gov.msrs(49)=0}, trash=0, trash_acc={}, trash_sync=0, database=profile.db} ]
01-28 13:02:48.982 11330 11378 V CpEventLog(u0): [P] cp_state: [               sa_profile = {contacts=1, raw_contacts=1, data=0, account={secphone(1)=1, google(2)=0, sim(3)=0, sim2(4)=0, agg(5)=0, samsung(6)=0, whatsapp(8)=0, duo(11)=0, com.facebook.messenger(12)=0, duo(17)=0, com.facebook.auth.login(29)=0, com.facebook.auth.login(30)=0, www.instagram.com(44)=0, mobileservice(48)=0, tr.gov.msrs(49)=0}, trash=0, trash_acc={}, trash_sync=0, database=profile_sa.db} ]
01-28 13:02:48.982 11330 11378 V CpEventLog(u0): [P] cp_state: [                      etc = {binders=0, country_iso=TR, version=15.6.28, db_version=2000, db_size=5, db_wal_size=0, csc=/, sec_enabled=false, is_roaming=false} ]
01-28 13:02:48.982 11330 11378 V CpEventLog(u0): [P] cp_state: ------------------------------------------------------------------------------
01-28 13:02:48.983  3648  4065 W bluetooth: system/gd/hci/acl_manager/acl_scheduler.cc:211 try_dequeue_next_operation: Pending connections is not empty; so sending next connection
01-28 13:02:48.983  3648  4065 W bluetooth: system/gd/hci/acl_manager/classic_impl.h:347 actually_create_connection: xx:xx:xx:xx:87:95 EnqueueCommand (classic_link)
01-28 13:02:48.983  1543  1543 D vendor.qti.bluetooth@1.0-ibs_handler: SerialClockVote: vote for UART CLK ON
01-28 13:02:48.984  1543  1543 D vendor.qti.bluetooth@1.0-wake_lock: Acquire wakelock is acquired 
01-28 13:02:48.984  1543  1543 I vendor.qti.bluetooth@1.0-ibs_handler: DeviceWakeUp: Writing IBS_WAKE_IND
01-28 13:02:48.990  1543  4350 I vendor.qti.bluetooth@1.0-ibs_handler: ProcessIbsCmd: Received IBS_WAKE_ACK: 0xFC
01-28 13:02:48.990  1543  4350 I vendor.qti.bluetooth@1.0-ibs_handler: ProcessIbsCmd: Signal wack_cond_
01-28 13:02:48.990  1543  1543 D vendor.qti.bluetooth@1.0-ibs_handler: DeviceWakeUp: Unblocked from waiting for FC, pthread_cond_timedwait ret = 0
01-28 13:02:48.990  1543  4350 I vendor.qti.bluetooth@1.0-ibs_handler: ProcessIbsCmd: Received IBS_WAKE_IND: 0xFD
01-28 13:02:48.990  1543  4350 I vendor.qti.bluetooth@1.0-ibs_handler: ProcessIbsCmd: Writing IBS_WAKE_ACK
01-28 13:02:49.001  1660  1693 E HeatmapThread: ECT Thread time in milliseconds: 1769594569
01-28 13:02:49.001  1660  1693 D HeatmapThread: !@ batteryplugType : 0
01-28 13:02:49.001  1660  1693 D HeatmapThread: !@ batteryLevel : 0  batteryTemperature : 0 
01-28 13:02:49.002  1660  1693 D HeatmapThread: !@ Heatmap currtime: 29493242
01-28 13:02:49.002  1660  1693 D HeatmapThread: !@ Heatmap prevtime: 29493227
01-28 13:02:49.002  1660  1693 D HeatmapThread: !@ Heatmap plugstarttime: 35791394
01-28 13:02:49.002  1660  1693 D HeatmapThread: !@ Heatmap prevv_dsoh_update_time: 29490849
01-28 13:02:49.002  1660  1693 E HeatmapThread: !@Could not open '/efs/FactoryApp/bsoh', errno = 13
01-28 13:02:49.002  1660  1693 E HeatmapThread: !@ CAM Could not access BSOH EFS
01-28 13:02:49.002  1660  1693 E HeatmapThread: !@ CAM New BSOH: 0
01-28 13:02:49.043  1543  4350 I vendor.qti.bluetooth@1.0-ibs_handler: ProcessIbsCmd: Received IBS_SLEEP_IND: 0xFE
01-28 13:02:49.111  1557 31773 I sensors-hal: handle_sns_client_event:550, [0][12519] accel_sample [ 0.293, -0.305,  9.775] 143630596726109
01-28 13:02:49.300  3200  3333 D SatelliteController: isInCarrierRoamingNbIotNtn: satellite is disabled
01-28 13:02:49.307  3278  3278 I EPDG -- SIM0 [SMARTCELLULAR]: onSignalStrengthsChanged: SignalStrength:{mCdma=Invalid,mGsm=Invalid,mWcdma=Invalid,mTdscdma=Invalid,mLte=CellSignalStrengthLte: rssi=-67 rsrp=-101 rsrq=-17 rssnr=8 cqiTableIndex=2147483647 cqi=2147483647 ta=2147483647 level=3 parametersUseForLevel=0,mNr=Invalid,SignalBarInfo{ lteLevel=2 },rat=14,primary=CellSignalStrengthLte}
01-28 13:02:49.308  3278  3689 I EPDG -- SIM0 [SMARTCELLULAR]: lastLteRSRP is -101 currentLteRSRP is -101 lastLteRSRQ is -16 currentLteRSRQ is -17 lastLteSNR is 8 currentLteSNR is 8
01-28 13:02:49.619 18510 31879 I NearbyMediums: No BLE Fast/GATT advertisements found in the latest cycle.
01-28 13:02:49.619 18510 31879 I NearbyMediums: Current Tracked Scanning Clients are : {NearbyConnections.EnvironmentMonitor, NearbySharing, NearbyConnections.TxAdvertisement}
01-28 13:02:49.802  2415  3007 D WifiStaIfaceHidlImpl: getCachedScanData is not implemented by HIDL
01-28 13:02:49.808  2415  5153 D SemWifiUsabilityStatsMonitor: onWifiUsabilityStats - seqNum 5492, isSameBssidAndFreq true
01-28 13:02:49.975 18510 31879 E WakeLock: WearableBluetooth ** IS FORCE-RELEASED ON TIMEOUT ** [CONTEXT service_id=259 ]
01-28 13:02:49.990  1543  4352 I vendor.qti.bluetooth@1.0-ibs_handler: DeviceSleep: TX Awake, Sending SLEEP_IND
01-28 13:02:49.990  1543  4352 D vendor.qti.bluetooth@1.0-ibs_handler: SerialClockVote: vote for UART CLK OFF
01-28 13:02:50.000  2415  3134 D SemWifiEleStateTracker: Pressure Diff: -0.012207031
01-28 13:02:50.000  2415  3134 D SemWifiEleStateTracker: Barometer value: Prev 886.1705 Current 886.15826 mSmallBaroDetected : false
01-28 13:02:50.001  1660  1693 E HeatmapThread: ECT Thread time in milliseconds: 1769594570
01-28 13:02:50.001  1660  1693 D HeatmapThread: !@ batteryplugType : 0
01-28 13:02:50.001  1660  1693 D HeatmapThread: !@ batteryLevel : 0  batteryTemperature : 0 
01-28 13:02:50.002  1660  1693 D HeatmapThread: !@ Heatmap currtime: 29493242
01-28 13:02:50.002  1660  1693 D HeatmapThread: !@ Heatmap prevtime: 29493227
01-28 13:02:50.002  1660  1693 D HeatmapThread: !@ Heatmap plugstarttime: 35791394
01-28 13:02:50.002  1660  1693 D HeatmapThread: !@ Heatmap prevv_dsoh_update_time: 29490849
01-28 13:02:50.002  1660  1693 E HeatmapThread: !@Could not open '/efs/FactoryApp/bsoh', errno = 13
01-28 13:02:50.003  1660  1693 E HeatmapThread: !@ CAM Could not access BSOH EFS
01-28 13:02:50.003  1660  1693 E HeatmapThread: !@ CAM New BSOH: 0
01-28 13:02:50.142  1543  4072 D vendor.qti.bluetooth@1.0-wake_lock: Release wakelock is released 
01-28 13:02:50.394  1557 30599 I sensors-hal: handle_sns_std_sensor_event:311, [SSC_LIGHT] P: 10(10),m:7,c:72,b:71,c0:1024,l:10,f(r):76,u(bl):100,j:6
01-28 13:02:50.532  1557 31817 I sensors-hal: handle_sns_client_event:527, [2276] mag_sample_cal: ts=143632057696057 ns; cal = [31.553314, -10.768677, 3.224525], uncal = [-404.360718, -357.733978, -120.797447], bias = [-435.914032, -346.965302, -124.021973], status=3
01-28 13:02:50.584  8816  8822 I xsoft.ezanvakti: Background young concurrent mark compact GC freed 18MB AllocSpace bytes, 59(5356KB) LOS objects, 83% free, 4856KB/28MB, paused 768us,3.531ms total 113.811ms
01-28 13:02:50.710  1557 31819 I sensors-hal: handle_sns_std_sensor_event:138, [1148] Pressure 886.161, cal 0.000, sw_offset 0.450
01-28 13:02:50.775  1157  1157 D io_stats: !@   8,0 r 10603142 214276313 w 2895462 45455784 d 814138 38458052 f 0 286741 iot 4684080 0 th 0 0 0 pt 0 inp 0 0 41037.193
01-28 13:02:50.798  3200  3333 D SatelliteController: isInCarrierRoamingNbIotNtn: satellite is disabled
01-28 13:02:50.802  3278  3278 I EPDG -- SIM0 [SMARTCELLULAR]: onSignalStrengthsChanged: SignalStrength:{mCdma=Invalid,mGsm=Invalid,mWcdma=Invalid,mTdscdma=Invalid,mLte=CellSignalStrengthLte: rssi=-67 rsrp=-101 rsrq=-16 rssnr=8 cqiTableIndex=2147483647 cqi=2147483647 ta=2147483647 level=3 parametersUseForLevel=0,mNr=Invalid,SignalBarInfo{ lteLevel=2 },rat=14,primary=CellSignalStrengthLte}
01-28 13:02:50.804  3278  3689 I EPDG -- SIM0 [SMARTCELLULAR]: lastLteRSRP is -101 currentLteRSRP is -101 lastLteRSRQ is -17 currentLteRSRQ is -16 lastLteSNR is 8 currentLteSNR is 8
01-28 13:02:51.001  1660  1693 E HeatmapThread: ECT Thread time in milliseconds: 1769594571
01-28 13:02:51.001  1660  1693 D HeatmapThread: !@ batteryplugType : 0
01-28 13:02:51.001  1660  1693 D HeatmapThread: !@ batteryLevel : 0  batteryTemperature : 0 
01-28 13:02:51.002  1660  1693 D HeatmapThread: !@ Heatmap currtime: 29493242
01-28 13:02:51.002  1660  1693 D HeatmapThread: !@ Heatmap prevtime: 29493227
01-28 13:02:51.002  1660  1693 D HeatmapThread: !@ Heatmap plugstarttime: 35791394
01-28 13:02:51.002  1660  1693 D HeatmapThread: !@ Heatmap prevv_dsoh_update_time: 29490849
01-28 13:02:51.002  1660  1693 E HeatmapThread: !@Could not open '/efs/FactoryApp/bsoh', errno = 13
01-28 13:02:51.003  1660  1693 E HeatmapThread: !@ CAM Could not access BSOH EFS
01-28 13:02:51.003  1660  1693 E HeatmapThread: !@ CAM New BSOH: 0
01-28 13:02:51.106  1557 31773 I sensors-hal: handle_sns_client_event:550, [0][12626] accel_sample [ 0.355, -0.224,  9.753] 143632611355172
01-28 13:02:51.451  6045  7275 I SDHMS:x : SIOP:: AP:264 BAT:261 USB:265 CHG:268 PA:287 WIFI:264 CF:258 BLK:0 SUBBAT:0 SKIN:271 SKINF:270 SKINB:271 LRP:271 LRP2:271 LRF2:270 LRB2:271 AP2:271 CHG2:271 WIFI2:270 UANT2:268 RCV2:269 SPK2:278 FCAM:265 UPSPK:260 DNSPK:264 AMB:241 AVGCUR:325 AVGSYS:194 POWER:1296
01-28 13:02:52.001  1660  1693 E HeatmapThread: ECT Thread time in milliseconds: 1769594572
01-28 13:02:52.001  1660  1693 D HeatmapThread: !@ batteryplugType : 0
01-28 13:02:52.001  1660  1693 D HeatmapThread: !@ batteryLevel : 0  batteryTemperature : 0 
01-28 13:02:52.002  1660  1693 D HeatmapThread: !@ Heatmap currtime: 29493242
01-28 13:02:52.002  1660  1693 D HeatmapThread: !@ Heatmap prevtime: 29493227
01-28 13:02:52.002  1660  1693 D HeatmapThread: !@ Heatmap plugstarttime: 35791394
01-28 13:02:52.002  1660  1693 D HeatmapThread: !@ Heatmap prevv_dsoh_update_time: 29490849
01-28 13:02:52.002  1660  1693 E HeatmapThread: !@Could not open '/efs/FactoryApp/bsoh', errno = 13
01-28 13:02:52.002  1660  1693 E HeatmapThread: !@ CAM Could not access BSOH EFS
01-28 13:02:52.002  1660  1693 E HeatmapThread: !@ CAM New BSOH: 0
01-28 13:02:52.055  2415  3134 D SemWifiEleStateTracker: Pressure Diff: 0.0059814453
01-28 13:02:52.055  2415  3134 D SemWifiEleStateTracker: Barometer value: Prev 886.15826 Current 886.16425 mSmallBaroDetected : false
01-28 13:02:52.094  2415  3062 D UsbStatsMonitor: 0 0 0 0 0 0 0 0 0 0 0 0 4 0 0 0 0 0 0 0 0 0 0 0 0 0 0 0 0 0 0 0 0 0 0 0 0 0 0 0 0 0 0 0 0 0 0 0 0 0 0 0 0 0 70841190580250
01-28 13:02:52.407  2415  4439 I NSLocationMonitor: getGPSUsingApps() called
01-28 13:02:52.408  4436  7926 I NSLocationManager_FLP: getGPSUsingApps, No change
01-28 13:02:52.422  2415  4439 D FreecessHandler: freeze com.synapsenotes.ai(10428) result : 2
01-28 13:02:52.536  1557 31817 I sensors-hal: handle_sns_client_event:527, [2296] mag_sample_cal: ts=143634057696057 ns; cal = [32.261627, -11.177032, 4.167381], uncal = [-403.652405, -358.142334, -119.854591], bias = [-435.914032, -346.965302, -124.021973], status=3
01-28 13:02:52.707  1557 31819 I sensors-hal: handle_sns_std_sensor_event:138, [1158] Pressure 886.162, cal 0.000, sw_offset 0.450
01-28 13:02:52.740  3201  3201 I wpa_supplicant: Heartbeat 7446
01-28 13:02:52.778  1157  1157 D io_stats: !@   8,0 r 10603142 214276313 w 2895512 45456060 d 814166 38458332 f 0 286745 iot 4684104 0 th 0 0 0 pt 0 inp 0 0 41039.196
01-28 13:02:52.778  1157  1157 D io_stats: !@ Read_top(KB): loop7(1314) 84 xsoft.ezanvakti(8816) 8
01-28 13:02:52.779  1157  1157 D io_stats: !@ Write_top(KB): kworker/u16:5(30350) 56 f2fs_ckpt-254:5(1249) 56 init(1) 28
01-28 13:02:52.850  2415  3007 D WifiStaIfaceHidlImpl: getCachedScanData is not implemented by HIDL
01-28 13:02:52.854  2415  5153 D SemWifiUsabilityStatsMonitor: onWifiUsabilityStats - seqNum 5493, isSameBssidAndFreq true
01-28 13:02:53.001  1660  1693 E HeatmapThread: ECT Thread time in milliseconds: 1769594573
01-28 13:02:53.002  1660  1693 D HeatmapThread: !@ batteryplugType : 0
01-28 13:02:53.002  1660  1693 D HeatmapThread: !@ batteryLevel : 0  batteryTemperature : 0 
01-28 13:02:53.002  1660  1693 D HeatmapThread: !@ Heatmap currtime: 29493242
01-28 13:02:53.002  1660  1693 D HeatmapThread: !@ Heatmap prevtime: 29493227
01-28 13:02:53.002  1660  1693 D HeatmapThread: !@ Heatmap plugstarttime: 35791394
01-28 13:02:53.002  1660  1693 D HeatmapThread: !@ Heatmap prevv_dsoh_update_time: 29490849
01-28 13:02:53.003  1660  1693 E HeatmapThread: !@Could not open '/efs/FactoryApp/bsoh', errno = 13
01-28 13:02:53.003  1660  1693 E HeatmapThread: !@ CAM Could not access BSOH EFS
01-28 13:02:53.003  1660  1693 E HeatmapThread: !@ CAM New BSOH: 0
01-28 13:02:53.046 32400 32497 E msgr.msys: E[N mns]_OnDiskCacheGetData(632)=>Start post callback cache refresh DNS resolution
01-28 13:02:53.051  2415  3160 D NetdEventListenerService: DNS Requested by 131, 10350(com.facebook.orca), 4(FAIL), isBlocked=true, 0ms
01-28 13:02:53.055 32400 32497 E msgr.msys: E[N mns]_LogError(228)=>Failed to resolve using system DNS resolver, getaddrinfo(): No address associated with hostname
01-28 13:02:53.056 32400 32497 E msgr.msys: E[N mns]_OnDiskCacheGetData(632)=>Start post callback cache refresh DNS resolution
01-28 13:02:53.059 32400 32497 E msgr.msys: E[N mns]_OnDiskCacheGetData(632)=>Start post callback cache refresh DNS resolution
01-28 13:02:53.059 32400 32497 E msgr.msys: E[N mns]_OnDiskCacheGetData(632)=>Start post callback cache refresh DNS resolution
01-28 13:02:53.059 32400 32497 E msgr.msys: E[N mns]_LogError(228)=>Failed to resolve using system DNS resolver, getaddrinfo(): No address associated with hostname
01-28 13:02:53.059  2415  3160 D NetdEventListenerService: DNS Requested by 131, 10350(com.facebook.orca), 4(FAIL), isBlocked=true, 0ms
01-28 13:02:53.061  2415  3160 D NetdEventListenerService: DNS Requested by 131, 10350(com.facebook.orca), 4(FAIL), isBlocked=true, 0ms
01-28 13:02:53.062  2415  3160 D NetdEventListenerService: DNS Requested by 131, 10350(com.facebook.orca), 4(FAIL), isBlocked=true, 0ms
01-28 13:02:53.067 32400 32497 E msgr.msys: E[N mns]_LogError(228)=>Failed to resolve using system DNS resolver, getaddrinfo(): No address associated with hostname
01-28 13:02:53.068 32400 32497 E msgr.msys: E[N mns]_LogError(228)=>Failed to resolve using system DNS resolver, getaddrinfo(): No address associated with hostname
01-28 13:02:53.110  1557 31773 I sensors-hal: handle_sns_client_event:550, [0][12733] accel_sample [ 0.331, -0.382,  9.798] 143634625984859
01-28 13:02:53.483 18510 18551 W Settings: Setting airplane_mode_on has moved from android.provider.Settings.System to android.provider.Settings.Global, returning read-only value.
01-28 13:02:53.487  1557  1557 I sensors-hal: set_config:61, sample_period_ns is adjusted to 100000000 based on min/max delay_ns
01-28 13:02:53.488  1557  1557 I sensors-hal: send_sensor_config_request:508, resampler is used, set resampler config
01-28 13:02:53.488  1557  1557 I sensors-hal: send_sync_sensor_request:448, send sync request
01-28 13:02:53.488  1557  1557 I sensors-hal: send_sync_sensor_request:474, wait for notification of response
01-28 13:02:53.491  1557 31819 I sensors-hal: ssc_conn_resp_cb:833, resp_value = 0
01-28 13:02:53.491  1557  1557 I sensors-hal: send_sync_sensor_request:480, takes 3 ms to receive the response with 0
01-28 13:02:53.491  1557  1557 I sensors-hal: batch:511, android.sensor.pressure/61, period=100000000, max_latency=0 request completed
01-28 13:02:53.491  1557  1557 I sensors-hal: flush:531, android.sensor.pressure/61
01-28 13:02:53.491  1557  1557 I sensors-hal: send_sync_sensor_request:448, send sync request
01-28 13:02:53.492  1557  1557 I sensors-hal: send_sync_sensor_request:474, wait for notification of response
01-28 13:02:53.494  1557 31819 I sensors-hal: ssc_conn_resp_cb:833, resp_value = 0
01-28 13:02:53.494  1557  1557 I sensors-hal: send_sync_sensor_request:480, takes 2 ms to receive the response with 0
01-28 13:02:53.494  1557  1557 I sensors-hal: flush:537, android.sensor.pressure/61 completed
01-28 13:02:53.495 18510 18590 D SensorManager: registerListener :: 61, lps22hh Pressure Sensor Non-wakeup, 100000, 0, 
01-28 13:02:53.495  1557  1557 I sensors-hal: flush:531, android.sensor.accelerometer/11
01-28 13:02:53.495  1557  1557 I sensors-hal: send_sync_sensor_request:448, send sync request
01-28 13:02:53.495  1557  1557 I sensors-hal: send_sync_sensor_request:474, wait for notification of response
01-28 13:02:53.497  1557 31773 I sensors-hal: ssc_conn_resp_cb:833, resp_value = 0
01-28 13:02:53.497  1557  1557 I sensors-hal: send_sync_sensor_request:480, takes 2 ms to receive the response with 0
01-28 13:02:53.497  1557  1557 I sensors-hal: flush:537, android.sensor.accelerometer/11 completed
01-28 13:02:53.501  1968  1968 W wificond: Failed to get NL80211_ATTR_MAX_NUM_AKM_SUITES
01-28 13:02:53.501  1968  1968 W wificond: Failed to get NL80211_ATTR_MAX_NUM_AKM_SUITES
01-28 13:02:53.502  1968  1968 W wificond: Failed to get NL80211_ATTR_MAX_NUM_AKM_SUITES
01-28 13:02:53.507  2415  3095 D SemCellularStateManager: onCellInfoChanged: cellInfoList Number of cell: 10
01-28 13:02:53.507  2415  3095 D SemCellularStateManager: onCellInfoChanged: Registered = true, mCellularCellId = 17050419
01-28 13:02:53.509  3427  3427 I TelephonyCallbackForPdnController<0>: onCellInfoChanged: xxxxx
01-28 13:02:53.509  3427  3427 I ImsCallSessionManager: onCellInfoChanged, phoneId: 0
01-28 13:02:53.509  3427  3487 I RegiMgr-Handler: handleMessage: EVENT_CELL_INFO_CHANGED
01-28 13:02:53.510  3427  3487 I RegiMgr<0>: updatePani RegisterTask[0][mProfile=Vodafone Turkey VoLTE, mRegistrationRat=13, mPdnType=11, mState=REGISTERED, mObject=UserAgent - :
01-28 13:02:53.510  3427  3487 I RegiMgr<0>:  total records=1472
01-28 13:02:53.510  3427  3487 I RegiMgr<0>:  rec[0]: time=01-28 12:37:12.980 processed=ReadyState org=RegisteredState dest=<null> what=50(0x32)
01-28 13:02:53.510  3427  3487 I RegiMgr<0>:  rec[1]: time=01-28 12:37:12.982 processed=RegisteredState org=RegisteredState dest=<null> what=2000(0x7d0)
01-28 13:02:53.510  3427  3487 I RegiMgr<0>:  rec[2]: time=01-28 12:37:13.009 processed=ReadyState org=RegisteredState dest=<null> what=34(0x22)
01-28 13:02:53.510  3427  3487 I RegiMgr<0>:  rec[3]: time=01-28 12:37:13.010 processed=RegisteredState org=RegisteredState dest=<null> what=2000(0x7d0)
01-28 13:02:53.510  3427  3487 I RegiMgr<0>:  rec[4]: time=01-28 12:38:08.070 processed=ReadyState org=RegisteredState dest=<null> what=34(0x22)
01-28 13:02:53.510  3427  3487 I RegiMgr<0>:  rec[5]: time=01-28 12:38:08.071 processed=RegisteredState org=RegisteredState dest=<null> what=2000(0x7d0)
01-28 13:02:53.510  3427  3487 I RegiMgr<0>:  rec[6]: time=01-28 12:40:02.052 processed=ReadyState org=RegisteredState dest=<null> what=34(0x22)
01-28 13:02:53.510  3427  3487 I RegiMgr<0>:  rec[7]: time=01-28 12:40:02.069 processed=RegisteredState org=RegisteredState dest=<null> what=2000(0x7d0)
01-28 13:02:53.510  3427  3487 I RegiMgr<0>:  rec[8]: time=01-28 12:42:02.721 processed=ReadyState org=RegisteredState dest=<null> what=34(0x22)
01-28 13:02:53.510  3427  3487 I RegiMgr<0>:  rec[9]: time=01-28 12:42:02.723 processed=RegisteredState org=RegisteredState dest=<null> what=2000(0x7d0)
01-28 13:02:53.510  3427  3487 I RegiMgr<0>:  rec[10]: time=01-28 12:44:05.363 processed=ReadyState org=RegisteredState dest=<null> what=34(0x22)
01-28 13:02:53.510  3427  3487 I RegiMgr<0>:  rec[11]: time=01-28 12:44:05.365 processed=RegisteredState org=RegisteredState dest=<null> what=2000(0x7d0)
01-28 13:02:53.510  3427  3487 I RegiMgr<0>:  rec[12]: time=01-28 12:46:07.379 processed=ReadyState org=RegisteredState dest=<null> what=34(0x22)
01-28 13:02:53.510  3427  3487 I RegiMgr<0>:  rec[13]: time=01-28 12:46:07.380 processed=RegisteredState org=RegisteredState dest=<null> what=2000(0x7d0)
01-28 13:02:53.510  3427  3487 I RegiMgr<0>:  rec[14]: time=01-28 12:48:09.399 processed=ReadyState org=RegisteredState dest=<null> what=34(0x22)
01-28 13:02:53.510  3427  3487 I RegiMgr<0>:  rec[15]: time=01-28 12:48:09.401 processed=RegisteredState org=RegisteredState dest=<null> what=2000(0x7d0)
01-28 13:02:53.510  3427  3487 I RegiMgr<0>:  rec[16]: time=01-28 12:58:16.208 processed=ReadyState org=RegisteredState dest=<null> what=34(0x22)
01-28 13:02:53.510  3427  3487 I RegiMgr<0>:  rec[17]: time=01-28 12:58:16.245 processed=RegisteredState org=RegisteredState dest=<null> what=2000(0x7d0)
01-28 13:02:53.510  3427  3487 I RegiMgr<0>:  rec[18]: time=01-28 13:00:53.433 processed=ReadyState org=RegisteredState dest=<null> what=34(0x22)
01-28 13:02:53.510  3427  3487 I RegiMgr<0>:  rec[19]: time=01-28 13:00:53.447 processed=RegisteredState org=RegisteredState dest=<null> what=2000(0x7d0)
01-28 13:02:53.510  3427  3487 I RegiMgr<0>: curState=RegisteredState
01-28 13:02:53.510  3427  3487 I RegiMgr<0>: , mReason=, mPcscfHostname=null, mDeregiReason=41]
01-28 13:02:53.511  3427  3487 I PaniGenerator<0>: generate: subId=1, network=13, pdn=11
01-28 13:02:53.511  3427  3487 I PaniGenerator<0>: generate: network=13, fallbackPlmn=28602
01-28 13:02:53.511  3427  3487 I PdnController<0>: getAllCellInfo mNeedCellLocationUpdate : false
01-28 13:02:53.511  3427  3487 I PaniGenerator: generate: change to NW PLMN(28602)
01-28 13:02:53.513  3427  3487 I UserAgent<0>: updatePani
01-28 13:02:53.514  3427  3487 I RegiMgr<0>: tryRegister:
01-28 13:02:53.514  3427  3585 I SECIMSJ : [1020]> 140
01-28 13:02:53.514  3427  3487 I RegiMgr<0>: RegisterTask(s): Vodafone Turkey VoLTE (REGISTERED, rat = 13, service = [mmtel-video, smsip, mmtel]), Global GC RCS (IDLE)
01-28 13:02:53.514  3427  3487 I RcsPolicyMgr<0>: pendingRcsRegister: mActiveDataPhoneId = 0
01-28 13:02:53.514  3427  3487 I RcsPolicyMgr<0>: pendingRcsRegister: mActiveDataPhoneId = 0
01-28 13:02:53.514  3427  3487 I RegisterTask: isSuspended: mSuspended(false) mSuspendByIrat(false)
01-28 13:02:53.514  3427  3487 I RegiMgr<0>: [Global GC RCS|IDLE] checkForTryRegister id: 1237
01-28 13:02:53.515  3427  3487 I PdnController: getDefaultNetworkBearer:  WIFI
01-28 13:02:53.515  3427  3597 I [IMS6.0]: IMS_onResponse()
01-28 13:02:53.515  3427  3597 I StackIF : processMessage 2
01-28 13:02:53.515  3427  3597 I StackIF : Processing Response
01-28 13:02:53.516  3427  3487 I RegistrationRatDecider<0>: findBestNetwork: WIFI
01-28 13:02:53.516  3427  3597 I SECIMSJ : [1020]< 600
01-28 13:02:53.516  3427  3597 I StackIF : processResponse: reqId 600
01-28 13:02:53.516  3427  3597 I StackIF : processResponse: handle 3733 result 0 reason 0
01-28 13:02:53.516  3427  3487 I RegiGvnBase<0>: isReadyToDualRegister: slot 1's call state: 0
01-28 13:02:53.516  3427  3487 I RegiGvnBase<0>: isReadyToDualRegister : true
01-28 13:02:53.518  3427  3487 I RegiMgr<0>: [Global GC RCS|IDLE] checkInitialRegistrationIsReady: APM ON [false], Roamimg [false]
01-28 13:02:53.518  3427  3487 I RcsPolicyMgr<0>: pendingRcsRegister: mActiveDataPhoneId = 0
01-28 13:02:53.519  3427  3487 I ImsProfile: carrierId : TUR isRttSupportByCallApp false
01-28 13:02:53.519  3427  3487 I ImsProfile: ttyType : 1
01-28 13:02:53.519  3427  3487 I RegiMgr-Utils<0>: getPriorityRegiedTask : isPriority  High? true
01-28 13:02:53.519  3427  3487 I RegiGvnBase: checkRegiStatus: getState()=IDLE mIsUpdateRegistering=false
01-28 13:02:53.519  3427  3487 I RegiMgr<0>: getTelephonyCallStatus:
01-28 13:02:53.520  3427  3487 I ConfigProvider: query uri:xxxxx
01-28 13:02:53.523  3427  3487 I ConfigProvider: queryStorage path content://com.samsung.rcs.autoconfigurationprovider/parameter/version#simslot0
01-28 13:02:53.527  3427  3487 I RegiGvnRcs: isReadyToRegister: Default MSG app isn't used for RCS
01-28 13:02:53.527  3427  3487 I RegiMgr<0>: [Global GC RCS|IDLE] checkForTryRegister: isReadyToRegister = false
01-28 13:02:53.537  2415  3849 W AppOps  : Noting op not finished: uid 10233 pkg com.google.android.gms code 113 startTime of in progress event=1769594304981
01-28 13:02:53.540  2415  3849 D ActivityManager: Received SERVICE intent 0x611bae Key{startService pkg=com.google.android.gms/com.google.android.gms.location_base intent=act=com.google.android.location.internal.action.AR_TRANSITION_RESULT xflg=0x4 pkg=com.google.android.gms cmp=com.google.android.gms/com.google.android.location.internal.PendingIntentCallbackService flags=0x2000000 u=0} requestCode=0 from uid 10233
01-28 13:02:53.541  2415  3849 W AppOps  : Noting op not finished: uid 10233 pkg com.google.android.gms code 113 startTime of in progress event=1769594304981
01-28 13:02:53.547  2415  4927 D ActivityManager: Received SERVICE intent 0xcbc6744 Key{startService pkg=com.google.android.gms/fused_location_provider intent=act=com.google.android.gms.location.util.nlp.RESULT cat=[targeted_intent_op_prefix:.location.util.nlp.NlpInternalApi$NlpReceiverIntentOperation] xflg=0x4 cmp=com.google.android.gms/.chimera.PersistentIntentOperationService flags=0x2000000 u=0} requestCode=1 from uid 10233
01-28 13:02:53.552  2415  4927 D ActivityManager: Received SERVICE intent 0xd06d33 Key{startService pkg=com.google.android.gms/fused_location_provider intent=act=com.google.android.location.internal.action.FLP_AR_RESULT xflg=0x4 pkg=com.google.android.gms cmp=com.google.android.gms/com.google.android.location.internal.PendingIntentCallbackService flags=0x2000000 u=0} requestCode=0 from uid 10233
01-28 13:02:53.553  2415  4927 W AppOps  : Noting op not finished: uid 10233 pkg com.google.android.gms code 113 startTime of in progress event=1769594304981
01-28 13:02:53.556  2415  4927 D ActivityManager: Received SERVICE intent 0x250a51 Key{startService pkg=com.google.android.gms/current_semantic_location intent=act=com.google.android.gms.semanticlocation.ACTION_ACTIVITY xflg=0x4 cmp=com.google.android.gms/.semanticlocation.service.SemanticLocationService flags=0x2000000 u=0} requestCode=0 from uid 10233
01-28 13:02:53.557  2415  3849 W AppOps  : Noting op not finished: uid 10233 pkg com.google.android.gms code 79 startTime of in progress event=1769594304981
01-28 13:02:53.559  2415  3849 D ActivityManager: Received BROADCAST intent 0x2475755 Key{broadcastIntent pkg=com.google.android.gms/com.google.android.gms.personalsafety intent=act=com.google.android.gms.personalsafety.scanners.ACTION_ACTIVITY_DETECTED xflg=0x4 pkg=com.google.android.gms flags=0x2000000 u=0} requestCode=0 sent=0 from uid 10233
01-28 13:02:53.560 18510 18551 I ActivityScheduler: nextTriggerTime: 143695092, in 60000ms, detectorType: 39, FULL_TYPE alarmWindowMillis: 7500
01-28 13:02:53.566 18510 18510 D BoundBrokerSvc: onRebind: Intent { act=com.google.android.gms.auth.aang.events.services.START dat=chimera-action:/... xflg=0x4 cmp=com.google.android.gms/.chimera.PersistentApiService }
01-28 13:02:54.001  1660  1693 E HeatmapThread: ECT Thread time in milliseconds: 1769594574
01-28 13:02:54.001  1660  1693 D HeatmapThread: !@ batteryplugType : 0
01-28 13:02:54.001  1660  1693 D HeatmapThread: !@ batteryLevel : 0  batteryTemperature : 0 
01-28 13:02:54.002  1660  1693 D HeatmapThread: !@ Heatmap currtime: 29493242
01-28 13:02:54.002  1660  1693 D HeatmapThread: !@ Heatmap prevtime: 29493227
01-28 13:02:54.002  1660  1693 D HeatmapThread: !@ Heatmap plugstarttime: 35791394
01-28 13:02:54.002  1660  1693 D HeatmapThread: !@ Heatmap prevv_dsoh_update_time: 29490849
01-28 13:02:54.002  1660  1693 E HeatmapThread: !@Could not open '/efs/FactoryApp/bsoh', errno = 13
01-28 13:02:54.002  1660  1693 E HeatmapThread: !@ CAM Could not access BSOH EFS
01-28 13:02:54.002  1660  1693 E HeatmapThread: !@ CAM New BSOH: 0
01-28 13:02:54.181  3266 29530 D ApfFilter: (wlan0): Ignoring RA RA fe80::42ed:ff:fe82:30dc -> ff02::1 1800s  which matches RA fe80::42ed:ff:fe82:30dc -> ff02::1 1800s 
01-28 13:02:54.393  2577  3193 I LOWI-9.0.1.67: [LOWI-Scan] lowi_close_record:Scan done in 143619350ms, 3 APs in scan results
01-28 13:02:54.394  2415  3849 D WifiNl80211Manager: Scan result ready event
01-28 13:02:54.396  2415  3849 D WifiNative: Scan result ready event
01-28 13:02:54.399  2415  3012 D WificondScannerImpl: Filtering out 1 scan results.
01-28 13:02:54.400  2415  3012 I WifiScanner: onFullResults
01-28 13:02:54.400  2415  3012 I WifiScanner: onFullResults
01-28 13:02:54.400  2415  3012 I WifiScanner: onFullResults
01-28 13:02:54.400 18510 18518 I WifiScanner: onFullResults
01-28 13:02:54.401 18510 19155 I WifiScanner: onFullResults
01-28 13:02:54.401 18510 18854 I WifiScanner: onFullResults
01-28 13:02:54.402  2415  3891 D SLocation: ReceiverPair - handleWifiScan - wifi scanned enter
01-28 13:02:54.402  2415  3891 D SLocation: ReceiverPair - ignore direction of location due to wifi, id = 1, reason = 500
01-28 13:02:54.402  2415  3891 I SLocation: ReceiverPairWithWifi - handle Wifi Scans ID = 45
01-28 13:02:54.402  2415  3891 I SLocation: ReceiverPairWithWifi - force set enter id=45 by wifi scan
01-28 13:02:54.402  2415  3891 D SLocation: ReceiverPair - ignore direction of location due to wifi, id = 45, reason = 500
01-28 13:02:54.402  2415  3891 I SLocation: ReceiverPairWithWifi - handle Wifi Scans ID = 46
01-28 13:02:54.402  2415  3891 I SLocation: ReceiverPairWithWifi - handle Wifi Scans ID = 47
01-28 13:02:54.403  2415  3891 D SLocation: LocationProviderStatus - try to update provider status (GPS/NLP)
01-28 13:02:54.403  2415  3891 D SLocation: LocationProviderStatus - set isGpsOn : true, isNlpOn : true
01-28 13:02:54.403  2415  3891 D SLocation: LocationProviderStatus - gps & nlp status not changed
01-28 13:02:54.403  2415  3891 D SLocation: GeofenceCoreManager - geofence core command pending size : 2
01-28 13:02:54.403  2415  3891 D SLocation: GeofenceCoreRecovery - removeGeofenceInfo id = 15000
01-28 13:02:54.403  2415  3891 D SLocation: SLocationCoreSem - send to coreSem, packet length : 3 / [17, 58, 152]
01-28 13:02:54.403  2415  3891 D SemContextLocationCoreAttribute: setAttribute() mode : 0 action : 23
01-28 13:02:54.403  2415  3891 D SemContextService: lock : changeParameters
01-28 13:02:54.403  2415  3891 D SemContext.CaeProvider.LocationCoreImpl: setAttribute() mode : 0 action : 23
01-28 13:02:54.403  2415  3891 W CAE     : setCAProperty(ContextAwareService.java:509) - [setProperty 01] Mutex is locked for SLOCATION_RUNNER
01-28 13:02:54.403  2415  3891 I CAE     : setPropertyValue(SLocationRunner.java:116) - SLocationRunner setProperty header : 17, len : 3
01-28 13:02:54.404  2415  2996 D SensorService: setSContextDataLocked ints length 3 , byte length 6
01-28 13:02:54.404  2415  2996 D SensorService: setSContextDataLocked 113717c1
01-28 13:02:54.405  1557  1557 I sensors-hal: inject_sensor_data:555, handle 1501 send inject
01-28 13:02:54.405  1557  1557 I sensors-hal: sendContextData:285, sensor hal 6, (0xc1, 0x17, 0x37, 0x11)
01-28 13:02:54.405  1557  1557 E sensors-hal: sendContextData:131, slocationcore h 193 m 23 s 55
01-28 13:02:54.405  1557  1557 I sensors-hal: sendUserData:117, slocationcore sendUserData
01-28 13:02:54.405  1557  1557 E sensors-hal: create_send_context_data:62, slocationcore create_send_context_data
01-28 13:02:54.405  1557  1557 I sensors-hal: send_context_data:618, slocationcore, 4986366670857974562, 1320970896291267344, msgid:700
01-28 13:02:54.406  2415  3891 W CAE     : setCAProperty(ContextAwareService.java:515) - [setProperty 02] Mutex is unlocked for SLOCATION_RUNNER
01-28 13:02:54.406  2415  3891 D SemContextService: unlock : changeParameters
01-28 13:02:54.406  2415  3891 D SemContextManager:   .changeParameters : listener = Z.i@c5b1fb7, service=SLocation Core
01-28 13:02:54.406  2415  3891 D SLocation: GeofenceCoreManager - geofence core command pending size : 1
01-28 13:02:54.406  2415  3891 D SLocation: GeofenceCoreRecovery - storeGeofenceInfo 1 id = 15000, radius = 11516
01-28 13:02:54.406  2415  3891 D SLocation: SLocationCoreSem - send to coreSem, packet length : 16 / [16, 58, 152, 23, 221, 224, 19, 19, 154, 209, 229, 0, 0, 44, 252, 1]
01-28 13:02:54.406  2415  3891 D SemContextLocationCoreAttribute: setAttribute() mode : 0 action : 23
01-28 13:02:54.406  2415  3891 D SemContextService: lock : changeParameters
01-28 13:02:54.406  2415  3891 D SemContext.CaeProvider.LocationCoreImpl: setAttribute() mode : 0 action : 23
01-28 13:02:54.406  2415  3891 W CAE     : setCAProperty(ContextAwareService.java:509) - [setProperty 01] Mutex is locked for SLOCATION_RUNNER
01-28 13:02:54.406  2415  3891 I CAE     : setPropertyValue(SLocationRunner.java:116) - SLocationRunner setProperty header : 16, len : 16
01-28 13:02:54.407  1557 13612 I sensors-hal: ssc_conn_resp_cb:833, resp_value = 0
01-28 13:02:54.408  1557 13612 E sensors-hal: handle_sns_client_event:76, slocationcore_event: msgid:1025
01-28 13:02:54.408  2415  2996 D SensorService: setSContextDataLocked ints length 6 , byte length 19
01-28 13:02:54.408  2415  2996 D SensorService: setSContextDataLocked 103717c1
01-28 13:02:54.408  1557  1557 I sensors-hal: inject_sensor_data:555, handle 1501 send inject
01-28 13:02:54.408  1557  1557 I sensors-hal: sendContextData:285, sensor hal 19, (0xc1, 0x17, 0x37, 0x10)
01-28 13:02:54.408  1557  1557 E sensors-hal: sendContextData:131, slocationcore h 193 m 23 s 55
01-28 13:02:54.408  1557  1557 I sensors-hal: sendUserData:117, slocationcore sendUserData
01-28 13:02:54.408  1557  1557 E sensors-hal: create_send_context_data:62, slocationcore create_send_context_data
01-28 13:02:54.408  1557  1557 I sensors-hal: send_context_data:618, slocationcore, 4986366670857974562, 1320970896291267344, msgid:700
01-28 13:02:54.409  2415  3891 W CAE     : setCAProperty(ContextAwareService.java:515) - [setProperty 02] Mutex is unlocked for SLOCATION_RUNNER
01-28 13:02:54.409  2415  3891 D SemContextService: unlock : changeParameters
01-28 13:02:54.409  2415  3891 D SemContextManager:   .changeParameters : listener = Z.i@c5b1fb7, service=SLocation Core
01-28 13:02:54.409  1557 13612 E sensors-hal: handle_sns_client_event:76, slocationcore_event: msgid:1025
01-28 13:02:54.410  2415  3095 D SemWifiScanPool: remove old scan results, size:1
01-28 13:02:54.411  1557 13612 I sensors-hal: ssc_conn_resp_cb:833, resp_value = 0
01-28 13:02:54.411  2415  3095 D SemWifiScanPool: countryCode: DE, count: 1, totalSamples: 2, rate: 50.0%
01-28 13:02:54.411  1557 13612 E sensors-hal: handle_sns_client_event:76, slocationcore_event: msgid:1025
01-28 13:02:54.411  2415  3095 V SemWifiScanPool: updateScanResult, full scan:2 configKeys: 2 pool_bssid:14 pool_configKeys:11
01-28 13:02:54.411  2415  3095 D WifiConnectivityMonitor: onScanResultUpdated
01-28 13:02:54.411  2415  3095 D WifiConnectivityMonitor: mMaxScannedCountryCode : 
01-28 13:02:54.412  2415  2990 D CAE     : onGetSensorHubData(SensorHubParserProvider.java:92) - onGetSensorHubData Event [event buffer len :56], AP_WAKEUP
01-28 13:02:54.413  2415  2990 I CAE     : parse(SensorHubParserProvider.java:188) - buffer size = 56
01-28 13:02:54.413  2415  2990 I CAE     : parse(SensorHubParserProvider.java:199) - 1, 1, 55, 0, 51, 5, 7, 2, 0, 0, 0, 0, 2, 38, 24, 56, 15, 5, 0, 0, 0, -56, 2, 38, 24, 56, 5, 1, 0, 0, 0, 100, 2, 38, 24, 56, 15, 5, 0, 0, 0, -56, 2, 38, 24, 56, 7, 2, 0, 0, 0, 9, 2, 38, 59, 96,
01-28 13:02:54.413  2415  2990 I CAE     : parse(SLocationRunner.java:88) - SLocationRunner parse start : 3
01-28 13:02:54.413  2415  2990 D CAE     : display(ContextProvider.java:375) - ================= SLOCATION_RUNNER =================
01-28 13:02:54.413  2415  2990 I CAE     : display(ContextProvider.java:391) - ExtraDataArray=[1, 1, 55, 0, 51, 5, 7, 2, 0, 0, 0, 0, 2, 38, 24, 56, 15, 5, 0, 0, 0, -56, 2, 38, 24, 56, 5, 1, 0, 0, 0, 100, 2, 38, 24, 56, 15, 5, 0, 0, 0, -56, 2, 38, 24, 56, 7, 2, 0, 0, 0, 9, 2, 38, 59, 96]
01-28 13:02:54.413  2415  2990 I CAE     : parse(SLocationRunner.java:96) - SLocationRunner parse end:56
01-28 13:02:54.413  2415  2990 D CAE     : onGetSensorHubData(SensorHubParserProvider.java:92) - onGetSensorHubData Event [event buffer len :10], AP_WAKEUP
01-28 13:02:54.413  2415  2990 I CAE     : parse(SensorHubParserProvider.java:188) - buffer size = 10
01-28 13:02:54.413  2415  2990 I CAE     : parse(SensorHubParserProvider.java:199) - 1, 1, 55, 0, 5, 2, 17, 0, 58, -104,
01-28 13:02:54.414  2415  2990 I CAE     : parse(SLocationRunner.java:88) - SLocationRunner parse start : 3
01-28 13:02:54.414  2415  2990 D CAE     : display(ContextProvider.java:375) - ================= SLOCATION_RUNNER =================
01-28 13:02:54.414  2415  2990 I CAE     : display(ContextProvider.java:391) - ExtraDataArray=[1, 1, 55, 0, 5, 2, 17, 0, 58, -104]
01-28 13:02:54.414  2415  2990 I CAE     : parse(SLocationRunner.java:96) - SLocationRunner parse end:10
01-28 13:02:54.415  2415  2987 D SemContextService: Service.updateContext() : service = SLocation Core
01-28 13:02:54.416  2415  2987 D SemContextService: Service.updateContext() : service = SLocation Core
01-28 13:02:54.416  2415  2415 D SemContextManager: onSemContextChanged() : event = SLocation Core
01-28 13:02:54.416  2415  2415 D SLocation: SensorHubWrapper - SemContextChanged type = 47, packet received
01-28 13:02:54.416  2415  2415 D SemContextManager: onSemContextChanged() : event = SLocation Core
01-28 13:02:54.416  2415  2415 D SLocation: SensorHubWrapper - SemContextChanged type = 47, packet received
01-28 13:02:54.416  2415  2990 D CAE     : onGetSensorHubData(SensorHubParserProvider.java:92) - onGetSensorHubData Event [event buffer len :10], AP_WAKEUP
01-28 13:02:54.417  2415  2990 I CAE     : parse(SensorHubParserProvider.java:188) - buffer size = 10
01-28 13:02:54.417  2415  2990 I CAE     : parse(SensorHubParserProvider.java:199) - 1, 1, 55, 0, 5, 2, 16, 0, 58, -104,
01-28 13:02:54.417  2415  2990 I CAE     : parse(SLocationRunner.java:88) - SLocationRunner parse start : 3
01-28 13:02:54.417  2415  2990 D CAE     : display(ContextProvider.java:375) - ================= SLOCATION_RUNNER =================
01-28 13:02:54.417  2415  2990 I CAE     : display(ContextProvider.java:391) - ExtraDataArray=[1, 1, 55, 0, 5, 2, 16, 0, 58, -104]
01-28 13:02:54.417  2415  2990 I CAE     : parse(SLocationRunner.java:96) - SLocationRunner parse end:10
